Archive member included to satisfy reference by file (symbol)

../libc/libc.a(minimal__workspace_build_sim_software_include_.._picolibc_src_libc_string_strncpy.o)
                              complete.o (strncpy)
../libc/libc.a(minimal__workspace_build_sim_software_include_.._picolibc_src_libc_string_strncmp.o)
                              complete.o (strncmp)
../libc/libc.a(minimal__workspace_build_sim_software_include_.._picolibc_src_libc_stdio_fgetc.o)
                              readline.o (getc)
../libc/libc.a(minimal__workspace_build_sim_software_include_.._picolibc_src_libc_stdio_fputc.o)
                              readline.o (fputc)
../libc/libc.a(minimal__workspace_build_sim_software_include_.._picolibc_src_libc_stdio_fputs.o)
                              helpers.o (fputs)
../libc/libc.a(minimal__workspace_build_sim_software_include_.._picolibc_src_libc_stdio_printf.o)
                              boot.o (printf)
../libc/libc.a(minimal__workspace_build_sim_software_include_.._picolibc_src_libc_stdio_puts.o)
                              cmd_bios.o (puts)
../libc/libc.a(minimal__workspace_build_sim_software_include_.._picolibc_src_libc_stdio_strtoul.o)
                              cmd_bios.o (strtoul)
../libc/libc.a(minimal__workspace_build_sim_software_include_.._picolibc_src_libc_machine_riscv_memcpy-asm.o)
                              boot.o (memcpy)
../libc/libc.a(minimal__workspace_build_sim_software_include_.._picolibc_src_libc_machine_riscv_memmove.o)
                              readline.o (memmove)
../libc/libc.a(minimal__workspace_build_sim_software_include_.._picolibc_src_libc_machine_riscv_strcmp.o)
                              helpers.o (strcmp)
../libc/libc.a(minimal__workspace_build_sim_software_include_.._picolibc_src_libc_machine_riscv_strcpy.o)
                              readline.o (strcpy)
../libc/libc.a(minimal__workspace_build_sim_software_include_.._picolibc_src_libc_machine_riscv_strlen.o)
                              complete.o (strlen)
../libc/libc.a(minimal__workspace_build_sim_software_include_.._picolibc_src_libc_stdio_vfiprintf.o)
                              ../libc/libc.a(minimal__workspace_build_sim_software_include_.._picolibc_src_libc_stdio_printf.o) (vfprintf)
../libc/libc.a(_libc_minimal.a)
                              readline.o (stdin)
../libc/libc.a(minimal__workspace_build_sim_software_include_.._picolibc_src_libc_errno_errno.o)
                              ../libc/libc.a(minimal__workspace_build_sim_software_include_.._picolibc_src_libc_stdio_strtoul.o) (errno)
../libc/libc.a(minimal__workspace_build_sim_software_include_.._picolibc_src_libc_string_strnlen.o)
                              ../libc/libc.a(minimal__workspace_build_sim_software_include_.._picolibc_src_libc_stdio_vfiprintf.o) (strnlen)
../libbase/libbase.a(crc16.o)
                              boot.o (crc16)
../libbase/libbase.a(crc32.o)
                              helpers.o (crc32)
../libbase/libbase.a(system.o)
                              boot.o (flush_l2_cache)
../libbase/libbase.a(memtest.o)
                              cmd_mem.o (memspeed)
../libbase/libbase.a(uart.o)  boot.o (uart_read)
../libbase/libbase.a(isr.o)   crt0.o (isr)
../liblitedram/liblitedram.a(utils.o)
                              main.o (print_size)
../libcompiler_rt/libcompiler_rt.a(divdi3.o)
                              ../liblitedram/liblitedram.a(utils.o) (__divdi3)
../libcompiler_rt/libcompiler_rt.a(udivmoddi4.o)
                              ../libcompiler_rt/libcompiler_rt.a(divdi3.o) (__udivmoddi4)
../libcompiler_rt/libcompiler_rt.a(clzsi2.o)
                              ../libcompiler_rt/libcompiler_rt.a(udivmoddi4.o) (__clzsi2)
../libcompiler_rt/libcompiler_rt.a(ctzsi2.o)
                              ../libbase/libbase.a(isr.o) (__ctzsi2)
../libcompiler_rt/libcompiler_rt.a(udivdi3.o)
                              ../libbase/libbase.a(memtest.o) (__udivdi3)

Discarded input sections

 .data          0x0000000000000000        0x0 boot-helper.o
 .bss           0x0000000000000000        0x0 boot-helper.o
 .group         0x0000000000000000        0xc boot.o
 .group         0x0000000000000000        0xc boot.o
 .group         0x0000000000000000        0xc boot.o
 .group         0x0000000000000000        0xc boot.o
 .group         0x0000000000000000        0xc boot.o
 .group         0x0000000000000000        0xc boot.o
 .group         0x0000000000000000        0xc boot.o
 .group         0x0000000000000000        0xc boot.o
 .group         0x0000000000000000        0xc boot.o
 .group         0x0000000000000000        0xc boot.o
 .group         0x0000000000000000        0xc boot.o
 .group         0x0000000000000000        0xc boot.o
 .group         0x0000000000000000        0xc boot.o
 .group         0x0000000000000000        0xc boot.o
 .group         0x0000000000000000        0xc boot.o
 .group         0x0000000000000000        0xc boot.o
 .group         0x0000000000000000        0xc boot.o
[...]
Memory Configuration

Name             Origin             Length             Attributes
rom              0x0000000000000000 0x0000000000020000
sram             0x0000000010000000 0x0000000000002000
main_ram         0x0000000040000000 0x0000000000010000
csr              0x00000000f0000000 0x0000000000010000
*default*        0x0000000000000000 0xffffffffffffffff

Linker script and memory map

LOAD boot-helper.o
LOAD boot.o
LOAD helpers.o
LOAD cmd_bios.o
LOAD cmd_mem.o
LOAD cmd_boot.o
LOAD cmd_i2c.o
LOAD cmd_spiflash.o
LOAD cmd_litedram.o
LOAD cmd_liteeth.o
LOAD cmd_litesdcard.o
LOAD cmd_litesata.o
LOAD sim_debug.o
LOAD main.o
LOAD crt0.o
LOAD complete.o
LOAD readline.o
START GROUP
LOAD ../libc/libc.a
LOAD ../libcompiler_rt/libcompiler_rt.a
LOAD ../libbase/libbase.a
LOAD ../libfatfs/libfatfs.a
LOAD ../liblitespi/liblitespi.a
LOAD ../liblitedram/liblitedram.a
LOAD ../libliteeth/libliteeth.a
LOAD ../liblitesdcard/liblitesdcard.a
LOAD ../liblitesata/liblitesata.a
END GROUP

.text           0x0000000000000000     0x4518
                0x0000000000000000                _ftext = .
 *(.isr_vector)
 *crt0*(.text)
 .text          0x0000000000000000      0x128 crt0.o
                0x0000000000000000                _start
                0x0000000000000020                trap_entry
 *crt0*(.text)
 *(.text.isr)
 *(.text .stub .text.* .gnu.linkonce.t.*)
 .text          0x0000000000000128        0x4 boot-helper.o
                0x0000000000000128                boot_helper
 .text          0x000000000000012c      0x890 boot.o
                0x000000000000012c                jsmn_parse
                0x000000000000060c                jsmn_init
                0x0000000000000620                boot
                0x00000000000006a4                romboot
                0x00000000000006c0                serialboot
 .text          0x00000000000009bc      0x3a0 helpers.o
                0x00000000000009bc                dump_bytes
                0x0000000000000b74                crcbios
                0x0000000000000be8                get_param
                0x0000000000000c7c                command_dispatcher
                0x0000000000000d14                init_dispatcher
 .text          0x0000000000000d5c      0x1f4 cmd_bios.o
 .text          0x0000000000000f50      0x660 cmd_mem.o
 .text          0x00000000000015b0      0x140 cmd_boot.o
 .text.startup  0x00000000000016f0      0x2b4 main.o
                0x00000000000016f0                main
 .text          0x00000000000019a4      0x2ec complete.o
                0x00000000000019a4                complete
 .text          0x0000000000001c90      0x8b8 readline.o
                0x0000000000001dc8                set_idle_hook
                0x0000000000001dd4                hist_init
                0x0000000000001e18                readline
 .text          0x0000000000002548       0x38 ../libc/libc.a(minimal__workspace_build_sim_software_include_.._picolibc_src_libc_string_strncpy.o)
                0x0000000000002548                strncpy
 .text          0x0000000000002580       0x3c ../libc/libc.a(minimal__workspace_build_sim_software_include_.._picolibc_src_libc_string_strncmp.o)
                0x0000000000002580                strncmp
 .text          0x00000000000025bc       0x7c ../libc/libc.a(minimal__workspace_build_sim_software_include_.._picolibc_src_libc_stdio_fgetc.o)
                0x00000000000025bc                getc_unlocked
                0x00000000000025bc                getc
                0x00000000000025bc                fgetc
 .text          0x0000000000002638       0x68 ../libc/libc.a(minimal__workspace_build_sim_software_include_.._picolibc_src_libc_stdio_fputc.o)
                0x0000000000002638                putc_unlocked
                0x0000000000002638                putc
                0x0000000000002638                fputc
 .text          0x00000000000026a0       0x74 ../libc/libc.a(minimal__workspace_build_sim_software_include_.._picolibc_src_libc_stdio_fputs.o)
                0x00000000000026a0                fputs
 .text          0x0000000000002714       0x4c ../libc/libc.a(minimal__workspace_build_sim_software_include_.._picolibc_src_libc_stdio_printf.o)
                0x0000000000002714                printf
 .text          0x0000000000002760       0x88 ../libc/libc.a(minimal__workspace_build_sim_software_include_.._picolibc_src_libc_stdio_puts.o)
                0x0000000000002760                puts
 .text          0x00000000000027e8      0x150 ../libc/libc.a(minimal__workspace_build_sim_software_include_.._picolibc_src_libc_stdio_strtoul.o)
                0x00000000000027e8                strtoul
 .text.memcpy   0x0000000000002938       0x24 ../libc/libc.a(minimal__workspace_build_sim_software_include_.._picolibc_src_libc_machine_riscv_memcpy-asm.o)
                0x0000000000002938                memcpy
 .text.memmove  0x000000000000295c       0x38 ../libc/libc.a(minimal__workspace_build_sim_software_include_.._picolibc_src_libc_machine_riscv_memmove.o)
                0x000000000000295c                memmove
 .text.strcmp   0x0000000000002994       0x20 ../libc/libc.a(minimal__workspace_build_sim_software_include_.._picolibc_src_libc_machine_riscv_strcmp.o)
                0x0000000000002994                strcmp
 .text          0x00000000000029b4       0x1c ../libc/libc.a(minimal__workspace_build_sim_software_include_.._picolibc_src_libc_machine_riscv_strcpy.o)
                0x00000000000029b4                strcpy
 .text          0x00000000000029d0       0x1c ../libc/libc.a(minimal__workspace_build_sim_software_include_.._picolibc_src_libc_machine_riscv_strlen.o)
                0x00000000000029d0                strlen
 .text          0x00000000000029ec      0x690 ../libc/libc.a(minimal__workspace_build_sim_software_include_.._picolibc_src_libc_stdio_vfiprintf.o)
                0x0000000000002a38                __i_vfprintf
                0x0000000000002a38                vfprintf
 .text          0x000000000000307c       0x5c ../libc/libc.a(_libc_minimal.a)
 .text          0x00000000000030d8       0x24 ../libc/libc.a(minimal__workspace_build_sim_software_include_.._picolibc_src_libc_string_strnlen.o)
                0x00000000000030d8                strnlen
 .text          0x00000000000030fc       0x50 ../libbase/libbase.a(crc16.o)
                0x00000000000030fc                crc16
 .text          0x000000000000314c      0x16c ../libbase/libbase.a(crc32.o)
                0x000000000000314c                crc32
 .text          0x00000000000032b8       0x74 ../libbase/libbase.a(system.o)
                0x00000000000032b8                flush_l2_cache
                0x00000000000032bc                busy_wait
                0x00000000000032f8                busy_wait_us
 .text          0x000000000000332c      0x8b0 ../libbase/libbase.a(memtest.o)
                0x000000000000342c                memtest_access
                0x0000000000003494                memtest_bus
                0x000000000000357c                memtest_addr
                0x0000000000003680                memtest_data
                0x0000000000003850                memspeed
                0x0000000000003a84                memtest
 .text          0x0000000000003bdc      0x234 ../libbase/libbase.a(uart.o)
                0x0000000000003bdc                uart_isr
                0x0000000000003ca0                uart_read
                0x0000000000003ce8                uart_read_nonblock
                0x0000000000003d04                uart_write
                0x0000000000003d80                uart_init
                0x0000000000003df8                uart_sync
 .text          0x0000000000003e10      0x114 ../libbase/libbase.a(isr.o)
                0x0000000000003e10                irq_attach
                0x0000000000003e74                irq_detach
                0x0000000000003e7c                isr
 .text          0x0000000000003f24      0x1cc ../liblitedram/liblitedram.a(utils.o)
                0x0000000000003f24                print_size
                0x0000000000004084                print_progress
 .text          0x00000000000040f0      0x314 ../libcompiler_rt/libcompiler_rt.a(udivmoddi4.o)
                0x00000000000040f0                __udivmoddi4
 .text          0x0000000000004404       0x98 ../libcompiler_rt/libcompiler_rt.a(clzsi2.o)
                0x0000000000004404                __clzsi2
 .text          0x000000000000449c       0x74 ../libcompiler_rt/libcompiler_rt.a(ctzsi2.o)
                0x000000000000449c                __ctzsi2
 .text          0x0000000000004510        0x8 ../libcompiler_rt/libcompiler_rt.a(udivdi3.o)
                0x0000000000004510                __udivdi3
                0x0000000000004518                _etext = .

.rodata         0x0000000000004518     0x1600
                0x0000000000004518                . = ALIGN (0x8)
                0x0000000000004518                _frodata = .
 *(.rodata .rodata.* .gnu.linkonce.r.*)
 .rodata.str1.4
                0x0000000000004518       0xdf boot.o
 *fill*         0x00000000000045f7        0x1 
 .rodata        0x00000000000045f8       0x1e boot.o
 *fill*         0x0000000000004616        0x2 
 .rodata.str1.4
                0x0000000000004618       0xa9 helpers.o
                                         0xb1 (size before relaxing)
 *fill*         0x00000000000046c1        0x3 
 .rodata.str1.4
                0x00000000000046c4      0x128 cmd_bios.o
                                        0x12c (size before relaxing)
 .rodata.str1.4
                0x00000000000047ec      0x3ca cmd_mem.o
                                        0x3de (size before relaxing)
 *fill*         0x0000000000004bb6        0x2 
 .rodata.str1.4
                0x0000000000004bb8       0xb5 cmd_boot.o
                                         0xc9 (size before relaxing)
 *fill*         0x0000000000004c6d        0x3 
 .rodata.str1.4
                0x0000000000004c70      0x31e main.o
                                        0x322 (size before relaxing)
 *fill*         0x0000000000004f8e        0x2 
 .rodata.str1.4
                0x0000000000004f90        0x5 complete.o
                                         0x11 (size before relaxing)
 *fill*         0x0000000000004f95        0x3 
 .rodata.str1.4
                0x0000000000004f98       0x58 readline.o
                                         0x70 (size before relaxing)
 .rodata        0x0000000000004ff0       0x60 readline.o
 .rodata.str1.4
                0x0000000000005050       0x10 ../libc/libc.a(minimal__workspace_build_sim_software_include_.._picolibc_src_libc_stdio_vfiprintf.o)
 .rodata        0x0000000000005060       0x90 ../libc/libc.a(minimal__workspace_build_sim_software_include_.._picolibc_src_libc_stdio_vfiprintf.o)
 .rodata        0x00000000000050f0      0x400 ../libbase/libbase.a(crc16.o)
 .rodata        0x00000000000054f0      0x400 ../libbase/libbase.a(crc32.o)
 .rodata.str1.4
                0x00000000000058f0      0x158 ../libbase/libbase.a(memtest.o)
                                        0x15c (size before relaxing)
 .rodata.str1.4
                0x0000000000005a48       0x2f ../libbase/libbase.a(isr.o)
 *fill*         0x0000000000005a77        0x1 
 .rodata.str1.4
                0x0000000000005a78       0x4a ../liblitedram/liblitedram.a(utils.o)
                                         0x51 (size before relaxing)
 *(.rodata1)
 *(.got .got.*)
 *fill*         0x0000000000005ac2        0x2 
 .got           0x0000000000005ac4       0x48 boot.o
                0x0000000000005ac4                _GLOBAL_OFFSET_TABLE_
 .got.plt       0x0000000000005b0c        0x8 boot.o
 *(.toc .toc.*)
 FILL mask 0x00000000
                0x0000000000005b18                . = ALIGN (0x8)
 *fill*         0x0000000000005b14        0x4 00000000
                0x0000000000005b18                _erodata = .

.eh_frame_hdr   0x0000000000005b18        0x0
 .eh_frame_hdr  0x0000000000005b18        0x0 boot.o

.rela.dyn       0x0000000000005b18        0x0
 .rela.got      0x0000000000005b18        0x0 boot.o

.commands       0x0000000000005b18       0x3c
                0x0000000000005b18                PROVIDE (__bios_cmd_start = .)
 *(.bios_cmd)
 .bios_cmd      0x0000000000005b18       0x10 cmd_bios.o
                0x0000000000005b18                __bios_cmd_flush_cpu_dcache
                0x0000000000005b1c                __bios_cmd_crc
                0x0000000000005b20                __bios_cmd_ident
                0x0000000000005b24                __bios_cmd_help
 .bios_cmd      0x0000000000005b28       0x1c cmd_mem.o
                0x0000000000005b28                __bios_cmd_mem_cmp
                0x0000000000005b2c                __bios_cmd_mem_speed
                0x0000000000005b30                __bios_cmd_mem_test
                0x0000000000005b34                __bios_cmd_mem_copy
                0x0000000000005b38                __bios_cmd_mem_write
                0x0000000000005b3c                __bios_cmd_mem_read
                0x0000000000005b40                __bios_cmd_mem_list
 .bios_cmd      0x0000000000005b44       0x10 cmd_boot.o
                0x0000000000005b44                __bios_cmd_serialboot
                0x0000000000005b48                __bios_cmd_romboot
                0x0000000000005b4c                __bios_cmd_reboot
                0x0000000000005b50                __bios_cmd_boot
                0x0000000000005b54                PROVIDE (__bios_cmd_end = .)

.init           0x0000000000005b54        0x0
                0x0000000000005b54                PROVIDE (__bios_init_start = .)
 *(.bios_init)
                0x0000000000005b54                PROVIDE (__bios_init_end = .)

.data           0x0000000010000000      0x1a0 load address 0x0000000000005b54
                0x0000000010000000                . = ALIGN (0x8)
                0x0000000010000000                _fdata = .
 *(.data .data.* .gnu.linkonce.d.*)
 .data.rel.local
                0x0000000010000000       0x40 cmd_bios.o
                0x0000000010000000                s_flush_cpu_dcache
                0x0000000010000010                s_crc
                0x0000000010000020                s_ident
                0x0000000010000030                s_help
 .data.rel.local
                0x0000000010000040       0x70 cmd_mem.o
                0x0000000010000040                s_mem_cmp
                0x0000000010000050                s_mem_speed
                0x0000000010000060                s_mem_test
                0x0000000010000070                s_mem_copy
                0x0000000010000080                s_mem_write
                0x0000000010000090                s_mem_read
                0x00000000100000a0                s_mem_list
 .data.rel      0x00000000100000b0       0x20 cmd_boot.o
                0x00000000100000b0                s_serialboot
                0x00000000100000c0                s_romboot
 .data.rel.local
                0x00000000100000d0       0x20 cmd_boot.o
                0x00000000100000d0                s_reboot
                0x00000000100000e0                s_boot
 .data.rel.ro.local
                0x00000000100000f0       0x90 readline.o
 .data.rel.local
                0x0000000010000180       0x10 ../libc/libc.a(_libc_minimal.a)
 .data.rel.ro.local
                0x0000000010000190        0xc ../libc/libc.a(_libc_minimal.a)
                0x0000000010000190                stdin
                0x0000000010000194                stderr
                0x0000000010000198                stdout
 *(.data1)
 *(.sdata .sdata.* .gnu.linkonce.s.*)
 FILL mask 0x00000000
                0x00000000100001a0                . = ALIGN (0x8)
 *fill*         0x000000001000019c        0x4 00000000
                0x00000000100001a0                _edata = .

.bss            0x00000000100001a0      0x678 load address 0x0000000000005cf4
                0x00000000100001a0                . = ALIGN (0x8)
                0x00000000100001a0                _fbss = .
 *(.dynsbss)
 *(.sbss .sbss.* .gnu.linkonce.sb.*)
 *(.scommon)
 *(.dynbss)
 *(.bss .bss.* .gnu.linkonce.b.*)
 .bss           0x00000000100001a0      0x2c8 complete.o
                0x00000000100001a0                sl
                0x0000000010000424                out
                0x0000000010000464                sl_idx
 .bss           0x0000000010000468      0x294 readline.o
 .bss           0x00000000100006fc        0x4 ../libc/libc.a(minimal__workspace_build_sim_software_include_.._picolibc_src_libc_errno_errno.o)
                0x00000000100006fc                errno
 .bss           0x0000000010000700      0x110 ../libbase/libbase.a(uart.o)
 .bss           0x0000000010000810        0x8 ../libbase/libbase.a(isr.o)
                0x0000000010000810                irq_table
 *(COMMON)
                0x0000000010000818                . = ALIGN (0x8)
                0x0000000010000818                _ebss = .
                0x0000000010000818                _end = .

/DISCARD/
 *(.eh_frame)
 *(.comment)
                0x0000000010002000                PROVIDE (_fstack = (ORIGIN (sram) + LENGTH (sram)))
                0x0000000000005b54                PROVIDE (_fdata_rom = LOADADDR (.data))
                0x0000000000005cf4                PROVIDE (_edata_rom = (LOADADDR (.data) + SIZEOF (.data)))
OUTPUT(bios.elf elf32-littleriscv)

.riscv.attributes
                0x0000000000000000       0x23
 .riscv.attributes
                0x0000000000000000       0x1f boot-helper.o
 .riscv.attributes
                0x000000000000001f       0x23 boot.o
 .riscv.attributes
                0x0000000000000042       0x1f helpers.o
 .riscv.attributes
                0x0000000000000061       0x1f cmd_bios.o
 .riscv.attributes
                0x0000000000000080       0x1f cmd_mem.o
 .riscv.attributes
                0x000000000000009f       0x1f cmd_boot.o
 .riscv.attributes
                0x00000000000000be       0x23 main.o
 .riscv.attributes
                0x00000000000000e1       0x23 crt0.o
 .riscv.attributes
                0x0000000000000104       0x1f complete.o
 .riscv.attributes
                0x0000000000000123       0x1f readline.o
 .riscv.attributes
                0x0000000000000142       0x1f ../libc/libc.a(minimal__workspace_build_sim_software_include_.._picolibc_src_libc_string_strncpy.o)
 .riscv.attributes
                0x0000000000000161       0x1f ../libc/libc.a(minimal__workspace_build_sim_software_include_.._picolibc_src_libc_string_strncmp.o)
 .riscv.attributes
                0x0000000000000180       0x1f ../libc/libc.a(minimal__workspace_build_sim_software_include_.._picolibc_src_libc_stdio_fgetc.o)
 .riscv.attributes
                0x000000000000019f       0x1f ../libc/libc.a(minimal__workspace_build_sim_software_include_.._picolibc_src_libc_stdio_fputc.o)
 .riscv.attributes
                0x00000000000001be       0x1f ../libc/libc.a(minimal__workspace_build_sim_software_include_.._picolibc_src_libc_stdio_fputs.o)
 .riscv.attributes
                0x00000000000001dd       0x1f ../libc/libc.a(minimal__workspace_build_sim_software_include_.._picolibc_src_libc_stdio_printf.o)
 .riscv.attributes
                0x00000000000001fc       0x1f ../libc/libc.a(minimal__workspace_build_sim_software_include_.._picolibc_src_libc_stdio_puts.o)
 .riscv.attributes
                0x000000000000021b       0x1f ../libc/libc.a(minimal__workspace_build_sim_software_include_.._picolibc_src_libc_stdio_strtoul.o)
 .riscv.attributes
                0x000000000000023a       0x1f ../libc/libc.a(minimal__workspace_build_sim_software_include_.._picolibc_src_libc_machine_riscv_memcpy-asm.o)
 .riscv.attributes
                0x0000000000000259       0x1f ../libc/libc.a(minimal__workspace_build_sim_software_include_.._picolibc_src_libc_machine_riscv_memmove.o)
 .riscv.attributes
                0x0000000000000278       0x1f ../libc/libc.a(minimal__workspace_build_sim_software_include_.._picolibc_src_libc_machine_riscv_strcmp.o)
 .riscv.attributes
                0x0000000000000297       0x1f ../libc/libc.a(minimal__workspace_build_sim_software_include_.._picolibc_src_libc_machine_riscv_strcpy.o)
 .riscv.attributes
                0x00000000000002b6       0x1f ../libc/libc.a(minimal__workspace_build_sim_software_include_.._picolibc_src_libc_machine_riscv_strlen.o)
 .riscv.attributes
                0x00000000000002d5       0x1f ../libc/libc.a(minimal__workspace_build_sim_software_include_.._picolibc_src_libc_stdio_vfiprintf.o)
 .riscv.attributes
                0x00000000000002f4       0x1f ../libc/libc.a(_libc_minimal.a)
 .riscv.attributes
                0x0000000000000313       0x1f ../libc/libc.a(minimal__workspace_build_sim_software_include_.._picolibc_src_libc_errno_errno.o)
 .riscv.attributes
                0x0000000000000332       0x1f ../libc/libc.a(minimal__workspace_build_sim_software_include_.._picolibc_src_libc_string_strnlen.o)
 .riscv.attributes
                0x0000000000000351       0x1f ../libbase/libbase.a(crc16.o)
 .riscv.attributes
                0x0000000000000370       0x1f ../libbase/libbase.a(crc32.o)
 .riscv.attributes
                0x000000000000038f       0x1f ../libbase/libbase.a(system.o)
 .riscv.attributes
                0x00000000000003ae       0x1f ../libbase/libbase.a(memtest.o)
 .riscv.attributes
                0x00000000000003cd       0x23 ../libbase/libbase.a(uart.o)
 .riscv.attributes
                0x00000000000003f0       0x23 ../libbase/libbase.a(isr.o)
 .riscv.attributes
                0x0000000000000413       0x1f ../liblitedram/liblitedram.a(utils.o)
 .riscv.attributes
                0x0000000000000432       0x1f ../libcompiler_rt/libcompiler_rt.a(udivmoddi4.o)
 .riscv.attributes
                0x0000000000000451       0x1f ../libcompiler_rt/libcompiler_rt.a(clzsi2.o)
 .riscv.attributes
                0x0000000000000470       0x1f ../libcompiler_rt/libcompiler_rt.a(ctzsi2.o)
 .riscv.attributes
                0x000000000000048f       0x1f ../libcompiler_rt/libcompiler_rt.a(udivdi3.o)

.note.GNU-stack
                0x0000000000000000        0x0
 .note.GNU-stack
                0x0000000000000000        0x0 boot.o
 .note.GNU-stack
                0x0000000000000000        0x0 helpers.o
 .note.GNU-stack
                0x0000000000000000        0x0 cmd_bios.o
 .note.GNU-stack
                0x0000000000000000        0x0 cmd_mem.o
 .note.GNU-stack
                0x0000000000000000        0x0 cmd_boot.o
 .note.GNU-stack
                0x0000000000000000        0x0 main.o
 .note.GNU-stack
                0x0000000000000000        0x0 complete.o
 .note.GNU-stack
                0x0000000000000000        0x0 readline.o
 .note.GNU-stack
                0x0000000000000000        0x0 ../libc/libc.a(minimal__workspace_build_sim_software_include_.._picolibc_src_libc_string_strncpy.o)
 .note.GNU-stack
                0x0000000000000000        0x0 ../libc/libc.a(minimal__workspace_build_sim_software_include_.._picolibc_src_libc_string_strncmp.o)
 .note.GNU-stack
                0x0000000000000000        0x0 ../libc/libc.a(minimal__workspace_build_sim_software_include_.._picolibc_src_libc_stdio_fgetc.o)
 .note.GNU-stack
                0x0000000000000000        0x0 ../libc/libc.a(minimal__workspace_build_sim_software_include_.._picolibc_src_libc_stdio_fputc.o)
 .note.GNU-stack
                0x0000000000000000        0x0 ../libc/libc.a(minimal__workspace_build_sim_software_include_.._picolibc_src_libc_stdio_fputs.o)
 .note.GNU-stack
                0x0000000000000000        0x0 ../libc/libc.a(minimal__workspace_build_sim_software_include_.._picolibc_src_libc_stdio_printf.o)
 .note.GNU-stack
                0x0000000000000000        0x0 ../libc/libc.a(minimal__workspace_build_sim_software_include_.._picolibc_src_libc_stdio_puts.o)
 .note.GNU-stack
                0x0000000000000000        0x0 ../libc/libc.a(minimal__workspace_build_sim_software_include_.._picolibc_src_libc_stdio_strtoul.o)
 .note.GNU-stack
                0x0000000000000000        0x0 ../libc/libc.a(minimal__workspace_build_sim_software_include_.._picolibc_src_libc_machine_riscv_strcpy.o)
 .note.GNU-stack
                0x0000000000000000        0x0 ../libc/libc.a(minimal__workspace_build_sim_software_include_.._picolibc_src_libc_machine_riscv_strlen.o)
 .note.GNU-stack
                0x0000000000000000        0x0 ../libc/libc.a(minimal__workspace_build_sim_software_include_.._picolibc_src_libc_stdio_vfiprintf.o)
 .note.GNU-stack
                0x0000000000000000        0x0 ../libc/libc.a(_libc_minimal.a)
 .note.GNU-stack
                0x0000000000000000        0x0 ../libc/libc.a(minimal__workspace_build_sim_software_include_.._picolibc_src_libc_errno_errno.o)
 .note.GNU-stack
                0x0000000000000000        0x0 ../libc/libc.a(minimal__workspace_build_sim_software_include_.._picolibc_src_libc_string_strnlen.o)
 .note.GNU-stack
                0x0000000000000000        0x0 ../libbase/libbase.a(crc16.o)
 .note.GNU-stack
                0x0000000000000000        0x0 ../libbase/libbase.a(crc32.o)
 .note.GNU-stack
                0x0000000000000000        0x0 ../libbase/libbase.a(system.o)
 .note.GNU-stack
                0x0000000000000000        0x0 ../libbase/libbase.a(memtest.o)
 .note.GNU-stack
                0x0000000000000000        0x0 ../libbase/libbase.a(uart.o)
 .note.GNU-stack
                0x0000000000000000        0x0 ../libbase/libbase.a(isr.o)
 .note.GNU-stack
                0x0000000000000000        0x0 ../liblitedram/liblitedram.a(utils.o)
 .note.GNU-stack
                0x0000000000000000        0x0 ../libcompiler_rt/libcompiler_rt.a(udivmoddi4.o)
 .note.GNU-stack
                0x0000000000000000        0x0 ../libcompiler_rt/libcompiler_rt.a(clzsi2.o)
 .note.GNU-stack
                0x0000000000000000        0x0 ../libcompiler_rt/libcompiler_rt.a(ctzsi2.o)
 .note.GNU-stack
                0x0000000000000000        0x0 ../libcompiler_rt/libcompiler_rt.a(udivdi3.o)

.debug_line     0x0000000000000000     0xa496
 .debug_line    0x0000000000000000       0x48 boot-helper.o
 .debug_line    0x0000000000000048     0x14de boot.o
 .debug_line    0x0000000000001526      0x763 helpers.o
 .debug_line    0x0000000000001c89      0x41f cmd_bios.o
 .debug_line    0x00000000000020a8      0xb43 cmd_mem.o
 .debug_line    0x0000000000002beb      0x31a cmd_boot.o
 .debug_line    0x0000000000002f05      0x3fa main.o
 .debug_line    0x00000000000032ff      0x1ce crt0.o
 .debug_line    0x00000000000034cd      0x621 complete.o
 .debug_line    0x0000000000003aee      0xf39 readline.o
 .debug_line    0x0000000000004a27      0x1c7 ../libc/libc.a(minimal__workspace_build_sim_software_include_.._picolibc_src_libc_string_strncpy.o)
 .debug_line    0x0000000000004bee      0x1a3 ../libc/libc.a(minimal__workspace_build_sim_software_include_.._picolibc_src_libc_string_strncmp.o)
 .debug_line    0x0000000000004d91      0x238 ../libc/libc.a(minimal__workspace_build_sim_software_include_.._picolibc_src_libc_stdio_fgetc.o)
 .debug_line    0x0000000000004fc9      0x1d6 ../libc/libc.a(minimal__workspace_build_sim_software_include_.._picolibc_src_libc_stdio_fputc.o)
 .debug_line    0x000000000000519f      0x23a ../libc/libc.a(minimal__workspace_build_sim_software_include_.._picolibc_src_libc_stdio_fputs.o)
 .debug_line    0x00000000000053d9      0x1d2 ../libc/libc.a(minimal__workspace_build_sim_software_include_.._picolibc_src_libc_stdio_printf.o)
 .debug_line    0x00000000000055ab      0x260 ../libc/libc.a(minimal__workspace_build_sim_software_include_.._picolibc_src_libc_stdio_puts.o)
 .debug_line    0x000000000000580b      0x4bc ../libc/libc.a(minimal__workspace_build_sim_software_include_.._picolibc_src_libc_stdio_strtoul.o)
 .debug_line    0x0000000000005cc7       0x7a ../libc/libc.a(minimal__workspace_build_sim_software_include_.._picolibc_src_libc_machine_riscv_memcpy-asm.o)
 .debug_line    0x0000000000005d41       0x98 ../libc/libc.a(minimal__workspace_build_sim_software_include_.._picolibc_src_libc_machine_riscv_memmove.o)
 .debug_line    0x0000000000005dd9       0x74 ../libc/libc.a(minimal__workspace_build_sim_software_include_.._picolibc_src_libc_machine_riscv_strcmp.o)
 .debug_line    0x0000000000005e4d      0x145 ../libc/libc.a(minimal__workspace_build_sim_software_include_.._picolibc_src_libc_machine_riscv_strcpy.o)
 .debug_line    0x0000000000005f92      0x11b ../libc/libc.a(minimal__workspace_build_sim_software_include_.._picolibc_src_libc_machine_riscv_strlen.o)
 .debug_line    0x00000000000060ad      0xe5e ../libc/libc.a(minimal__workspace_build_sim_software_include_.._picolibc_src_libc_stdio_vfiprintf.o)
 .debug_line    0x0000000000006f0b      0x195 ../libc/libc.a(_libc_minimal.a)
 .debug_line    0x00000000000070a0       0x77 ../libc/libc.a(minimal__workspace_build_sim_software_include_.._picolibc_src_libc_errno_errno.o)
 .debug_line    0x0000000000007117       0xfd ../libc/libc.a(minimal__workspace_build_sim_software_include_.._picolibc_src_libc_string_strnlen.o)
 .debug_line    0x0000000000007214       0xeb ../libbase/libbase.a(crc16.o)
 .debug_line    0x00000000000072ff      0x191 ../libbase/libbase.a(crc32.o)
 .debug_line    0x0000000000007490      0x36a ../libbase/libbase.a(system.o)
 .debug_line    0x00000000000077fa     0x1305 ../libbase/libbase.a(memtest.o)
 .debug_line    0x0000000000008aff      0x76f ../libbase/libbase.a(uart.o)
 .debug_line    0x000000000000926e      0x36c ../libbase/libbase.a(isr.o)
 .debug_line    0x00000000000095da      0x269 ../liblitedram/liblitedram.a(utils.o)
 .debug_line    0x0000000000009843      0x779 ../libcompiler_rt/libcompiler_rt.a(udivmoddi4.o)
 .debug_line    0x0000000000009fbc      0x20e ../libcompiler_rt/libcompiler_rt.a(clzsi2.o)
 .debug_line    0x000000000000a1ca      0x1f8 ../libcompiler_rt/libcompiler_rt.a(ctzsi2.o)
 .debug_line    0x000000000000a3c2       0xd4 ../libcompiler_rt/libcompiler_rt.a(udivdi3.o)

.debug_line_str
                0x0000000000000000     0x148d
 .debug_line_str
                0x0000000000000000       0x60 boot-helper.o
                                         0x6e (size before relaxing)
 .debug_line_str
                0x0000000000000060      0x50e boot.o
                                        0x603 (size before relaxing)
 .debug_line_str
                0x000000000000056e       0x5a helpers.o
                                        0x408 (size before relaxing)
 .debug_line_str
                0x00000000000005c8       0xa7 cmd_bios.o
                                        0x4ec (size before relaxing)
 .debug_line_str
                0x000000000000066f       0x4d cmd_mem.o
                                        0x4f1 (size before relaxing)
 .debug_line_str
                0x00000000000006bc       0x3a cmd_boot.o
                                        0x4b4 (size before relaxing)
 .debug_line_str
                0x00000000000006f6       0xd4 main.o
                                        0x672 (size before relaxing)
 .debug_line_str
                0x00000000000007ca        0x7 crt0.o
                                         0x60 (size before relaxing)
 .debug_line_str
                0x00000000000007d1       0x40 complete.o
                                        0x3c0 (size before relaxing)
 .debug_line_str
                0x0000000000000811       0x35 readline.o
                                        0x3e8 (size before relaxing)
 .debug_line_str
                0x0000000000000846      0x1bf ../libc/libc.a(minimal__workspace_build_sim_software_include_.._picolibc_src_libc_string_strncpy.o)
                                        0x466 (size before relaxing)
 .debug_line_str
                0x0000000000000a05       0x4c ../libc/libc.a(minimal__workspace_build_sim_software_include_.._picolibc_src_libc_string_strncmp.o)
                                        0x466 (size before relaxing)
 .debug_line_str
                0x0000000000000a51       0xd3 ../libc/libc.a(minimal__workspace_build_sim_software_include_.._picolibc_src_libc_stdio_fgetc.o)
                                        0x437 (size before relaxing)
 .debug_line_str
                0x0000000000000b24       0x49 ../libc/libc.a(minimal__workspace_build_sim_software_include_.._picolibc_src_libc_stdio_fputc.o)
                                        0x437 (size before relaxing)
 .debug_line_str
                0x0000000000000b6d       0x49 ../libc/libc.a(minimal__workspace_build_sim_software_include_.._picolibc_src_libc_stdio_fputs.o)
                                        0x437 (size before relaxing)
 .debug_line_str
                0x0000000000000bb6       0x4a ../libc/libc.a(minimal__workspace_build_sim_software_include_.._picolibc_src_libc_stdio_printf.o)
                                        0x43a (size before relaxing)
 .debug_line_str
                0x0000000000000c00       0x48 ../libc/libc.a(minimal__workspace_build_sim_software_include_.._picolibc_src_libc_stdio_puts.o)
                                        0x434 (size before relaxing)
 .debug_line_str
                0x0000000000000c48       0x5f ../libc/libc.a(minimal__workspace_build_sim_software_include_.._picolibc_src_libc_stdio_strtoul.o)
                                        0x451 (size before relaxing)
 .debug_line_str
                0x0000000000000ca7       0x56 ../libc/libc.a(minimal__workspace_build_sim_software_include_.._picolibc_src_libc_machine_riscv_memcpy-asm.o)
                                         0x86 (size before relaxing)
 .debug_line_str
                0x0000000000000cfd        0xa ../libc/libc.a(minimal__workspace_build_sim_software_include_.._picolibc_src_libc_machine_riscv_memmove.o)
                                         0x80 (size before relaxing)
 .debug_line_str
                0x0000000000000d07        0x9 ../libc/libc.a(minimal__workspace_build_sim_software_include_.._picolibc_src_libc_machine_riscv_strcmp.o)
                                         0x7e (size before relaxing)
 .debug_line_str
                0x0000000000000d10       0x68 ../libc/libc.a(minimal__workspace_build_sim_software_include_.._picolibc_src_libc_machine_riscv_strcpy.o)
                                        0x311 (size before relaxing)
 .debug_line_str
                0x0000000000000d78       0x52 ../libc/libc.a(minimal__workspace_build_sim_software_include_.._picolibc_src_libc_machine_riscv_strlen.o)
                                        0x311 (size before relaxing)
 .debug_line_str
                0x0000000000000dca      0x159 ../libc/libc.a(minimal__workspace_build_sim_software_include_.._picolibc_src_libc_stdio_vfiprintf.o)
                                        0x5ba (size before relaxing)
 .debug_line_str
                0x0000000000000f23       0x5c ../libc/libc.a(_libc_minimal.a)
                                        0x466 (size before relaxing)
 .debug_line_str
                0x0000000000000f7f       0x8a ../libc/libc.a(minimal__workspace_build_sim_software_include_.._picolibc_src_libc_errno_errno.o)
                                        0x260 (size before relaxing)
 .debug_line_str
                0x0000000000001009       0x4c ../libc/libc.a(minimal__workspace_build_sim_software_include_.._picolibc_src_libc_string_strnlen.o)
                                        0x2c9 (size before relaxing)
 .debug_line_str
                0x0000000000001055       0x5b ../libbase/libbase.a(crc16.o)
                                         0xdf (size before relaxing)
 .debug_line_str
                0x00000000000010b0       0x35 ../libbase/libbase.a(crc32.o)
                                         0xdf (size before relaxing)
 .debug_line_str
                0x00000000000010e5       0x36 ../libbase/libbase.a(system.o)
                                        0x3b5 (size before relaxing)
 .debug_line_str
                0x000000000000111b       0x3e ../libbase/libbase.a(memtest.o)
                                        0x473 (size before relaxing)
 .debug_line_str
                0x0000000000001159       0x34 ../libbase/libbase.a(uart.o)
                                        0x3b0 (size before relaxing)
 .debug_line_str
                0x000000000000118d       0x33 ../libbase/libbase.a(isr.o)
                                        0x441 (size before relaxing)
 .debug_line_str
                0x00000000000011c0       0x6f ../liblitedram/liblitedram.a(utils.o)
                                        0x4aa (size before relaxing)
 .debug_line_str
                0x000000000000122f      0x128 ../libcompiler_rt/libcompiler_rt.a(udivmoddi4.o)
                                        0x38a (size before relaxing)
 .debug_line_str
                0x0000000000001357       0x67 ../libcompiler_rt/libcompiler_rt.a(clzsi2.o)
                                        0x37e (size before relaxing)
 .debug_line_str
                0x00000000000013be       0x67 ../libcompiler_rt/libcompiler_rt.a(ctzsi2.o)
                                        0x37e (size before relaxing)
 .debug_line_str
                0x0000000000001425       0x68 ../libcompiler_rt/libcompiler_rt.a(udivdi3.o)
                                        0x381 (size before relaxing)

.debug_info     0x0000000000000000     0x834e
 .debug_info    0x0000000000000000       0x24 boot-helper.o
 .debug_info    0x0000000000000024     0x10cb boot.o
 .debug_info    0x00000000000010ef      0x5ca helpers.o
 .debug_info    0x00000000000016b9      0x4db cmd_bios.o
 .debug_info    0x0000000000001b94      0x8e9 cmd_mem.o
 .debug_info    0x000000000000247d      0x3b9 cmd_boot.o
 .debug_info    0x0000000000002836      0x6fe main.o
 .debug_info    0x0000000000002f34       0x25 crt0.o
 .debug_info    0x0000000000002f59      0x5c7 complete.o
 .debug_info    0x0000000000003520      0xc60 readline.o
 .debug_info    0x0000000000004180       0xfa ../libc/libc.a(minimal__workspace_build_sim_software_include_.._picolibc_src_libc_string_strncpy.o)
 .debug_info    0x000000000000427a       0xcc ../libc/libc.a(minimal__workspace_build_sim_software_include_.._picolibc_src_libc_string_strncmp.o)
 .debug_info    0x0000000000004346      0x23b ../libc/libc.a(minimal__workspace_build_sim_software_include_.._picolibc_src_libc_stdio_fgetc.o)
 .debug_info    0x0000000000004581      0x18f ../libc/libc.a(minimal__workspace_build_sim_software_include_.._picolibc_src_libc_stdio_fputc.o)
 .debug_info    0x0000000000004710      0x1f8 ../libc/libc.a(minimal__workspace_build_sim_software_include_.._picolibc_src_libc_stdio_fputs.o)
 .debug_info    0x0000000000004908      0x1f7 ../libc/libc.a(minimal__workspace_build_sim_software_include_.._picolibc_src_libc_stdio_printf.o)
 .debug_info    0x0000000000004aff      0x215 ../libc/libc.a(minimal__workspace_build_sim_software_include_.._picolibc_src_libc_stdio_puts.o)
 .debug_info    0x0000000000004d14      0x1b8 ../libc/libc.a(minimal__workspace_build_sim_software_include_.._picolibc_src_libc_stdio_strtoul.o)
 .debug_info    0x0000000000004ecc       0x24 ../libc/libc.a(minimal__workspace_build_sim_software_include_.._picolibc_src_libc_machine_riscv_memcpy-asm.o)
 .debug_info    0x0000000000004ef0       0x24 ../libc/libc.a(minimal__workspace_build_sim_software_include_.._picolibc_src_libc_machine_riscv_memmove.o)
 .debug_info    0x0000000000004f14       0x24 ../libc/libc.a(minimal__workspace_build_sim_software_include_.._picolibc_src_libc_machine_riscv_strcmp.o)
 .debug_info    0x0000000000004f38      0x14c ../libc/libc.a(minimal__workspace_build_sim_software_include_.._picolibc_src_libc_machine_riscv_strcpy.o)
 .debug_info    0x0000000000005084       0xca ../libc/libc.a(minimal__workspace_build_sim_software_include_.._picolibc_src_libc_machine_riscv_strlen.o)
 .debug_info    0x000000000000514e      0x4f4 ../libc/libc.a(minimal__workspace_build_sim_software_include_.._picolibc_src_libc_stdio_vfiprintf.o)
 .debug_info    0x0000000000005642      0x24c ../libc/libc.a(_libc_minimal.a)
 .debug_info    0x000000000000588e       0x75 ../libc/libc.a(minimal__workspace_build_sim_software_include_.._picolibc_src_libc_errno_errno.o)
 .debug_info    0x0000000000005903       0xd4 ../libc/libc.a(minimal__workspace_build_sim_software_include_.._picolibc_src_libc_string_strnlen.o)
 .debug_info    0x00000000000059d7       0xc9 ../libbase/libbase.a(crc16.o)
 .debug_info    0x0000000000005aa0       0xbb ../libbase/libbase.a(crc32.o)
 .debug_info    0x0000000000005b5b      0x4b2 ../libbase/libbase.a(system.o)
 .debug_info    0x000000000000600d     0x12a5 ../libbase/libbase.a(memtest.o)
 .debug_info    0x00000000000072b2      0x691 ../libbase/libbase.a(uart.o)
 .debug_info    0x0000000000007943      0x341 ../libbase/libbase.a(isr.o)
 .debug_info    0x0000000000007c84      0x1c7 ../liblitedram/liblitedram.a(utils.o)
 .debug_info    0x0000000000007e4b      0x216 ../libcompiler_rt/libcompiler_rt.a(udivmoddi4.o)
 .debug_info    0x0000000000008061       0xea ../libcompiler_rt/libcompiler_rt.a(clzsi2.o)
 .debug_info    0x000000000000814b       0xea ../libcompiler_rt/libcompiler_rt.a(ctzsi2.o)
 .debug_info    0x0000000000008235      0x119 ../libcompiler_rt/libcompiler_rt.a(udivdi3.o)

.debug_abbrev   0x0000000000000000     0x331f
 .debug_abbrev  0x0000000000000000       0x14 boot-helper.o
 .debug_abbrev  0x0000000000000014      0x4a0 boot.o
 .debug_abbrev  0x00000000000004b4      0x227 helpers.o
 .debug_abbrev  0x00000000000006db      0x221 cmd_bios.o
 .debug_abbrev  0x00000000000008fc      0x21d cmd_mem.o
 .debug_abbrev  0x0000000000000b19      0x1ee cmd_boot.o
 .debug_abbrev  0x0000000000000d07      0x21f main.o
 .debug_abbrev  0x0000000000000f26       0x14 crt0.o
 .debug_abbrev  0x0000000000000f3a      0x2a8 complete.o
 .debug_abbrev  0x00000000000011e2      0x388 readline.o
 .debug_abbrev  0x000000000000156a       0xa5 ../libc/libc.a(minimal__workspace_build_sim_software_include_.._picolibc_src_libc_string_strncpy.o)
 .debug_abbrev  0x000000000000160f       0x79 ../libc/libc.a(minimal__workspace_build_sim_software_include_.._picolibc_src_libc_string_strncmp.o)
 .debug_abbrev  0x0000000000001688      0x163 ../libc/libc.a(minimal__workspace_build_sim_software_include_.._picolibc_src_libc_stdio_fgetc.o)
 .debug_abbrev  0x00000000000017eb       0xda ../libc/libc.a(minimal__workspace_build_sim_software_include_.._picolibc_src_libc_stdio_fputc.o)
 .debug_abbrev  0x00000000000018c5      0x149 ../libc/libc.a(minimal__workspace_build_sim_software_include_.._picolibc_src_libc_stdio_fputs.o)
 .debug_abbrev  0x0000000000001a0e      0x11d ../libc/libc.a(minimal__workspace_build_sim_software_include_.._picolibc_src_libc_stdio_printf.o)
 .debug_abbrev  0x0000000000001b2b      0x14d ../libc/libc.a(minimal__workspace_build_sim_software_include_.._picolibc_src_libc_stdio_puts.o)
 .debug_abbrev  0x0000000000001c78      0x132 ../libc/libc.a(minimal__workspace_build_sim_software_include_.._picolibc_src_libc_stdio_strtoul.o)
 .debug_abbrev  0x0000000000001daa       0x14 ../libc/libc.a(minimal__workspace_build_sim_software_include_.._picolibc_src_libc_machine_riscv_memcpy-asm.o)
 .debug_abbrev  0x0000000000001dbe       0x14 ../libc/libc.a(minimal__workspace_build_sim_software_include_.._picolibc_src_libc_machine_riscv_memmove.o)
 .debug_abbrev  0x0000000000001dd2       0x14 ../libc/libc.a(minimal__workspace_build_sim_software_include_.._picolibc_src_libc_machine_riscv_strcmp.o)
 .debug_abbrev  0x0000000000001de6       0xf8 ../libc/libc.a(minimal__workspace_build_sim_software_include_.._picolibc_src_libc_machine_riscv_strcpy.o)
 .debug_abbrev  0x0000000000001ede       0x8a ../libc/libc.a(minimal__workspace_build_sim_software_include_.._picolibc_src_libc_machine_riscv_strlen.o)
 .debug_abbrev  0x0000000000001f68      0x25f ../libc/libc.a(minimal__workspace_build_sim_software_include_.._picolibc_src_libc_stdio_vfiprintf.o)
 .debug_abbrev  0x00000000000021c7      0x173 ../libc/libc.a(_libc_minimal.a)
 .debug_abbrev  0x000000000000233a       0x4a ../libc/libc.a(minimal__workspace_build_sim_software_include_.._picolibc_src_libc_errno_errno.o)
 .debug_abbrev  0x0000000000002384       0x8c ../libc/libc.a(minimal__workspace_build_sim_software_include_.._picolibc_src_libc_string_strnlen.o)
 .debug_abbrev  0x0000000000002410       0xaf ../libbase/libbase.a(crc16.o)
 .debug_abbrev  0x00000000000024bf       0xa4 ../libbase/libbase.a(crc32.o)
 .debug_abbrev  0x0000000000002563      0x151 ../libbase/libbase.a(system.o)
 .debug_abbrev  0x00000000000026b4      0x3c0 ../libbase/libbase.a(memtest.o)
 .debug_abbrev  0x0000000000002a74      0x244 ../libbase/libbase.a(uart.o)
 .debug_abbrev  0x0000000000002cb8      0x25b ../libbase/libbase.a(isr.o)
 .debug_abbrev  0x0000000000002f13      0x13d ../liblitedram/liblitedram.a(utils.o)
 .debug_abbrev  0x0000000000003050      0x132 ../libcompiler_rt/libcompiler_rt.a(udivmoddi4.o)
 .debug_abbrev  0x0000000000003182       0x7c ../libcompiler_rt/libcompiler_rt.a(clzsi2.o)
 .debug_abbrev  0x00000000000031fe       0x7c ../libcompiler_rt/libcompiler_rt.a(ctzsi2.o)
 .debug_abbrev  0x000000000000327a       0xa5 ../libcompiler_rt/libcompiler_rt.a(udivdi3.o)

.debug_aranges  0x0000000000000000      0x4b8
 .debug_aranges
                0x0000000000000000       0x20 boot-helper.o
 .debug_aranges
                0x0000000000000020       0x20 boot.o
 .debug_aranges
                0x0000000000000040       0x20 helpers.o
 .debug_aranges
                0x0000000000000060       0x20 cmd_bios.o
 .debug_aranges
                0x0000000000000080       0x20 cmd_mem.o
 .debug_aranges
                0x00000000000000a0       0x20 cmd_boot.o
 .debug_aranges
                0x00000000000000c0       0x20 main.o
 .debug_aranges
                0x00000000000000e0       0x20 crt0.o
 .debug_aranges
                0x0000000000000100       0x20 complete.o
 .debug_aranges
                0x0000000000000120       0x20 readline.o
 .debug_aranges
                0x0000000000000140       0x20 ../libc/libc.a(minimal__workspace_build_sim_software_include_.._picolibc_src_libc_string_strncpy.o)
 .debug_aranges
                0x0000000000000160       0x20 ../libc/libc.a(minimal__workspace_build_sim_software_include_.._picolibc_src_libc_string_strncmp.o)
 .debug_aranges
                0x0000000000000180       0x20 ../libc/libc.a(minimal__workspace_build_sim_software_include_.._picolibc_src_libc_stdio_fgetc.o)
 .debug_aranges
                0x00000000000001a0       0x20 ../libc/libc.a(minimal__workspace_build_sim_software_include_.._picolibc_src_libc_stdio_fputc.o)
 .debug_aranges
                0x00000000000001c0       0x20 ../libc/libc.a(minimal__workspace_build_sim_software_include_.._picolibc_src_libc_stdio_fputs.o)
 .debug_aranges
                0x00000000000001e0       0x20 ../libc/libc.a(minimal__workspace_build_sim_software_include_.._picolibc_src_libc_stdio_printf.o)
 .debug_aranges
                0x0000000000000200       0x20 ../libc/libc.a(minimal__workspace_build_sim_software_include_.._picolibc_src_libc_stdio_puts.o)
 .debug_aranges
                0x0000000000000220       0x20 ../libc/libc.a(minimal__workspace_build_sim_software_include_.._picolibc_src_libc_stdio_strtoul.o)
 .debug_aranges
                0x0000000000000240       0x20 ../libc/libc.a(minimal__workspace_build_sim_software_include_.._picolibc_src_libc_machine_riscv_memcpy-asm.o)
 .debug_aranges
                0x0000000000000260       0x20 ../libc/libc.a(minimal__workspace_build_sim_software_include_.._picolibc_src_libc_machine_riscv_memmove.o)
 .debug_aranges
                0x0000000000000280       0x20 ../libc/libc.a(minimal__workspace_build_sim_software_include_.._picolibc_src_libc_machine_riscv_strcmp.o)
 .debug_aranges
                0x00000000000002a0       0x20 ../libc/libc.a(minimal__workspace_build_sim_software_include_.._picolibc_src_libc_machine_riscv_strcpy.o)
 .debug_aranges
                0x00000000000002c0       0x20 ../libc/libc.a(minimal__workspace_build_sim_software_include_.._picolibc_src_libc_machine_riscv_strlen.o)
 .debug_aranges
                0x00000000000002e0       0x20 ../libc/libc.a(minimal__workspace_build_sim_software_include_.._picolibc_src_libc_stdio_vfiprintf.o)
 .debug_aranges
                0x0000000000000300       0x20 ../libc/libc.a(_libc_minimal.a)
 .debug_aranges
                0x0000000000000320       0x18 ../libc/libc.a(minimal__workspace_build_sim_software_include_.._picolibc_src_libc_errno_errno.o)
 .debug_aranges
                0x0000000000000338       0x20 ../libc/libc.a(minimal__workspace_build_sim_software_include_.._picolibc_src_libc_string_strnlen.o)
 .debug_aranges
                0x0000000000000358       0x20 ../libbase/libbase.a(crc16.o)
 .debug_aranges
                0x0000000000000378       0x20 ../libbase/libbase.a(crc32.o)
 .debug_aranges
                0x0000000000000398       0x20 ../libbase/libbase.a(system.o)
 .debug_aranges
                0x00000000000003b8       0x20 ../libbase/libbase.a(memtest.o)
 .debug_aranges
                0x00000000000003d8       0x20 ../libbase/libbase.a(uart.o)
 .debug_aranges
                0x00000000000003f8       0x20 ../libbase/libbase.a(isr.o)
 .debug_aranges
                0x0000000000000418       0x20 ../liblitedram/liblitedram.a(utils.o)
 .debug_aranges
                0x0000000000000438       0x20 ../libcompiler_rt/libcompiler_rt.a(udivmoddi4.o)
 .debug_aranges
                0x0000000000000458       0x20 ../libcompiler_rt/libcompiler_rt.a(clzsi2.o)
 .debug_aranges
                0x0000000000000478       0x20 ../libcompiler_rt/libcompiler_rt.a(ctzsi2.o)
 .debug_aranges
                0x0000000000000498       0x20 ../libcompiler_rt/libcompiler_rt.a(udivdi3.o)

.debug_str      0x0000000000000000    0x13b17
 .debug_str     0x0000000000000000       0x6c boot-helper.o
 .debug_str     0x000000000000006c     0x87f6 boot.o
                                       0x8af7 (size before relaxing)
 .debug_str     0x0000000000008862      0x7d2 helpers.o
                                       0x71d6 (size before relaxing)
 .debug_str     0x0000000000009034      0x117 cmd_bios.o
                                       0x7a67 (size before relaxing)
 .debug_str     0x000000000000914b      0x211 cmd_mem.o
                                       0x7c66 (size before relaxing)
 .debug_str     0x000000000000935c       0x92 cmd_boot.o
                                       0x79b1 (size before relaxing)
 .debug_str     0x00000000000093ee      0x6ba main.o
                                       0x8e7d (size before relaxing)
 .debug_str     0x0000000000009aa8       0x36 crt0.o
                                         0x65 (size before relaxing)
 .debug_str     0x0000000000009ade       0xfa complete.o
                                       0x65bf (size before relaxing)
 .debug_str     0x0000000000009bd8      0x279 readline.o
                                       0x65ad (size before relaxing)
 .debug_str     0x0000000000009e51     0x1ad7 ../libc/libc.a(minimal__workspace_build_sim_software_include_.._picolibc_src_libc_string_strncpy.o)
                                       0x6e08 (size before relaxing)
 .debug_str     0x000000000000b928     0x6dec ../libc/libc.a(minimal__workspace_build_sim_software_include_.._picolibc_src_libc_string_strncmp.o)
 .debug_str     0x000000000000b928     0x3d8f ../libc/libc.a(minimal__workspace_build_sim_software_include_.._picolibc_src_libc_stdio_fgetc.o)
                                       0xae8c (size before relaxing)
 .debug_str     0x000000000000f6b7        0xe ../libc/libc.a(minimal__workspace_build_sim_software_include_.._picolibc_src_libc_stdio_fputc.o)
                                       0xae6f (size before relaxing)
 .debug_str     0x000000000000f6c5       0x1f ../libc/libc.a(minimal__workspace_build_sim_software_include_.._picolibc_src_libc_stdio_fputs.o)
                                       0xae81 (size before relaxing)
 .debug_str     0x000000000000f6e4       0x21 ../libc/libc.a(minimal__workspace_build_sim_software_include_.._picolibc_src_libc_stdio_printf.o)
                                       0xae95 (size before relaxing)
 .debug_str     0x000000000000f705        0xa ../libc/libc.a(minimal__workspace_build_sim_software_include_.._picolibc_src_libc_stdio_puts.o)
                                       0xae8a (size before relaxing)
 .debug_str     0x000000000000f70f     0x1151 ../libc/libc.a(minimal__workspace_build_sim_software_include_.._picolibc_src_libc_stdio_strtoul.o)
                                       0xbf7a (size before relaxing)
 .debug_str     0x0000000000010860       0x79 ../libc/libc.a(minimal__workspace_build_sim_software_include_.._picolibc_src_libc_machine_riscv_memcpy-asm.o)
                                         0x85 (size before relaxing)
 .debug_str     0x00000000000108d9       0x53 ../libc/libc.a(minimal__workspace_build_sim_software_include_.._picolibc_src_libc_machine_riscv_memmove.o)
                                         0x82 (size before relaxing)
 .debug_str     0x000000000001092c       0x52 ../libc/libc.a(minimal__workspace_build_sim_software_include_.._picolibc_src_libc_machine_riscv_strcmp.o)
                                         0x81 (size before relaxing)
 .debug_str     0x000000000001097e       0x32 ../libc/libc.a(minimal__workspace_build_sim_software_include_.._picolibc_src_libc_machine_riscv_strcpy.o)
                                       0x4f14 (size before relaxing)
 .debug_str     0x00000000000109b0     0x4efe ../libc/libc.a(minimal__workspace_build_sim_software_include_.._picolibc_src_libc_machine_riscv_strlen.o)
 .debug_str     0x00000000000109b0     0x2792 ../libc/libc.a(minimal__workspace_build_sim_software_include_.._picolibc_src_libc_stdio_vfiprintf.o)
                                       0xdebf (size before relaxing)
 .debug_str     0x0000000000013142       0x57 ../libc/libc.a(_libc_minimal.a)
                                       0x755d (size before relaxing)
 .debug_str     0x0000000000013199     0x478a ../libc/libc.a(minimal__workspace_build_sim_software_include_.._picolibc_src_libc_errno_errno.o)
 .debug_str     0x0000000000013199       0x10 ../libc/libc.a(minimal__workspace_build_sim_software_include_.._picolibc_src_libc_string_strnlen.o)
                                       0x43a4 (size before relaxing)
 .debug_str     0x00000000000131a9        0xc ../libbase/libbase.a(crc16.o)
                                       0x2612 (size before relaxing)
 .debug_str     0x00000000000131b5       0xa6 ../libbase/libbase.a(crc32.o)
                                       0x2699 (size before relaxing)
 .debug_str     0x000000000001325b       0x17 ../libbase/libbase.a(system.o)
                                       0x64a6 (size before relaxing)
 .debug_str     0x0000000000013272      0x287 ../libbase/libbase.a(memtest.o)
                                       0x81a4 (size before relaxing)
 .debug_str     0x00000000000134f9      0x1d3 ../libbase/libbase.a(uart.o)
                                       0x6544 (size before relaxing)
 .debug_str     0x00000000000136cc       0x2f ../libbase/libbase.a(isr.o)
                                       0x7540 (size before relaxing)
 .debug_str     0x00000000000136fb       0x16 ../liblitedram/liblitedram.a(utils.o)
                                       0x8613 (size before relaxing)
 .debug_str     0x0000000000013711      0x3ff ../libcompiler_rt/libcompiler_rt.a(udivmoddi4.o)
                                       0x5d33 (size before relaxing)
 .debug_str     0x0000000000013b10        0x7 ../libcompiler_rt/libcompiler_rt.a(clzsi2.o)
                                       0x5ce8 (size before relaxing)
 .debug_str     0x0000000000013b17     0x5ce8 ../libcompiler_rt/libcompiler_rt.a(ctzsi2.o)
 .debug_str     0x0000000000013b17     0x5cef ../libcompiler_rt/libcompiler_rt.a(udivdi3.o)

.debug_loclists
                0x0000000000000000     0x52aa
 .debug_loclists
                0x0000000000000000      0xb43 boot.o
 .debug_loclists
                0x0000000000000b43      0x386 helpers.o
 .debug_loclists
                0x0000000000000ec9      0x1d7 cmd_bios.o
 .debug_loclists
                0x00000000000010a0      0x6b8 cmd_mem.o
 .debug_loclists
                0x0000000000001758      0x174 cmd_boot.o
 .debug_loclists
                0x00000000000018cc       0x7d main.o
 .debug_loclists
                0x0000000000001949      0x313 complete.o
 .debug_loclists
                0x0000000000001c5c      0x70b readline.o
 .debug_loclists
                0x0000000000002367       0xaa ../libc/libc.a(minimal__workspace_build_sim_software_include_.._picolibc_src_libc_string_strncpy.o)
 .debug_loclists
                0x0000000000002411      0x108 ../libc/libc.a(minimal__workspace_build_sim_software_include_.._picolibc_src_libc_string_strncmp.o)
 .debug_loclists
                0x0000000000002519       0x9b ../libc/libc.a(minimal__workspace_build_sim_software_include_.._picolibc_src_libc_stdio_fgetc.o)
 .debug_loclists
                0x00000000000025b4       0x7a ../libc/libc.a(minimal__workspace_build_sim_software_include_.._picolibc_src_libc_stdio_fputc.o)
 .debug_loclists
                0x000000000000262e       0x84 ../libc/libc.a(minimal__workspace_build_sim_software_include_.._picolibc_src_libc_stdio_fputs.o)
 .debug_loclists
                0x00000000000026b2       0x31 ../libc/libc.a(minimal__workspace_build_sim_software_include_.._picolibc_src_libc_stdio_printf.o)
 .debug_loclists
                0x00000000000026e3       0x7f ../libc/libc.a(minimal__workspace_build_sim_software_include_.._picolibc_src_libc_stdio_puts.o)
 .debug_loclists
                0x0000000000002762      0x22d ../libc/libc.a(minimal__workspace_build_sim_software_include_.._picolibc_src_libc_stdio_strtoul.o)
 .debug_loclists
                0x000000000000298f       0x7a ../libc/libc.a(minimal__workspace_build_sim_software_include_.._picolibc_src_libc_machine_riscv_strcpy.o)
 .debug_loclists
                0x0000000000002a09       0x3d ../libc/libc.a(minimal__workspace_build_sim_software_include_.._picolibc_src_libc_machine_riscv_strlen.o)
 .debug_loclists
                0x0000000000002a46      0x76d ../libc/libc.a(minimal__workspace_build_sim_software_include_.._picolibc_src_libc_stdio_vfiprintf.o)
 .debug_loclists
                0x00000000000031b3       0x5a ../libc/libc.a(_libc_minimal.a)
 .debug_loclists
                0x000000000000320d       0xb6 ../libc/libc.a(minimal__workspace_build_sim_software_include_.._picolibc_src_libc_string_strnlen.o)
 .debug_loclists
                0x00000000000032c3       0x80 ../libbase/libbase.a(crc16.o)
 .debug_loclists
                0x0000000000003343      0x186 ../libbase/libbase.a(crc32.o)
 .debug_loclists
                0x00000000000034c9      0x1bb ../libbase/libbase.a(system.o)
 .debug_loclists
                0x0000000000003684      0xfe8 ../libbase/libbase.a(memtest.o)
 .debug_loclists
                0x000000000000466c      0x211 ../libbase/libbase.a(uart.o)
 .debug_loclists
                0x000000000000487d      0x107 ../libbase/libbase.a(isr.o)
 .debug_loclists
                0x0000000000004984      0x145 ../liblitedram/liblitedram.a(utils.o)
 .debug_loclists
                0x0000000000004ac9      0x2ae ../libcompiler_rt/libcompiler_rt.a(udivmoddi4.o)
 .debug_loclists
                0x0000000000004d77      0x20b ../libcompiler_rt/libcompiler_rt.a(clzsi2.o)
 .debug_loclists
                0x0000000000004f82      0x2da ../libcompiler_rt/libcompiler_rt.a(ctzsi2.o)
 .debug_loclists
                0x000000000000525c       0x4e ../libcompiler_rt/libcompiler_rt.a(udivdi3.o)

.debug_rnglists
                0x0000000000000000      0x996
 .debug_rnglists
                0x0000000000000000      0x2e9 boot.o
 .debug_rnglists
                0x00000000000002e9       0x28 helpers.o
 .debug_rnglists
                0x0000000000000311       0x29 main.o
 .debug_rnglists
                0x000000000000033a       0xb5 complete.o
 .debug_rnglists
                0x00000000000003ef      0x109 readline.o
 .debug_rnglists
                0x00000000000004f8       0x3b ../libc/libc.a(minimal__workspace_build_sim_software_include_.._picolibc_src_libc_stdio_strtoul.o)
 .debug_rnglists
                0x0000000000000533       0xeb ../libc/libc.a(minimal__workspace_build_sim_software_include_.._picolibc_src_libc_stdio_vfiprintf.o)
 .debug_rnglists
                0x000000000000061e       0x91 ../libbase/libbase.a(system.o)
 .debug_rnglists
                0x00000000000006af      0x19e ../libbase/libbase.a(memtest.o)
 .debug_rnglists
                0x000000000000084d       0xb6 ../libbase/libbase.a(uart.o)
 .debug_rnglists
                0x0000000000000903       0x74 ../libbase/libbase.a(isr.o)
 .debug_rnglists
                0x0000000000000977       0x1f ../libcompiler_rt/libcompiler_rt.a(udivmoddi4.o)

.debug_macro    0x0000000000000000     0x8fb2
 .debug_macro   0x0000000000000000      0x293 boot.o
 .debug_macro   0x0000000000000293      0x7a8 boot.o
 .debug_macro   0x0000000000000a3b       0x10 boot.o
 .debug_macro   0x0000000000000a4b      0x220 boot.o
 .debug_macro   0x0000000000000c6b       0x9c boot.o
 .debug_macro   0x0000000000000d07       0x34 boot.o
 .debug_macro   0x0000000000000d3b       0x58 boot.o
 .debug_macro   0x0000000000000d93       0x5b boot.o
 .debug_macro   0x0000000000000dee      0x253 boot.o
 .debug_macro   0x0000000000001041       0x10 boot.o
 .debug_macro   0x0000000000001051       0x97 boot.o
 .debug_macro   0x00000000000010e8       0x10 boot.o
 .debug_macro   0x00000000000010f8       0x58 boot.o
 .debug_macro   0x0000000000001150       0x16 boot.o
 .debug_macro   0x0000000000001166       0x20 boot.o
 .debug_macro   0x0000000000001186       0x35 boot.o
 .debug_macro   0x00000000000011bb      0x1f0 boot.o
 .debug_macro   0x00000000000013ab       0x4c boot.o
 .debug_macro   0x00000000000013f7       0x22 boot.o
 .debug_macro   0x0000000000001419       0x6a boot.o
 .debug_macro   0x0000000000001483       0xfd boot.o
 .debug_macro   0x0000000000001580      0x1df boot.o
 .debug_macro   0x000000000000175f       0x16 boot.o
 .debug_macro   0x0000000000001775       0x97 boot.o
 .debug_macro   0x000000000000180c       0x16 boot.o
 .debug_macro   0x0000000000001822       0x3a boot.o
 .debug_macro   0x000000000000185c       0x29 boot.o
 .debug_macro   0x0000000000001885       0x86 boot.o
 .debug_macro   0x000000000000190b       0x22 boot.o
 .debug_macro   0x000000000000192d       0xa0 boot.o
 .debug_macro   0x00000000000019cd       0x1c boot.o
 .debug_macro   0x00000000000019e9       0x16 boot.o
 .debug_macro   0x00000000000019ff       0x35 boot.o
 .debug_macro   0x0000000000001a34       0x16 boot.o
 .debug_macro   0x0000000000001a4a       0x5e boot.o
 .debug_macro   0x0000000000001aa8       0x4a boot.o
 .debug_macro   0x0000000000001af2      0x190 boot.o
 .debug_macro   0x0000000000001c82       0x34 boot.o
 .debug_macro   0x0000000000001cb6       0x46 boot.o
 .debug_macro   0x0000000000001cfc       0x16 boot.o
 .debug_macro   0x0000000000001d12       0x16 boot.o
 .debug_macro   0x0000000000001d28       0x22 boot.o
 .debug_macro   0x0000000000001d4a       0x16 boot.o
 .debug_macro   0x0000000000001d60      0x106 boot.o
 .debug_macro   0x0000000000001e66       0xee boot.o
 .debug_macro   0x0000000000001f54      0x1bd helpers.o
 .debug_macro   0x0000000000002111       0x20 helpers.o
 .debug_macro   0x0000000000002131       0xc4 helpers.o
 .debug_macro   0x00000000000021f5       0x58 helpers.o
 .debug_macro   0x000000000000224d      0x1a6 cmd_bios.o
 .debug_macro   0x00000000000023f3       0x10 cmd_bios.o
 .debug_macro   0x0000000000002403      0x1b9 cmd_mem.o
 .debug_macro   0x00000000000025bc       0x22 cmd_mem.o
 .debug_macro   0x00000000000025de      0x19d cmd_boot.o
 .debug_macro   0x000000000000277b      0x2bb main.o
 .debug_macro   0x0000000000002a36       0xca main.o
 .debug_macro   0x0000000000002b00       0x10 main.o
 .debug_macro   0x0000000000002b10       0xd0 main.o
 .debug_macro   0x0000000000002be0      0x171 complete.o
 .debug_macro   0x0000000000002d51      0x10e complete.o
 .debug_macro   0x0000000000002e5f       0x16 complete.o
 .debug_macro   0x0000000000002e75       0x28 complete.o
 .debug_macro   0x0000000000002e9d      0x176 readline.o
 .debug_macro   0x0000000000003013       0x34 readline.o
 .debug_macro   0x0000000000003047      0x1d7 ../libc/libc.a(minimal__workspace_build_sim_software_include_.._picolibc_src_libc_string_strncpy.o)
 .debug_macro   0x000000000000321e      0x7ba ../libc/libc.a(minimal__workspace_build_sim_software_include_.._picolibc_src_libc_string_strncpy.o)
 .debug_macro   0x00000000000039d8       0xa2 ../libc/libc.a(minimal__workspace_build_sim_software_include_.._picolibc_src_libc_string_strncpy.o)
 .debug_macro   0x0000000000003a7a       0x10 ../libc/libc.a(minimal__workspace_build_sim_software_include_.._picolibc_src_libc_string_strncpy.o)
 .debug_macro   0x0000000000003a8a      0x184 ../libc/libc.a(minimal__workspace_build_sim_software_include_.._picolibc_src_libc_string_strncpy.o)
 .debug_macro   0x0000000000003c0e       0x16 ../libc/libc.a(minimal__workspace_build_sim_software_include_.._picolibc_src_libc_string_strncpy.o)
 .debug_macro   0x0000000000003c24      0x11e ../libc/libc.a(minimal__workspace_build_sim_software_include_.._picolibc_src_libc_string_strncpy.o)
 .debug_macro   0x0000000000003d42       0x10 ../libc/libc.a(minimal__workspace_build_sim_software_include_.._picolibc_src_libc_string_strncpy.o)
 .debug_macro   0x0000000000003d52       0x12 ../libc/libc.a(minimal__workspace_build_sim_software_include_.._picolibc_src_libc_string_strncpy.o)
 .debug_macro   0x0000000000003d64       0x16 ../libc/libc.a(minimal__workspace_build_sim_software_include_.._picolibc_src_libc_string_strncpy.o)
 .debug_macro   0x0000000000003d7a       0x22 ../libc/libc.a(minimal__workspace_build_sim_software_include_.._picolibc_src_libc_string_strncpy.o)
 .debug_macro   0x0000000000003d9c       0x9e ../libc/libc.a(minimal__workspace_build_sim_software_include_.._picolibc_src_libc_string_strncpy.o)
 .debug_macro   0x0000000000003e3a       0x16 ../libc/libc.a(minimal__workspace_build_sim_software_include_.._picolibc_src_libc_string_strncpy.o)
 .debug_macro   0x0000000000003e50       0x10 ../libc/libc.a(minimal__workspace_build_sim_software_include_.._picolibc_src_libc_string_strncpy.o)
 .debug_macro   0x0000000000003e60       0x19 ../libc/libc.a(minimal__workspace_build_sim_software_include_.._picolibc_src_libc_string_strncpy.o)
 .debug_macro   0x0000000000003e79       0x6a ../libc/libc.a(minimal__workspace_build_sim_software_include_.._picolibc_src_libc_string_strncpy.o)
 .debug_macro   0x0000000000003ee3      0x35e ../libc/libc.a(minimal__workspace_build_sim_software_include_.._picolibc_src_libc_string_strncpy.o)
 .debug_macro   0x0000000000004241       0x27 ../libc/libc.a(minimal__workspace_build_sim_software_include_.._picolibc_src_libc_string_strncpy.o)
 .debug_macro   0x0000000000004268      0x19d ../libc/libc.a(minimal__workspace_build_sim_software_include_.._picolibc_src_libc_string_strncpy.o)
 .debug_macro   0x0000000000004405       0x6a ../libc/libc.a(minimal__workspace_build_sim_software_include_.._picolibc_src_libc_string_strncpy.o)
 .debug_macro   0x000000000000446f       0x34 ../libc/libc.a(minimal__workspace_build_sim_software_include_.._picolibc_src_libc_string_strncpy.o)
 .debug_macro   0x00000000000044a3      0x1d1 ../libc/libc.a(minimal__workspace_build_sim_software_include_.._picolibc_src_libc_string_strncmp.o)
 .debug_macro   0x0000000000004674      0x256 ../libc/libc.a(minimal__workspace_build_sim_software_include_.._picolibc_src_libc_stdio_fgetc.o)
 .debug_macro   0x00000000000048ca       0x10 ../libc/libc.a(minimal__workspace_build_sim_software_include_.._picolibc_src_libc_stdio_fgetc.o)
 .debug_macro   0x00000000000048da      0x11e ../libc/libc.a(minimal__workspace_build_sim_software_include_.._picolibc_src_libc_stdio_fgetc.o)
 .debug_macro   0x00000000000049f8       0x58 ../libc/libc.a(minimal__workspace_build_sim_software_include_.._picolibc_src_libc_stdio_fgetc.o)
 .debug_macro   0x0000000000004a50       0x43 ../libc/libc.a(minimal__workspace_build_sim_software_include_.._picolibc_src_libc_stdio_fgetc.o)
 .debug_macro   0x0000000000004a93       0x17 ../libc/libc.a(minimal__workspace_build_sim_software_include_.._picolibc_src_libc_stdio_fgetc.o)
 .debug_macro   0x0000000000004aaa      0x25c ../libc/libc.a(minimal__workspace_build_sim_software_include_.._picolibc_src_libc_stdio_fgetc.o)
 .debug_macro   0x0000000000004d06       0x1c ../libc/libc.a(minimal__workspace_build_sim_software_include_.._picolibc_src_libc_stdio_fgetc.o)
 .debug_macro   0x0000000000004d22      0x554 ../libc/libc.a(minimal__workspace_build_sim_software_include_.._picolibc_src_libc_stdio_fgetc.o)
 .debug_macro   0x0000000000005276       0x3c ../libc/libc.a(minimal__workspace_build_sim_software_include_.._picolibc_src_libc_stdio_fgetc.o)
 .debug_macro   0x00000000000052b2       0x34 ../libc/libc.a(minimal__workspace_build_sim_software_include_.._picolibc_src_libc_stdio_fgetc.o)
 .debug_macro   0x00000000000052e6      0x183 ../libc/libc.a(minimal__workspace_build_sim_software_include_.._picolibc_src_libc_stdio_fgetc.o)
 .debug_macro   0x0000000000005469      0x241 ../libc/libc.a(minimal__workspace_build_sim_software_include_.._picolibc_src_libc_stdio_fgetc.o)
 .debug_macro   0x00000000000056aa      0x196 ../libc/libc.a(minimal__workspace_build_sim_software_include_.._picolibc_src_libc_stdio_fgetc.o)
 .debug_macro   0x0000000000005840      0x1b1 ../libc/libc.a(minimal__workspace_build_sim_software_include_.._picolibc_src_libc_stdio_fgetc.o)
 .debug_macro   0x00000000000059f1       0x10 ../libc/libc.a(minimal__workspace_build_sim_software_include_.._picolibc_src_libc_stdio_fgetc.o)
 .debug_macro   0x0000000000005a01       0x64 ../libc/libc.a(minimal__workspace_build_sim_software_include_.._picolibc_src_libc_stdio_fgetc.o)
 .debug_macro   0x0000000000005a65       0x1c ../libc/libc.a(minimal__workspace_build_sim_software_include_.._picolibc_src_libc_stdio_fgetc.o)
 .debug_macro   0x0000000000005a81       0x82 ../libc/libc.a(minimal__workspace_build_sim_software_include_.._picolibc_src_libc_stdio_fgetc.o)
 .debug_macro   0x0000000000005b03       0xa2 ../libc/libc.a(minimal__workspace_build_sim_software_include_.._picolibc_src_libc_stdio_fgetc.o)
 .debug_macro   0x0000000000005ba5      0x2b0 ../libc/libc.a(minimal__workspace_build_sim_software_include_.._picolibc_src_libc_stdio_fgetc.o)
 .debug_macro   0x0000000000005e55       0x12 ../libc/libc.a(minimal__workspace_build_sim_software_include_.._picolibc_src_libc_stdio_fgetc.o)
 .debug_macro   0x0000000000005e67       0x2e ../libc/libc.a(minimal__workspace_build_sim_software_include_.._picolibc_src_libc_stdio_fgetc.o)
 .debug_macro   0x0000000000005e95       0xad ../libc/libc.a(minimal__workspace_build_sim_software_include_.._picolibc_src_libc_stdio_fgetc.o)
 .debug_macro   0x0000000000005f42      0x256 ../libc/libc.a(minimal__workspace_build_sim_software_include_.._picolibc_src_libc_stdio_fputc.o)
 .debug_macro   0x0000000000006198      0x24a ../libc/libc.a(minimal__workspace_build_sim_software_include_.._picolibc_src_libc_stdio_fputs.o)
 .debug_macro   0x00000000000063e2      0x24a ../libc/libc.a(minimal__workspace_build_sim_software_include_.._picolibc_src_libc_stdio_printf.o)
 .debug_macro   0x000000000000662c      0x24a ../libc/libc.a(minimal__workspace_build_sim_software_include_.._picolibc_src_libc_stdio_puts.o)
 .debug_macro   0x0000000000006876      0x274 ../libc/libc.a(minimal__workspace_build_sim_software_include_.._picolibc_src_libc_stdio_strtoul.o)
 .debug_macro   0x0000000000006aea      0x471 ../libc/libc.a(minimal__workspace_build_sim_software_include_.._picolibc_src_libc_stdio_strtoul.o)
 .debug_macro   0x0000000000006f5b       0x34 ../libc/libc.a(minimal__workspace_build_sim_software_include_.._picolibc_src_libc_stdio_strtoul.o)
 .debug_macro   0x0000000000006f8f       0xf2 ../libc/libc.a(minimal__workspace_build_sim_software_include_.._picolibc_src_libc_machine_riscv_strcpy.o)
 .debug_macro   0x0000000000007081       0xec ../libc/libc.a(minimal__workspace_build_sim_software_include_.._picolibc_src_libc_machine_riscv_strlen.o)
 .debug_macro   0x000000000000716d      0x2dc ../libc/libc.a(minimal__workspace_build_sim_software_include_.._picolibc_src_libc_stdio_vfiprintf.o)
 .debug_macro   0x0000000000007449       0x16 ../libc/libc.a(minimal__workspace_build_sim_software_include_.._picolibc_src_libc_stdio_vfiprintf.o)
 .debug_macro   0x000000000000745f       0x10 ../libc/libc.a(minimal__workspace_build_sim_software_include_.._picolibc_src_libc_stdio_vfiprintf.o)
 .debug_macro   0x000000000000746f      0x73e ../libc/libc.a(minimal__workspace_build_sim_software_include_.._picolibc_src_libc_stdio_vfiprintf.o)
 .debug_macro   0x0000000000007bad       0x41 ../libc/libc.a(minimal__workspace_build_sim_software_include_.._picolibc_src_libc_stdio_vfiprintf.o)
 .debug_macro   0x0000000000007bee       0x82 ../libc/libc.a(minimal__workspace_build_sim_software_include_.._picolibc_src_libc_stdio_vfiprintf.o)
 .debug_macro   0x0000000000007c70       0x18 ../libc/libc.a(minimal__workspace_build_sim_software_include_.._picolibc_src_libc_stdio_vfiprintf.o)
 .debug_macro   0x0000000000007c88      0x14a ../libc/libc.a(_libc_minimal.a)
 .debug_macro   0x0000000000007dd2       0x94 ../libc/libc.a(_libc_minimal.a)
 .debug_macro   0x0000000000007e66       0x6f ../libc/libc.a(minimal__workspace_build_sim_software_include_.._picolibc_src_libc_errno_errno.o)
 .debug_macro   0x0000000000007ed5       0xb4 ../libc/libc.a(minimal__workspace_build_sim_software_include_.._picolibc_src_libc_string_strnlen.o)
 .debug_macro   0x0000000000007f89       0x24 ../libbase/libbase.a(crc16.o)
 .debug_macro   0x0000000000007fad       0x3c ../libbase/libbase.a(crc32.o)
 .debug_macro   0x0000000000007fe9       0xe4 ../libbase/libbase.a(system.o)
 .debug_macro   0x00000000000080cd      0x16d ../libbase/libbase.a(system.o)
 .debug_macro   0x000000000000823a      0x1b7 ../libbase/libbase.a(memtest.o)
 .debug_macro   0x00000000000083f1       0xfc ../libbase/libbase.a(uart.o)
 .debug_macro   0x00000000000084ed      0x14d ../libbase/libbase.a(isr.o)
 .debug_macro   0x000000000000863a      0x189 ../liblitedram/liblitedram.a(utils.o)
 .debug_macro   0x00000000000087c3      0x46b ../liblitedram/liblitedram.a(utils.o)
 .debug_macro   0x0000000000008c2e       0xe1 ../libcompiler_rt/libcompiler_rt.a(udivmoddi4.o)
 .debug_macro   0x0000000000008d0f       0xe1 ../libcompiler_rt/libcompiler_rt.a(clzsi2.o)
 .debug_macro   0x0000000000008df0       0xe1 ../libcompiler_rt/libcompiler_rt.a(ctzsi2.o)
 .debug_macro   0x0000000000008ed1       0xe1 ../libcompiler_rt/libcompiler_rt.a(udivdi3.o)
