Archive member included to satisfy reference by file (symbol)

../../build/sim/software/libc/libc.a(minimal__workspace_build_sim_software_include_.._picolibc_src_libc_ctype_ctype_.o)
                              (--whole-archive)
../../build/sim/software/libc/libc.a(minimal__workspace_build_sim_software_include_.._picolibc_src_libc_errno_errno.o)
                              (--whole-archive)
../../build/sim/software/libc/libc.a(minimal__workspace_build_sim_software_include_.._picolibc_src_libc_string_strchr.o)
                              (--whole-archive)
../../build/sim/software/libc/libc.a(minimal__workspace_build_sim_software_include_.._picolibc_src_libc_string_strncpy.o)
                              (--whole-archive)
../../build/sim/software/libc/libc.a(minimal__workspace_build_sim_software_include_.._picolibc_src_libc_string_strncmp.o)
                              (--whole-archive)
../../build/sim/software/libc/libc.a(minimal__workspace_build_sim_software_include_.._picolibc_src_libc_string_strnlen.o)
                              (--whole-archive)
../../build/sim/software/libc/libc.a(minimal__workspace_build_sim_software_include_.._picolibc_src_libc_stdio_fgetc.o)
                              (--whole-archive)
../../build/sim/software/libc/libc.a(minimal__workspace_build_sim_software_include_.._picolibc_src_libc_stdio_fputc.o)
                              (--whole-archive)
../../build/sim/software/libc/libc.a(minimal__workspace_build_sim_software_include_.._picolibc_src_libc_stdio_fputs.o)
                              (--whole-archive)
../../build/sim/software/libc/libc.a(minimal__workspace_build_sim_software_include_.._picolibc_src_libc_stdio_printf.o)
                              (--whole-archive)
../../build/sim/software/libc/libc.a(minimal__workspace_build_sim_software_include_.._picolibc_src_libc_stdio_puts.o)
                              (--whole-archive)
../../build/sim/software/libc/libc.a(minimal__workspace_build_sim_software_include_.._picolibc_src_libc_stdio_strtoul.o)
                              (--whole-archive)
../../build/sim/software/libc/libc.a(minimal__workspace_build_sim_software_include_.._picolibc_src_libc_stdlib_lldiv.o)
                              (--whole-archive)
../../build/sim/software/libc/libc.a(minimal__workspace_build_sim_software_include_.._picolibc_src_libc_machine_riscv_memcpy-asm.o)
                              (--whole-archive)
../../build/sim/software/libc/libc.a(minimal__workspace_build_sim_software_include_.._picolibc_src_libc_machine_riscv_memmove.o)
                              (--whole-archive)
../../build/sim/software/libc/libc.a(minimal__workspace_build_sim_software_include_.._picolibc_src_libc_machine_riscv_memset.o)
                              (--whole-archive)
../../build/sim/software/libc/libc.a(minimal__workspace_build_sim_software_include_.._picolibc_src_libc_machine_riscv_strcmp.o)
                              (--whole-archive)
../../build/sim/software/libc/libc.a(minimal__workspace_build_sim_software_include_.._picolibc_src_libc_machine_riscv_strcpy.o)
                              (--whole-archive)
../../build/sim/software/libc/libc.a(minimal__workspace_build_sim_software_include_.._picolibc_src_libc_machine_riscv_strlen.o)
                              (--whole-archive)
../../build/sim/software/libc/libc.a(minimal__workspace_build_sim_software_include_.._picolibc_src_libc_stdio_vfiprintf.o)
                              (--whole-archive)
../../build/sim/software/libc/libc.a(_libc_minimal.a)
                              (--whole-archive)
../../build/sim/software/libc/libc.a(libc-minimal.a)
                              (--whole-archive)
../../build/sim/software/libcompiler_rt/libcompiler_rt.a(umodsi3.o)
                              (--whole-archive)
../../build/sim/software/libcompiler_rt/libcompiler_rt.a(udivsi3.o)
                              (--whole-archive)
../../build/sim/software/libcompiler_rt/libcompiler_rt.a(divsi3.o)
                              (--whole-archive)
../../build/sim/software/libcompiler_rt/libcompiler_rt.a(modsi3.o)
                              (--whole-archive)
../../build/sim/software/libcompiler_rt/libcompiler_rt.a(comparesf2.o)
                              (--whole-archive)
../../build/sim/software/libcompiler_rt/libcompiler_rt.a(comparedf2.o)
                              (--whole-archive)
../../build/sim/software/libcompiler_rt/libcompiler_rt.a(negsf2.o)
                              (--whole-archive)
../../build/sim/software/libcompiler_rt/libcompiler_rt.a(negdf2.o)
                              (--whole-archive)
../../build/sim/software/libcompiler_rt/libcompiler_rt.a(addsf3.o)
                              (--whole-archive)
../../build/sim/software/libcompiler_rt/libcompiler_rt.a(subsf3.o)
                              (--whole-archive)
../../build/sim/software/libcompiler_rt/libcompiler_rt.a(mulsf3.o)
                              (--whole-archive)
[...]
Memory Configuration

Name             Origin             Length             Attributes
rom              0x0000000000000000 0x0000000000020000
sram             0x0000000010000000 0x0000000000002000
main_ram         0x0000000040000000 0x0000000000010000
csr              0x00000000f0000000 0x0000000000010000
*default*        0x0000000000000000 0xffffffffffffffff

Linker script and memory map

LOAD helloc.o
LOAD add_asm.o
LOAD add.o
LOAD crt0.o
LOAD chacha20.o
LOAD main.o
LOAD ../../build/sim/software/libc/libc.a
LOAD ../../build/sim/software/libcompiler_rt/libcompiler_rt.a
LOAD ../../build/sim/software/libbase/libbase.a
LOAD ../../build/sim/software/libfatfs/libfatfs.a
LOAD ../../build/sim/software/liblitespi/liblitespi.a
LOAD ../../build/sim/software/liblitedram/liblitedram.a
LOAD ../../build/sim/software/libliteeth/libliteeth.a
LOAD ../../build/sim/software/liblitesdcard/liblitesdcard.a
LOAD ../../build/sim/software/liblitesata/liblitesata.a
                0x0000000000000000                __DYNAMIC = 0x0

.text           0x0000000040000000     0x10d8
                0x0000000040000000                _ftext = .
 *crt0*(.text)
 .text          0x0000000040000000      0x128 crt0.o
                0x0000000040000000                _start
                0x0000000040000020                trap_entry
 *crt0*(.text)
 *(.text.isr)
 *(.text .stub .text.* .gnu.linkonce.t.*)
 .text          0x0000000040000128        0xc helloc.o
                0x0000000040000128                helloc
 .text          0x0000000040000134        0x8 add_asm.o
                0x0000000040000134                add_asm
 .text          0x000000004000013c        0x4 add.o
                0x000000004000013c                add
 .text          0x0000000040000140        0xc chacha20.o
                0x0000000040000140                chacha20
 .text          0x000000004000014c       0x64 main.o
 .text.startup  0x00000000400001b0      0x230 main.o
                0x00000000400001b0                main
 .text          0x00000000400003e0       0x28 ../../build/sim/software/libc/libc.a(minimal__workspace_build_sim_software_include_.._picolibc_src_libc_string_strchr.o)
                0x00000000400003e0                strchr
 .text          0x0000000040000408       0x24 ../../build/sim/software/libc/libc.a(minimal__workspace_build_sim_software_include_.._picolibc_src_libc_string_strnlen.o)
                0x0000000040000408                strnlen
 .text          0x000000004000042c       0x7c ../../build/sim/software/libc/libc.a(minimal__workspace_build_sim_software_include_.._picolibc_src_libc_stdio_fgetc.o)
                0x000000004000042c                getc_unlocked
                0x000000004000042c                getc
                0x000000004000042c                fgetc
 .text          0x00000000400004a8       0x74 ../../build/sim/software/libc/libc.a(minimal__workspace_build_sim_software_include_.._picolibc_src_libc_stdio_fputs.o)
                0x00000000400004a8                fputs
 .text          0x000000004000051c       0x4c ../../build/sim/software/libc/libc.a(minimal__workspace_build_sim_software_include_.._picolibc_src_libc_stdio_printf.o)
                0x000000004000051c                printf
 .text          0x0000000040000568       0x88 ../../build/sim/software/libc/libc.a(minimal__workspace_build_sim_software_include_.._picolibc_src_libc_stdio_puts.o)
                0x0000000040000568                puts
 .text.strcmp   0x00000000400005f0       0x20 ../../build/sim/software/libc/libc.a(minimal__workspace_build_sim_software_include_.._picolibc_src_libc_machine_riscv_strcmp.o)
                0x00000000400005f0                strcmp
 .text          0x0000000040000610       0x1c ../../build/sim/software/libc/libc.a(minimal__workspace_build_sim_software_include_.._picolibc_src_libc_machine_riscv_strlen.o)
                0x0000000040000610                strlen
 .text          0x000000004000062c      0x690 ../../build/sim/software/libc/libc.a(minimal__workspace_build_sim_software_include_.._picolibc_src_libc_stdio_vfiprintf.o)
                0x0000000040000678                __i_vfprintf
                0x0000000040000678                vfprintf
 .text          0x0000000040000cbc       0x5c ../../build/sim/software/libc/libc.a(_libc_minimal.a)
 .text          0x0000000040000d18       0x74 ../../build/sim/software/libcompiler_rt/libcompiler_rt.a(ctzsi2.o)
                0x0000000040000d18                __ctzsi2
 .text          0x0000000040000d8c        0x4 ../../build/sim/software/libbase/libbase.a(console.o)
                0x0000000040000d8c                readchar_nonblock
 .text          0x0000000040000d90      0x234 ../../build/sim/software/libbase/libbase.a(uart.o)
                0x0000000040000d90                uart_isr
                0x0000000040000e54                uart_read
                0x0000000040000e9c                uart_read_nonblock
                0x0000000040000eb8                uart_write
                0x0000000040000f34                uart_init
                0x0000000040000fac                uart_sync
 .text          0x0000000040000fc4      0x114 ../../build/sim/software/libbase/libbase.a(isr.o)
                0x0000000040000fc4                irq_attach
                0x0000000040001028                irq_detach
                0x0000000040001030                isr
                0x00000000400010d8                _etext = .

.rodata         0x00000000400010d8      0x2d0
                0x00000000400010d8                . = ALIGN (0x8)
 *fill*         0x00000000400010d8        0x0 
                0x00000000400010d8                _frodata = .
 *(.rodata .rodata.* .gnu.linkonce.r.*)
 .rodata.str1.4
                0x00000000400010d8       0x12 helloc.o
 *fill*         0x00000000400010ea        0x2 
 .rodata.str1.4
                0x00000000400010ec       0x1e chacha20.o
 *fill*         0x000000004000110a        0x2 
 .rodata.str1.4
                0x000000004000110c      0x195 main.o
                                        0x199 (size before relaxing)
 *fill*         0x00000000400012a1        0x3 
 .rodata.str1.4
                0x00000000400012a4       0x10 ../../build/sim/software/libc/libc.a(minimal__workspace_build_sim_software_include_.._picolibc_src_libc_stdio_vfiprintf.o)
 .rodata        0x00000000400012b4       0x90 ../../build/sim/software/libc/libc.a(minimal__workspace_build_sim_software_include_.._picolibc_src_libc_stdio_vfiprintf.o)
 .rodata.str1.4
                0x0000000040001344       0x2f ../../build/sim/software/libbase/libbase.a(isr.o)
 *(.rodata1)
 *(.got .got.*)
 *fill*         0x0000000040001373        0x1 
 .got           0x0000000040001374       0x2c helloc.o
                0x0000000040001374                _GLOBAL_OFFSET_TABLE_
 .got.plt       0x00000000400013a0        0x8 helloc.o
 *(.toc .toc.*)
                0x00000000400013a8                . = ALIGN (0x8)
                0x00000000400013a8                _erodata = .

.eh_frame_hdr   0x00000000400013a8        0x0
 .eh_frame_hdr  0x00000000400013a8        0x0 helloc.o

.rela.dyn       0x00000000400013a8        0x0
 .rela.got      0x00000000400013a8        0x0 helloc.o

.data           0x0000000010000000       0x20 load address 0x00000000400013a8
                0x0000000010000000                . = ALIGN (0x8)
                0x0000000010000000                _fdata = .
 *(.data .data.* .gnu.linkonce.d.*)
 .data.rel.local
                0x0000000010000000       0x10 ../../build/sim/software/libc/libc.a(_libc_minimal.a)
 .data.rel.ro.local
                0x0000000010000010        0xc ../../build/sim/software/libc/libc.a(_libc_minimal.a)
                0x0000000010000010                stdin
                0x0000000010000014                stderr
                0x0000000010000018                stdout
 *(.data1)
                0x0000000010000020                _gp = ALIGN (0x10)
 *(.sdata .sdata.* .gnu.linkonce.s.*)
                0x0000000010000020                . = ALIGN (0x8)
 *fill*         0x000000001000001c        0x4 
                0x0000000010000020                _edata = .

.bss            0x0000000010000020      0x160 load address 0x00000000400013c8
                0x0000000010000020                . = ALIGN (0x8)
                0x0000000010000020                _fbss = .
 *(.dynsbss)
 *(.sbss .sbss.* .gnu.linkonce.sb.*)
 *(.scommon)
 *(.dynbss)
 *(.bss .bss.* .gnu.linkonce.b.*)
 .bss           0x0000000010000020       0x44 main.o
 .bss           0x0000000010000064      0x110 ../../build/sim/software/libbase/libbase.a(uart.o)
 .bss           0x0000000010000174        0x8 ../../build/sim/software/libbase/libbase.a(isr.o)
                0x0000000010000174                irq_table
 *(COMMON)
                0x0000000010000180                . = ALIGN (0x8)
 *fill*         0x000000001000017c        0x4 
                0x0000000010000180                _ebss = .
                0x0000000010000180                _end = .
                0x0000000010002000                PROVIDE (_fstack = (ORIGIN (sram) + LENGTH (sram)))
                0x00000000400013a8                PROVIDE (_fdata_rom = LOADADDR (.data))
                [!provide]                        PROVIDE (_edata_rom = (LOADADDR (.data) + SIZEOF (.data)))
OUTPUT(proy1.elf elf32-littleriscv)

.debug_info     0x0000000000000000     0x27ee
 .debug_info    0x0000000000000000       0xc1 helloc.o
 .debug_info    0x00000000000000c1       0x24 add_asm.o
 .debug_info    0x00000000000000e5       0xda add.o
 .debug_info    0x00000000000001bf       0x25 crt0.o
 .debug_info    0x00000000000001e4       0xc1 chacha20.o
 .debug_info    0x00000000000002a5      0x7de main.o
 .debug_info    0x0000000000000a83       0xdf ../../build/sim/software/libc/libc.a(minimal__workspace_build_sim_software_include_.._picolibc_src_libc_string_strchr.o)
 .debug_info    0x0000000000000b62       0xd4 ../../build/sim/software/libc/libc.a(minimal__workspace_build_sim_software_include_.._picolibc_src_libc_string_strnlen.o)
 .debug_info    0x0000000000000c36      0x23b ../../build/sim/software/libc/libc.a(minimal__workspace_build_sim_software_include_.._picolibc_src_libc_stdio_fgetc.o)
 .debug_info    0x0000000000000e71      0x1f8 ../../build/sim/software/libc/libc.a(minimal__workspace_build_sim_software_include_.._picolibc_src_libc_stdio_fputs.o)
 .debug_info    0x0000000000001069      0x1f7 ../../build/sim/software/libc/libc.a(minimal__workspace_build_sim_software_include_.._picolibc_src_libc_stdio_printf.o)
 .debug_info    0x0000000000001260      0x215 ../../build/sim/software/libc/libc.a(minimal__workspace_build_sim_software_include_.._picolibc_src_libc_stdio_puts.o)
 .debug_info    0x0000000000001475       0x24 ../../build/sim/software/libc/libc.a(minimal__workspace_build_sim_software_include_.._picolibc_src_libc_machine_riscv_strcmp.o)
 .debug_info    0x0000000000001499       0xca ../../build/sim/software/libc/libc.a(minimal__workspace_build_sim_software_include_.._picolibc_src_libc_machine_riscv_strlen.o)
 .debug_info    0x0000000000001563      0x4f4 ../../build/sim/software/libc/libc.a(minimal__workspace_build_sim_software_include_.._picolibc_src_libc_stdio_vfiprintf.o)
 .debug_info    0x0000000000001a57      0x24c ../../build/sim/software/libc/libc.a(_libc_minimal.a)
 .debug_info    0x0000000000001ca3       0xea ../../build/sim/software/libcompiler_rt/libcompiler_rt.a(ctzsi2.o)
 .debug_info    0x0000000000001d8d       0x8f ../../build/sim/software/libbase/libbase.a(console.o)
 .debug_info    0x0000000000001e1c      0x691 ../../build/sim/software/libbase/libbase.a(uart.o)
 .debug_info    0x00000000000024ad      0x341 ../../build/sim/software/libbase/libbase.a(isr.o)

.debug_abbrev   0x0000000000000000     0x1485
 .debug_abbrev  0x0000000000000000       0x8d helloc.o
 .debug_abbrev  0x000000000000008d       0x14 add_asm.o
 .debug_abbrev  0x00000000000000a1       0x8d add.o
 .debug_abbrev  0x000000000000012e       0x14 crt0.o
 .debug_abbrev  0x0000000000000142       0x8d chacha20.o
 .debug_abbrev  0x00000000000001cf      0x292 main.o
 .debug_abbrev  0x0000000000000461       0x8f ../../build/sim/software/libc/libc.a(minimal__workspace_build_sim_software_include_.._picolibc_src_libc_string_strchr.o)
 .debug_abbrev  0x00000000000004f0       0x8c ../../build/sim/software/libc/libc.a(minimal__workspace_build_sim_software_include_.._picolibc_src_libc_string_strnlen.o)
 .debug_abbrev  0x000000000000057c      0x163 ../../build/sim/software/libc/libc.a(minimal__workspace_build_sim_software_include_.._picolibc_src_libc_stdio_fgetc.o)
 .debug_abbrev  0x00000000000006df      0x149 ../../build/sim/software/libc/libc.a(minimal__workspace_build_sim_software_include_.._picolibc_src_libc_stdio_fputs.o)
 .debug_abbrev  0x0000000000000828      0x11d ../../build/sim/software/libc/libc.a(minimal__workspace_build_sim_software_include_.._picolibc_src_libc_stdio_printf.o)
 .debug_abbrev  0x0000000000000945      0x14d ../../build/sim/software/libc/libc.a(minimal__workspace_build_sim_software_include_.._picolibc_src_libc_stdio_puts.o)
 .debug_abbrev  0x0000000000000a92       0x14 ../../build/sim/software/libc/libc.a(minimal__workspace_build_sim_software_include_.._picolibc_src_libc_machine_riscv_strcmp.o)
 .debug_abbrev  0x0000000000000aa6       0x8a ../../build/sim/software/libc/libc.a(minimal__workspace_build_sim_software_include_.._picolibc_src_libc_machine_riscv_strlen.o)
 .debug_abbrev  0x0000000000000b30      0x25f ../../build/sim/software/libc/libc.a(minimal__workspace_build_sim_software_include_.._picolibc_src_libc_stdio_vfiprintf.o)
 .debug_abbrev  0x0000000000000d8f      0x173 ../../build/sim/software/libc/libc.a(_libc_minimal.a)
 .debug_abbrev  0x0000000000000f02       0x7c ../../build/sim/software/libcompiler_rt/libcompiler_rt.a(ctzsi2.o)
 .debug_abbrev  0x0000000000000f7e       0x68 ../../build/sim/software/libbase/libbase.a(console.o)
 .debug_abbrev  0x0000000000000fe6      0x244 ../../build/sim/software/libbase/libbase.a(uart.o)
 .debug_abbrev  0x000000000000122a      0x25b ../../build/sim/software/libbase/libbase.a(isr.o)

.debug_aranges  0x0000000000000000      0x288
 .debug_aranges
                0x0000000000000000       0x20 helloc.o
 .debug_aranges
                0x0000000000000020       0x20 add_asm.o
 .debug_aranges
                0x0000000000000040       0x20 add.o
 .debug_aranges
                0x0000000000000060       0x20 crt0.o
 .debug_aranges
                0x0000000000000080       0x20 chacha20.o
 .debug_aranges
                0x00000000000000a0       0x28 main.o
 .debug_aranges
                0x00000000000000c8       0x20 ../../build/sim/software/libc/libc.a(minimal__workspace_build_sim_software_include_.._picolibc_src_libc_string_strchr.o)
 .debug_aranges
                0x00000000000000e8       0x20 ../../build/sim/software/libc/libc.a(minimal__workspace_build_sim_software_include_.._picolibc_src_libc_string_strnlen.o)
 .debug_aranges
                0x0000000000000108       0x20 ../../build/sim/software/libc/libc.a(minimal__workspace_build_sim_software_include_.._picolibc_src_libc_stdio_fgetc.o)
 .debug_aranges
                0x0000000000000128       0x20 ../../build/sim/software/libc/libc.a(minimal__workspace_build_sim_software_include_.._picolibc_src_libc_stdio_fputs.o)
 .debug_aranges
                0x0000000000000148       0x20 ../../build/sim/software/libc/libc.a(minimal__workspace_build_sim_software_include_.._picolibc_src_libc_stdio_printf.o)
 .debug_aranges
                0x0000000000000168       0x20 ../../build/sim/software/libc/libc.a(minimal__workspace_build_sim_software_include_.._picolibc_src_libc_stdio_puts.o)
 .debug_aranges
                0x0000000000000188       0x20 ../../build/sim/software/libc/libc.a(minimal__workspace_build_sim_software_include_.._picolibc_src_libc_machine_riscv_strcmp.o)
 .debug_aranges
                0x00000000000001a8       0x20 ../../build/sim/software/libc/libc.a(minimal__workspace_build_sim_software_include_.._picolibc_src_libc_machine_riscv_strlen.o)
 .debug_aranges
                0x00000000000001c8       0x20 ../../build/sim/software/libc/libc.a(minimal__workspace_build_sim_software_include_.._picolibc_src_libc_stdio_vfiprintf.o)
 .debug_aranges
                0x00000000000001e8       0x20 ../../build/sim/software/libc/libc.a(_libc_minimal.a)
 .debug_aranges
                0x0000000000000208       0x20 ../../build/sim/software/libcompiler_rt/libcompiler_rt.a(ctzsi2.o)
 .debug_aranges
                0x0000000000000228       0x20 ../../build/sim/software/libbase/libbase.a(console.o)
 .debug_aranges
                0x0000000000000248       0x20 ../../build/sim/software/libbase/libbase.a(uart.o)
 .debug_aranges
                0x0000000000000268       0x20 ../../build/sim/software/libbase/libbase.a(isr.o)

.debug_macro    0x0000000000000000     0x55f3
 .debug_macro   0x0000000000000000       0xd1 helloc.o
 .debug_macro   0x00000000000000d1      0x7a8 helloc.o
 .debug_macro   0x0000000000000879       0x10 helloc.o
 .debug_macro   0x0000000000000889      0x220 helloc.o
 .debug_macro   0x0000000000000aa9       0x9c helloc.o
 .debug_macro   0x0000000000000b45       0x34 helloc.o
 .debug_macro   0x0000000000000b79       0x58 helloc.o
 .debug_macro   0x0000000000000bd1       0x5b helloc.o
 .debug_macro   0x0000000000000c2c      0x253 helloc.o
 .debug_macro   0x0000000000000e7f       0x10 helloc.o
 .debug_macro   0x0000000000000e8f       0x97 helloc.o
 .debug_macro   0x0000000000000f26       0x10 helloc.o
 .debug_macro   0x0000000000000f36       0x58 helloc.o
 .debug_macro   0x0000000000000f8e       0x16 helloc.o
 .debug_macro   0x0000000000000fa4       0x20 helloc.o
 .debug_macro   0x0000000000000fc4       0x35 helloc.o
 .debug_macro   0x0000000000000ff9      0x1f0 helloc.o
 .debug_macro   0x00000000000011e9       0x4c helloc.o
 .debug_macro   0x0000000000001235       0x22 helloc.o
 .debug_macro   0x0000000000001257       0xd1 add.o
 .debug_macro   0x0000000000001328       0xd1 chacha20.o
 .debug_macro   0x00000000000013f9      0x1e2 main.o
 .debug_macro   0x00000000000015db       0x16 main.o
 .debug_macro   0x00000000000015f1       0x97 main.o
 .debug_macro   0x0000000000001688       0x16 main.o
 .debug_macro   0x000000000000169e       0x3a main.o
 .debug_macro   0x00000000000016d8       0x29 main.o
 .debug_macro   0x0000000000001701       0x16 main.o
 .debug_macro   0x0000000000001717       0x20 main.o
 .debug_macro   0x0000000000001737       0x16 main.o
 .debug_macro   0x000000000000174d       0x5e main.o
 .debug_macro   0x00000000000017ab       0x86 main.o
 .debug_macro   0x0000000000001831       0x22 main.o
 .debug_macro   0x0000000000001853       0x94 main.o
 .debug_macro   0x00000000000018e7       0x1c main.o
 .debug_macro   0x0000000000001903       0x6a main.o
 .debug_macro   0x000000000000196d       0xfd main.o
 .debug_macro   0x0000000000001a6a      0x1df main.o
 .debug_macro   0x0000000000001c49       0x4a main.o
 .debug_macro   0x0000000000001c93      0x190 main.o
 .debug_macro   0x0000000000001e23       0x16 main.o
 .debug_macro   0x0000000000001e39       0x16 main.o
 .debug_macro   0x0000000000001e4f      0x1d1 ../../build/sim/software/libc/libc.a(minimal__workspace_build_sim_software_include_.._picolibc_src_libc_string_strchr.o)
 .debug_macro   0x0000000000002020       0x10 ../../build/sim/software/libc/libc.a(minimal__workspace_build_sim_software_include_.._picolibc_src_libc_string_strchr.o)
 .debug_macro   0x0000000000002030       0x10 ../../build/sim/software/libc/libc.a(minimal__workspace_build_sim_software_include_.._picolibc_src_libc_string_strchr.o)
 .debug_macro   0x0000000000002040       0x12 ../../build/sim/software/libc/libc.a(minimal__workspace_build_sim_software_include_.._picolibc_src_libc_string_strchr.o)
 .debug_macro   0x0000000000002052       0x16 ../../build/sim/software/libc/libc.a(minimal__workspace_build_sim_software_include_.._picolibc_src_libc_string_strchr.o)
 .debug_macro   0x0000000000002068       0x9e ../../build/sim/software/libc/libc.a(minimal__workspace_build_sim_software_include_.._picolibc_src_libc_string_strchr.o)
 .debug_macro   0x0000000000002106       0x16 ../../build/sim/software/libc/libc.a(minimal__workspace_build_sim_software_include_.._picolibc_src_libc_string_strchr.o)
 .debug_macro   0x000000000000211c       0x34 ../../build/sim/software/libc/libc.a(minimal__workspace_build_sim_software_include_.._picolibc_src_libc_string_strchr.o)
 .debug_macro   0x0000000000002150       0x6a ../../build/sim/software/libc/libc.a(minimal__workspace_build_sim_software_include_.._picolibc_src_libc_string_strchr.o)
 .debug_macro   0x00000000000021ba       0x34 ../../build/sim/software/libc/libc.a(minimal__workspace_build_sim_software_include_.._picolibc_src_libc_string_strchr.o)
 .debug_macro   0x00000000000021ee       0xb4 ../../build/sim/software/libc/libc.a(minimal__workspace_build_sim_software_include_.._picolibc_src_libc_string_strnlen.o)
 .debug_macro   0x00000000000022a2      0x256 ../../build/sim/software/libc/libc.a(minimal__workspace_build_sim_software_include_.._picolibc_src_libc_stdio_fgetc.o)
 .debug_macro   0x00000000000024f8       0x10 ../../build/sim/software/libc/libc.a(minimal__workspace_build_sim_software_include_.._picolibc_src_libc_stdio_fgetc.o)
 .debug_macro   0x0000000000002508      0x11e ../../build/sim/software/libc/libc.a(minimal__workspace_build_sim_software_include_.._picolibc_src_libc_stdio_fgetc.o)
 .debug_macro   0x0000000000002626      0x10e ../../build/sim/software/libc/libc.a(minimal__workspace_build_sim_software_include_.._picolibc_src_libc_stdio_fgetc.o)
 .debug_macro   0x0000000000002734       0x58 ../../build/sim/software/libc/libc.a(minimal__workspace_build_sim_software_include_.._picolibc_src_libc_stdio_fgetc.o)
 .debug_macro   0x000000000000278c       0x35 ../../build/sim/software/libc/libc.a(minimal__workspace_build_sim_software_include_.._picolibc_src_libc_stdio_fgetc.o)
 .debug_macro   0x00000000000027c1       0x43 ../../build/sim/software/libc/libc.a(minimal__workspace_build_sim_software_include_.._picolibc_src_libc_stdio_fgetc.o)
 .debug_macro   0x0000000000002804       0x17 ../../build/sim/software/libc/libc.a(minimal__workspace_build_sim_software_include_.._picolibc_src_libc_stdio_fgetc.o)
 .debug_macro   0x000000000000281b      0x25c ../../build/sim/software/libc/libc.a(minimal__workspace_build_sim_software_include_.._picolibc_src_libc_stdio_fgetc.o)
 .debug_macro   0x0000000000002a77       0x1c ../../build/sim/software/libc/libc.a(minimal__workspace_build_sim_software_include_.._picolibc_src_libc_stdio_fgetc.o)
 .debug_macro   0x0000000000002a93      0x554 ../../build/sim/software/libc/libc.a(minimal__workspace_build_sim_software_include_.._picolibc_src_libc_stdio_fgetc.o)
 .debug_macro   0x0000000000002fe7       0x3c ../../build/sim/software/libc/libc.a(minimal__workspace_build_sim_software_include_.._picolibc_src_libc_stdio_fgetc.o)
 .debug_macro   0x0000000000003023       0x34 ../../build/sim/software/libc/libc.a(minimal__workspace_build_sim_software_include_.._picolibc_src_libc_stdio_fgetc.o)
 .debug_macro   0x0000000000003057      0x183 ../../build/sim/software/libc/libc.a(minimal__workspace_build_sim_software_include_.._picolibc_src_libc_stdio_fgetc.o)
 .debug_macro   0x00000000000031da      0x241 ../../build/sim/software/libc/libc.a(minimal__workspace_build_sim_software_include_.._picolibc_src_libc_stdio_fgetc.o)
 .debug_macro   0x000000000000341b      0x196 ../../build/sim/software/libc/libc.a(minimal__workspace_build_sim_software_include_.._picolibc_src_libc_stdio_fgetc.o)
 .debug_macro   0x00000000000035b1       0x16 ../../build/sim/software/libc/libc.a(minimal__workspace_build_sim_software_include_.._picolibc_src_libc_stdio_fgetc.o)
 .debug_macro   0x00000000000035c7      0x1b1 ../../build/sim/software/libc/libc.a(minimal__workspace_build_sim_software_include_.._picolibc_src_libc_stdio_fgetc.o)
 .debug_macro   0x0000000000003778       0x10 ../../build/sim/software/libc/libc.a(minimal__workspace_build_sim_software_include_.._picolibc_src_libc_stdio_fgetc.o)
 .debug_macro   0x0000000000003788       0x64 ../../build/sim/software/libc/libc.a(minimal__workspace_build_sim_software_include_.._picolibc_src_libc_stdio_fgetc.o)
 .debug_macro   0x00000000000037ec       0x1c ../../build/sim/software/libc/libc.a(minimal__workspace_build_sim_software_include_.._picolibc_src_libc_stdio_fgetc.o)
 .debug_macro   0x0000000000003808       0x82 ../../build/sim/software/libc/libc.a(minimal__workspace_build_sim_software_include_.._picolibc_src_libc_stdio_fgetc.o)
 .debug_macro   0x000000000000388a       0xa2 ../../build/sim/software/libc/libc.a(minimal__workspace_build_sim_software_include_.._picolibc_src_libc_stdio_fgetc.o)
 .debug_macro   0x000000000000392c      0x2b0 ../../build/sim/software/libc/libc.a(minimal__workspace_build_sim_software_include_.._picolibc_src_libc_stdio_fgetc.o)
 .debug_macro   0x0000000000003bdc       0x12 ../../build/sim/software/libc/libc.a(minimal__workspace_build_sim_software_include_.._picolibc_src_libc_stdio_fgetc.o)
 .debug_macro   0x0000000000003bee       0x2e ../../build/sim/software/libc/libc.a(minimal__workspace_build_sim_software_include_.._picolibc_src_libc_stdio_fgetc.o)
 .debug_macro   0x0000000000003c1c       0xad ../../build/sim/software/libc/libc.a(minimal__workspace_build_sim_software_include_.._picolibc_src_libc_stdio_fgetc.o)
 .debug_macro   0x0000000000003cc9      0x24a ../../build/sim/software/libc/libc.a(minimal__workspace_build_sim_software_include_.._picolibc_src_libc_stdio_fputs.o)
 .debug_macro   0x0000000000003f13      0x24a ../../build/sim/software/libc/libc.a(minimal__workspace_build_sim_software_include_.._picolibc_src_libc_stdio_printf.o)
 .debug_macro   0x000000000000415d      0x24a ../../build/sim/software/libc/libc.a(minimal__workspace_build_sim_software_include_.._picolibc_src_libc_stdio_puts.o)
 .debug_macro   0x00000000000043a7       0xec ../../build/sim/software/libc/libc.a(minimal__workspace_build_sim_software_include_.._picolibc_src_libc_machine_riscv_strlen.o)
 .debug_macro   0x0000000000004493      0x2dc ../../build/sim/software/libc/libc.a(minimal__workspace_build_sim_software_include_.._picolibc_src_libc_stdio_vfiprintf.o)
 .debug_macro   0x000000000000476f       0x16 ../../build/sim/software/libc/libc.a(minimal__workspace_build_sim_software_include_.._picolibc_src_libc_stdio_vfiprintf.o)
 .debug_macro   0x0000000000004785       0x10 ../../build/sim/software/libc/libc.a(minimal__workspace_build_sim_software_include_.._picolibc_src_libc_stdio_vfiprintf.o)
 .debug_macro   0x0000000000004795      0x73e ../../build/sim/software/libc/libc.a(minimal__workspace_build_sim_software_include_.._picolibc_src_libc_stdio_vfiprintf.o)
 .debug_macro   0x0000000000004ed3       0x41 ../../build/sim/software/libc/libc.a(minimal__workspace_build_sim_software_include_.._picolibc_src_libc_stdio_vfiprintf.o)
 .debug_macro   0x0000000000004f14       0x82 ../../build/sim/software/libc/libc.a(minimal__workspace_build_sim_software_include_.._picolibc_src_libc_stdio_vfiprintf.o)
 .debug_macro   0x0000000000004f96       0x18 ../../build/sim/software/libc/libc.a(minimal__workspace_build_sim_software_include_.._picolibc_src_libc_stdio_vfiprintf.o)
 .debug_macro   0x0000000000004fae      0x14a ../../build/sim/software/libc/libc.a(_libc_minimal.a)
 .debug_macro   0x00000000000050f8       0xf6 ../../build/sim/software/libc/libc.a(_libc_minimal.a)
 .debug_macro   0x00000000000051ee       0xe1 ../../build/sim/software/libcompiler_rt/libcompiler_rt.a(ctzsi2.o)
 .debug_macro   0x00000000000052cf       0xdb ../../build/sim/software/libbase/libbase.a(console.o)
 .debug_macro   0x00000000000053aa       0xfc ../../build/sim/software/libbase/libbase.a(uart.o)
 .debug_macro   0x00000000000054a6      0x14d ../../build/sim/software/libbase/libbase.a(isr.o)

.debug_line     0x0000000000000000     0x3487
 .debug_line    0x0000000000000000       0xb5 helloc.o
 .debug_line    0x00000000000000b5       0x4a add_asm.o
 .debug_line    0x00000000000000ff       0xbe add.o
 .debug_line    0x00000000000001bd      0x1ce crt0.o
 .debug_line    0x000000000000038b       0xb5 chacha20.o
 .debug_line    0x0000000000000440      0x5d8 main.o
 .debug_line    0x0000000000000a18      0x197 ../../build/sim/software/libc/libc.a(minimal__workspace_build_sim_software_include_.._picolibc_src_libc_string_strchr.o)
 .debug_line    0x0000000000000baf       0xfd ../../build/sim/software/libc/libc.a(minimal__workspace_build_sim_software_include_.._picolibc_src_libc_string_strnlen.o)
 .debug_line    0x0000000000000cac      0x238 ../../build/sim/software/libc/libc.a(minimal__workspace_build_sim_software_include_.._picolibc_src_libc_stdio_fgetc.o)
 .debug_line    0x0000000000000ee4      0x23a ../../build/sim/software/libc/libc.a(minimal__workspace_build_sim_software_include_.._picolibc_src_libc_stdio_fputs.o)
 .debug_line    0x000000000000111e      0x1d2 ../../build/sim/software/libc/libc.a(minimal__workspace_build_sim_software_include_.._picolibc_src_libc_stdio_printf.o)
 .debug_line    0x00000000000012f0      0x260 ../../build/sim/software/libc/libc.a(minimal__workspace_build_sim_software_include_.._picolibc_src_libc_stdio_puts.o)
 .debug_line    0x0000000000001550       0x74 ../../build/sim/software/libc/libc.a(minimal__workspace_build_sim_software_include_.._picolibc_src_libc_machine_riscv_strcmp.o)
 .debug_line    0x00000000000015c4      0x11b ../../build/sim/software/libc/libc.a(minimal__workspace_build_sim_software_include_.._picolibc_src_libc_machine_riscv_strlen.o)
 .debug_line    0x00000000000016df      0xe5e ../../build/sim/software/libc/libc.a(minimal__workspace_build_sim_software_include_.._picolibc_src_libc_stdio_vfiprintf.o)
 .debug_line    0x000000000000253d      0x195 ../../build/sim/software/libc/libc.a(_libc_minimal.a)
 .debug_line    0x00000000000026d2      0x1f8 ../../build/sim/software/libcompiler_rt/libcompiler_rt.a(ctzsi2.o)
 .debug_line    0x00000000000028ca       0xe2 ../../build/sim/software/libbase/libbase.a(console.o)
 .debug_line    0x00000000000029ac      0x76f ../../build/sim/software/libbase/libbase.a(uart.o)
 .debug_line    0x000000000000311b      0x36c ../../build/sim/software/libbase/libbase.a(isr.o)

.debug_str      0x0000000000000000    0x105d6
 .debug_str     0x0000000000000000     0x52a0 helloc.o
                                       0x53d7 (size before relaxing)
 .debug_str     0x00000000000052a0       0x2d add_asm.o
 .debug_str     0x00000000000052cd        0x8 add.o
                                       0x53d1 (size before relaxing)
 .debug_str     0x00000000000052d5       0x36 crt0.o
                                         0x59 (size before relaxing)
 .debug_str     0x000000000000530b        0x9 chacha20.o
                                       0x53d9 (size before relaxing)
 .debug_str     0x0000000000005314     0x2a6a main.o
                                       0x7fc2 (size before relaxing)
 .debug_str     0x0000000000007d7e     0x1c28 ../../build/sim/software/libc/libc.a(minimal__workspace_build_sim_software_include_.._picolibc_src_libc_string_strchr.o)
                                       0x6de4 (size before relaxing)
 .debug_str     0x00000000000099a6       0x1e ../../build/sim/software/libc/libc.a(minimal__workspace_build_sim_software_include_.._picolibc_src_libc_string_strnlen.o)
                                       0x43a4 (size before relaxing)
 .debug_str     0x00000000000099c4     0x3d8f ../../build/sim/software/libc/libc.a(minimal__workspace_build_sim_software_include_.._picolibc_src_libc_stdio_fgetc.o)
                                       0xae8c (size before relaxing)
 .debug_str     0x000000000000d753       0x1f ../../build/sim/software/libc/libc.a(minimal__workspace_build_sim_software_include_.._picolibc_src_libc_stdio_fputs.o)
                                       0xae81 (size before relaxing)
 .debug_str     0x000000000000d772       0x21 ../../build/sim/software/libc/libc.a(minimal__workspace_build_sim_software_include_.._picolibc_src_libc_stdio_printf.o)
                                       0xae95 (size before relaxing)
 .debug_str     0x000000000000d793        0xa ../../build/sim/software/libc/libc.a(minimal__workspace_build_sim_software_include_.._picolibc_src_libc_stdio_puts.o)
                                       0xae8a (size before relaxing)
 .debug_str     0x000000000000d79d       0x75 ../../build/sim/software/libc/libc.a(minimal__workspace_build_sim_software_include_.._picolibc_src_libc_machine_riscv_strcmp.o)
                                         0x81 (size before relaxing)
 .debug_str     0x000000000000d812       0x1a ../../build/sim/software/libc/libc.a(minimal__workspace_build_sim_software_include_.._picolibc_src_libc_machine_riscv_strlen.o)
                                       0x4efe (size before relaxing)
 .debug_str     0x000000000000d82c     0x2794 ../../build/sim/software/libc/libc.a(minimal__workspace_build_sim_software_include_.._picolibc_src_libc_stdio_vfiprintf.o)
                                       0xdebf (size before relaxing)
 .debug_str     0x000000000000ffc0       0x46 ../../build/sim/software/libc/libc.a(_libc_minimal.a)
                                       0x755d (size before relaxing)
 .debug_str     0x0000000000010006      0x3bd ../../build/sim/software/libcompiler_rt/libcompiler_rt.a(ctzsi2.o)
                                       0x5ce8 (size before relaxing)
 .debug_str     0x00000000000103c3     0x6301 ../../build/sim/software/libbase/libbase.a(console.o)
 .debug_str     0x00000000000103c3      0x1ed ../../build/sim/software/libbase/libbase.a(uart.o)
                                       0x6511 (size before relaxing)
 .debug_str     0x00000000000105b0       0x26 ../../build/sim/software/libbase/libbase.a(isr.o)
                                       0x750d (size before relaxing)

.debug_line_str
                0x0000000000000000      0xc1e
 .debug_line_str
                0x0000000000000000      0x268 helloc.o
                                        0x2b4 (size before relaxing)
 .debug_line_str
                0x0000000000000268        0xa add_asm.o
                                         0x2b (size before relaxing)
 .debug_line_str
                0x0000000000000272        0x6 add.o
                                        0x2ab (size before relaxing)
 .debug_line_str
                0x0000000000000278       0x36 crt0.o
                                         0x54 (size before relaxing)
 .debug_line_str
                0x00000000000002ae        0xb chacha20.o
                                        0x2ba (size before relaxing)
 .debug_line_str
                0x00000000000002b9      0x14c main.o
                                        0x468 (size before relaxing)
 .debug_line_str
                0x0000000000000405      0x1c8 ../../build/sim/software/libc/libc.a(minimal__workspace_build_sim_software_include_.._picolibc_src_libc_string_strchr.o)
                                        0x463 (size before relaxing)
 .debug_line_str
                0x00000000000005cd       0x4c ../../build/sim/software/libc/libc.a(minimal__workspace_build_sim_software_include_.._picolibc_src_libc_string_strnlen.o)
                                        0x2c9 (size before relaxing)
 .debug_line_str
                0x0000000000000619       0xd3 ../../build/sim/software/libc/libc.a(minimal__workspace_build_sim_software_include_.._picolibc_src_libc_stdio_fgetc.o)
                                        0x437 (size before relaxing)
 .debug_line_str
                0x00000000000006ec       0x49 ../../build/sim/software/libc/libc.a(minimal__workspace_build_sim_software_include_.._picolibc_src_libc_stdio_fputs.o)
                                        0x437 (size before relaxing)
 .debug_line_str
                0x0000000000000735       0x4a ../../build/sim/software/libc/libc.a(minimal__workspace_build_sim_software_include_.._picolibc_src_libc_stdio_printf.o)
                                        0x43a (size before relaxing)
 .debug_line_str
                0x000000000000077f       0x48 ../../build/sim/software/libc/libc.a(minimal__workspace_build_sim_software_include_.._picolibc_src_libc_stdio_puts.o)
                                        0x434 (size before relaxing)
 .debug_line_str
                0x00000000000007c7       0x52 ../../build/sim/software/libc/libc.a(minimal__workspace_build_sim_software_include_.._picolibc_src_libc_machine_riscv_strcmp.o)
                                         0x7e (size before relaxing)
 .debug_line_str
                0x0000000000000819       0x68 ../../build/sim/software/libc/libc.a(minimal__workspace_build_sim_software_include_.._picolibc_src_libc_machine_riscv_strlen.o)
                                        0x311 (size before relaxing)
 .debug_line_str
                0x0000000000000881      0x159 ../../build/sim/software/libc/libc.a(minimal__workspace_build_sim_software_include_.._picolibc_src_libc_stdio_vfiprintf.o)
                                        0x5ba (size before relaxing)
 .debug_line_str
                0x00000000000009da       0x5c ../../build/sim/software/libc/libc.a(_libc_minimal.a)
                                        0x466 (size before relaxing)
 .debug_line_str
                0x0000000000000a36      0x124 ../../build/sim/software/libcompiler_rt/libcompiler_rt.a(ctzsi2.o)
                                        0x37e (size before relaxing)
 .debug_line_str
                0x0000000000000b5a       0x5d ../../build/sim/software/libbase/libbase.a(console.o)
                                        0x3b7 (size before relaxing)
 .debug_line_str
                0x0000000000000bb7       0x34 ../../build/sim/software/libbase/libbase.a(uart.o)
                                        0x3b0 (size before relaxing)
 .debug_line_str
                0x0000000000000beb       0x33 ../../build/sim/software/libbase/libbase.a(isr.o)
                                        0x441 (size before relaxing)

.comment        0x0000000000000000       0x2b
 .comment       0x0000000000000000       0x2b helloc.o
                                         0x2c (size before relaxing)
 .comment       0x000000000000002b       0x2c add.o
 .comment       0x000000000000002b       0x2c chacha20.o
 .comment       0x000000000000002b       0x2c main.o
 .comment       0x000000000000002b       0x2c ../../build/sim/software/libc/libc.a(minimal__workspace_build_sim_software_include_.._picolibc_src_libc_string_strchr.o)
 .comment       0x000000000000002b       0x2c ../../build/sim/software/libc/libc.a(minimal__workspace_build_sim_software_include_.._picolibc_src_libc_string_strnlen.o)
 .comment       0x000000000000002b       0x2c ../../build/sim/software/libc/libc.a(minimal__workspace_build_sim_software_include_.._picolibc_src_libc_stdio_fgetc.o)
 .comment       0x000000000000002b       0x2c ../../build/sim/software/libc/libc.a(minimal__workspace_build_sim_software_include_.._picolibc_src_libc_stdio_fputs.o)
 .comment       0x000000000000002b       0x2c ../../build/sim/software/libc/libc.a(minimal__workspace_build_sim_software_include_.._picolibc_src_libc_stdio_printf.o)
 .comment       0x000000000000002b       0x2c ../../build/sim/software/libc/libc.a(minimal__workspace_build_sim_software_include_.._picolibc_src_libc_stdio_puts.o)
 .comment       0x000000000000002b       0x2c ../../build/sim/software/libc/libc.a(minimal__workspace_build_sim_software_include_.._picolibc_src_libc_machine_riscv_strlen.o)
 .comment       0x000000000000002b       0x2c ../../build/sim/software/libc/libc.a(minimal__workspace_build_sim_software_include_.._picolibc_src_libc_stdio_vfiprintf.o)
 .comment       0x000000000000002b       0x2c ../../build/sim/software/libc/libc.a(_libc_minimal.a)
 .comment       0x000000000000002b       0x2c ../../build/sim/software/libcompiler_rt/libcompiler_rt.a(ctzsi2.o)
 .comment       0x000000000000002b       0x2c ../../build/sim/software/libbase/libbase.a(console.o)
 .comment       0x000000000000002b       0x2c ../../build/sim/software/libbase/libbase.a(uart.o)
 .comment       0x000000000000002b       0x2c ../../build/sim/software/libbase/libbase.a(isr.o)

.note.GNU-stack
                0x0000000000000000        0x0
 .note.GNU-stack
                0x0000000000000000        0x0 helloc.o
 .note.GNU-stack
                0x0000000000000000        0x0 add.o
 .note.GNU-stack
                0x0000000000000000        0x0 chacha20.o
 .note.GNU-stack
                0x0000000000000000        0x0 main.o
 .note.GNU-stack
                0x0000000000000000        0x0 ../../build/sim/software/libc/libc.a(minimal__workspace_build_sim_software_include_.._picolibc_src_libc_string_strchr.o)
 .note.GNU-stack
                0x0000000000000000        0x0 ../../build/sim/software/libc/libc.a(minimal__workspace_build_sim_software_include_.._picolibc_src_libc_string_strnlen.o)
 .note.GNU-stack
                0x0000000000000000        0x0 ../../build/sim/software/libc/libc.a(minimal__workspace_build_sim_software_include_.._picolibc_src_libc_stdio_fgetc.o)
 .note.GNU-stack
                0x0000000000000000        0x0 ../../build/sim/software/libc/libc.a(minimal__workspace_build_sim_software_include_.._picolibc_src_libc_stdio_fputs.o)
 .note.GNU-stack
                0x0000000000000000        0x0 ../../build/sim/software/libc/libc.a(minimal__workspace_build_sim_software_include_.._picolibc_src_libc_stdio_printf.o)
 .note.GNU-stack
                0x0000000000000000        0x0 ../../build/sim/software/libc/libc.a(minimal__workspace_build_sim_software_include_.._picolibc_src_libc_stdio_puts.o)
 .note.GNU-stack
                0x0000000000000000        0x0 ../../build/sim/software/libc/libc.a(minimal__workspace_build_sim_software_include_.._picolibc_src_libc_machine_riscv_strlen.o)
 .note.GNU-stack
                0x0000000000000000        0x0 ../../build/sim/software/libc/libc.a(minimal__workspace_build_sim_software_include_.._picolibc_src_libc_stdio_vfiprintf.o)
 .note.GNU-stack
                0x0000000000000000        0x0 ../../build/sim/software/libc/libc.a(_libc_minimal.a)
 .note.GNU-stack
                0x0000000000000000        0x0 ../../build/sim/software/libcompiler_rt/libcompiler_rt.a(ctzsi2.o)
 .note.GNU-stack
                0x0000000000000000        0x0 ../../build/sim/software/libbase/libbase.a(console.o)
 .note.GNU-stack
                0x0000000000000000        0x0 ../../build/sim/software/libbase/libbase.a(uart.o)
 .note.GNU-stack
                0x0000000000000000        0x0 ../../build/sim/software/libbase/libbase.a(isr.o)

.riscv.attributes
                0x0000000000000000       0x23
 .riscv.attributes
                0x0000000000000000       0x1f helloc.o
 .riscv.attributes
                0x000000000000001f       0x1f add_asm.o
 .riscv.attributes
                0x000000000000003e       0x1f add.o
 .riscv.attributes
                0x000000000000005d       0x23 crt0.o
 .riscv.attributes
                0x0000000000000080       0x1f chacha20.o
 .riscv.attributes
                0x000000000000009f       0x23 main.o
 .riscv.attributes
                0x00000000000000c2       0x1f ../../build/sim/software/libc/libc.a(minimal__workspace_build_sim_software_include_.._picolibc_src_libc_string_strchr.o)
 .riscv.attributes
                0x00000000000000e1       0x1f ../../build/sim/software/libc/libc.a(minimal__workspace_build_sim_software_include_.._picolibc_src_libc_string_strnlen.o)
 .riscv.attributes
                0x0000000000000100       0x1f ../../build/sim/software/libc/libc.a(minimal__workspace_build_sim_software_include_.._picolibc_src_libc_stdio_fgetc.o)
 .riscv.attributes
                0x000000000000011f       0x1f ../../build/sim/software/libc/libc.a(minimal__workspace_build_sim_software_include_.._picolibc_src_libc_stdio_fputs.o)
 .riscv.attributes
                0x000000000000013e       0x1f ../../build/sim/software/libc/libc.a(minimal__workspace_build_sim_software_include_.._picolibc_src_libc_stdio_printf.o)
 .riscv.attributes
                0x000000000000015d       0x1f ../../build/sim/software/libc/libc.a(minimal__workspace_build_sim_software_include_.._picolibc_src_libc_stdio_puts.o)
 .riscv.attributes
                0x000000000000017c       0x1f ../../build/sim/software/libc/libc.a(minimal__workspace_build_sim_software_include_.._picolibc_src_libc_machine_riscv_strcmp.o)
 .riscv.attributes
                0x000000000000019b       0x1f ../../build/sim/software/libc/libc.a(minimal__workspace_build_sim_software_include_.._picolibc_src_libc_machine_riscv_strlen.o)
 .riscv.attributes
                0x00000000000001ba       0x1f ../../build/sim/software/libc/libc.a(minimal__workspace_build_sim_software_include_.._picolibc_src_libc_stdio_vfiprintf.o)
 .riscv.attributes
                0x00000000000001d9       0x1f ../../build/sim/software/libc/libc.a(_libc_minimal.a)
 .riscv.attributes
                0x00000000000001f8       0x1f ../../build/sim/software/libcompiler_rt/libcompiler_rt.a(ctzsi2.o)
 .riscv.attributes
                0x0000000000000217       0x1f ../../build/sim/software/libbase/libbase.a(console.o)
 .riscv.attributes
                0x0000000000000236       0x23 ../../build/sim/software/libbase/libbase.a(uart.o)
 .riscv.attributes
                0x0000000000000259       0x23 ../../build/sim/software/libbase/libbase.a(isr.o)

.debug_loclists
                0x0000000000000000     0x1224
 .debug_loclists
                0x0000000000000000       0x40 add.o
 .debug_loclists
                0x0000000000000040      0x11d main.o
 .debug_loclists
                0x000000000000015d       0x4c ../../build/sim/software/libc/libc.a(minimal__workspace_build_sim_software_include_.._picolibc_src_libc_string_strchr.o)
 .debug_loclists
                0x00000000000001a9       0xb6 ../../build/sim/software/libc/libc.a(minimal__workspace_build_sim_software_include_.._picolibc_src_libc_string_strnlen.o)
 .debug_loclists
                0x000000000000025f       0x9b ../../build/sim/software/libc/libc.a(minimal__workspace_build_sim_software_include_.._picolibc_src_libc_stdio_fgetc.o)
 .debug_loclists
                0x00000000000002fa       0x84 ../../build/sim/software/libc/libc.a(minimal__workspace_build_sim_software_include_.._picolibc_src_libc_stdio_fputs.o)
 .debug_loclists
                0x000000000000037e       0x31 ../../build/sim/software/libc/libc.a(minimal__workspace_build_sim_software_include_.._picolibc_src_libc_stdio_printf.o)
 .debug_loclists
                0x00000000000003af       0x7f ../../build/sim/software/libc/libc.a(minimal__workspace_build_sim_software_include_.._picolibc_src_libc_stdio_puts.o)
 .debug_loclists
                0x000000000000042e       0x3d ../../build/sim/software/libc/libc.a(minimal__workspace_build_sim_software_include_.._picolibc_src_libc_machine_riscv_strlen.o)
 .debug_loclists
                0x000000000000046b      0x76d ../../build/sim/software/libc/libc.a(minimal__workspace_build_sim_software_include_.._picolibc_src_libc_stdio_vfiprintf.o)
 .debug_loclists
                0x0000000000000bd8       0x5a ../../build/sim/software/libc/libc.a(_libc_minimal.a)
 .debug_loclists
                0x0000000000000c32      0x2da ../../build/sim/software/libcompiler_rt/libcompiler_rt.a(ctzsi2.o)
 .debug_loclists
                0x0000000000000f0c      0x211 ../../build/sim/software/libbase/libbase.a(uart.o)
 .debug_loclists
                0x000000000000111d      0x107 ../../build/sim/software/libbase/libbase.a(isr.o)

.debug_rnglists
                0x0000000000000000      0x2b6
 .debug_rnglists
                0x0000000000000000       0xa1 main.o
 .debug_rnglists
                0x00000000000000a1       0xeb ../../build/sim/software/libc/libc.a(minimal__workspace_build_sim_software_include_.._picolibc_src_libc_stdio_vfiprintf.o)
 .debug_rnglists
                0x000000000000018c       0xb6 ../../build/sim/software/libbase/libbase.a(uart.o)
 .debug_rnglists
                0x0000000000000242       0x74 ../../build/sim/software/libbase/libbase.a(isr.o)
