Archive member included to satisfy reference by file (symbol)

../../build/sim/software/libc/libc.a(minimal__workspace_build_sim_software_include_.._picolibc_src_libc_ctype_ctype_.o)
                              (--whole-archive)
../../build/sim/software/libc/libc.a(minimal__workspace_build_sim_software_include_.._picolibc_src_libc_errno_errno.o)
                              (--whole-archive)
../../build/sim/software/libc/libc.a(minimal__workspace_build_sim_software_include_.._picolibc_src_libc_string_strchr.o)
                              (--whole-archive)
../../build/sim/software/libc/libc.a(minimal__workspace_build_sim_software_include_.._picolibc_src_libc_string_strncpy.o)
                              (--whole-archive)
../../build/sim/software/libc/libc.a(minimal__workspace_build_sim_software_include_.._picolibc_src_libc_string_strncmp.o)
                              (--whole-archive)
../../build/sim/software/libc/libc.a(minimal__workspace_build_sim_software_include_.._picolibc_src_libc_string_strnlen.o)
                              (--whole-archive)
../../build/sim/software/libc/libc.a(minimal__workspace_build_sim_software_include_.._picolibc_src_libc_stdio_fgetc.o)
                              (--whole-archive)
../../build/sim/software/libc/libc.a(minimal__workspace_build_sim_software_include_.._picolibc_src_libc_stdio_fputc.o)
                              (--whole-archive)
../../build/sim/software/libc/libc.a(minimal__workspace_build_sim_software_include_.._picolibc_src_libc_stdio_fputs.o)
                              (--whole-archive)
../../build/sim/software/libc/libc.a(minimal__workspace_build_sim_software_include_.._picolibc_src_libc_stdio_printf.o)
                              (--whole-archive)
../../build/sim/software/libc/libc.a(minimal__workspace_build_sim_software_include_.._picolibc_src_libc_stdio_puts.o)
                              (--whole-archive)
../../build/sim/software/libc/libc.a(minimal__workspace_build_sim_software_include_.._picolibc_src_libc_stdio_strtoul.o)
                              (--whole-archive)
../../build/sim/software/libc/libc.a(minimal__workspace_build_sim_software_include_.._picolibc_src_libc_stdlib_lldiv.o)
                              (--whole-archive)
../../build/sim/software/libc/libc.a(minimal__workspace_build_sim_software_include_.._picolibc_src_libc_machine_riscv_memcpy-asm.o)
                              (--whole-archive)
../../build/sim/software/libc/libc.a(minimal__workspace_build_sim_software_include_.._picolibc_src_libc_machine_riscv_memmove.o)
                              (--whole-archive)
../../build/sim/software/libc/libc.a(minimal__workspace_build_sim_software_include_.._picolibc_src_libc_machine_riscv_memset.o)
                              (--whole-archive)
../../build/sim/software/libc/libc.a(minimal__workspace_build_sim_software_include_.._picolibc_src_libc_machine_riscv_strcmp.o)
                              (--whole-archive)
../../build/sim/software/libc/libc.a(minimal__workspace_build_sim_software_include_.._picolibc_src_libc_machine_riscv_strcpy.o)
                              (--whole-archive)
../../build/sim/software/libc/libc.a(minimal__workspace_build_sim_software_include_.._picolibc_src_libc_machine_riscv_strlen.o)
                              (--whole-archive)
../../build/sim/software/libc/libc.a(minimal__workspace_build_sim_software_include_.._picolibc_src_libc_stdio_vfiprintf.o)
                              (--whole-archive)
../../build/sim/software/libc/libc.a(_libc_minimal.a)
                              (--whole-archive)
../../build/sim/software/libc/libc.a(libc-minimal.a)
                              (--whole-archive)
../../build/sim/software/libcompiler_rt/libcompiler_rt.a(umodsi3.o)
                              (--whole-archive)
../../build/sim/software/libcompiler_rt/libcompiler_rt.a(udivsi3.o)
                              (--whole-archive)
../../build/sim/software/libcompiler_rt/libcompiler_rt.a(divsi3.o)
                              (--whole-archive)
../../build/sim/software/libcompiler_rt/libcompiler_rt.a(modsi3.o)
                              (--whole-archive)
../../build/sim/software/libcompiler_rt/libcompiler_rt.a(comparesf2.o)
                              (--whole-archive)
../../build/sim/software/libcompiler_rt/libcompiler_rt.a(comparedf2.o)
                              (--whole-archive)
../../build/sim/software/libcompiler_rt/libcompiler_rt.a(negsf2.o)
                              (--whole-archive)
../../build/sim/software/libcompiler_rt/libcompiler_rt.a(negdf2.o)
                              (--whole-archive)
../../build/sim/software/libcompiler_rt/libcompiler_rt.a(addsf3.o)
                              (--whole-archive)
../../build/sim/software/libcompiler_rt/libcompiler_rt.a(subsf3.o)
                              (--whole-archive)
../../build/sim/software/libcompiler_rt/libcompiler_rt.a(mulsf3.o)
                              (--whole-archive)
[...]
Memory Configuration

Name             Origin             Length             Attributes
rom              0x0000000000000000 0x0000000000020000
sram             0x0000000010000000 0x0000000000002000
main_ram         0x0000000040000000 0x0000000000010000
csr              0x00000000f0000000 0x0000000000010000
*default*        0x0000000000000000 0xffffffffffffffff

Linker script and memory map

LOAD helloc.o
LOAD add_asm.o
LOAD add.o
LOAD crt0.o
LOAD chacha20.o
LOAD chacha20_blocks.o
LOAD chacha20_xor.o
LOAD main.o
LOAD ../../build/sim/software/libc/libc.a
LOAD ../../build/sim/software/libcompiler_rt/libcompiler_rt.a
LOAD ../../build/sim/software/libbase/libbase.a
LOAD ../../build/sim/software/libfatfs/libfatfs.a
LOAD ../../build/sim/software/liblitespi/liblitespi.a
LOAD ../../build/sim/software/liblitedram/liblitedram.a
LOAD ../../build/sim/software/libliteeth/libliteeth.a
LOAD ../../build/sim/software/liblitesdcard/liblitesdcard.a
LOAD ../../build/sim/software/liblitesata/liblitesata.a
                0x0000000000000000                __DYNAMIC = 0x0

.text           0x0000000040000000     0x23c0
                0x0000000040000000                _ftext = .
 *crt0*(.text)
 .text          0x0000000040000000      0x128 crt0.o
                0x0000000040000000                _start
                0x0000000040000020                trap_entry
 *crt0*(.text)
 *(.text.isr)
 *(.text .stub .text.* .gnu.linkonce.t.*)
 .text          0x0000000040000128        0xc helloc.o
                0x0000000040000128                helloc
 .text          0x0000000040000134        0x8 add_asm.o
                0x0000000040000134                add_asm
 .text          0x000000004000013c        0x4 add.o
                0x000000004000013c                add
 .text          0x0000000040000140      0xdf8 chacha20.o
                0x0000000040000174                chacha20_init
                0x0000000040000274                chacha20_encrypt
                0x0000000040000334                print_hex
                0x0000000040000390                print_hex_words
                0x0000000040000428                test_rfc8439_vector
                0x0000000040000548                test_rfc8439_full_vector
                0x00000000400006b0                test_encrypt_decrypt
                0x000000004000086c                test_multiblock_message
                0x00000000400009e4                test_manual_message
                0x0000000040000bdc                test_partial_block_message
                0x0000000040000ddc                chacha20
 .text          0x0000000040000f38      0x418 chacha20_blocks.o
                0x0000000040000f38                chacha20_block
 .text          0x0000000040001350       0x3c chacha20_xor.o
                0x0000000040001350                chacha20_xor
 .text          0x000000004000138c       0x64 main.o
 .text.startup  0x00000000400013f0      0x230 main.o
                0x00000000400013f0                main
 .text          0x0000000040001620       0x28 ../../build/sim/software/libc/libc.a(minimal__workspace_build_sim_software_include_.._picolibc_src_libc_string_strchr.o)
                0x0000000040001620                strchr
 .text          0x0000000040001648       0x24 ../../build/sim/software/libc/libc.a(minimal__workspace_build_sim_software_include_.._picolibc_src_libc_string_strnlen.o)
                0x0000000040001648                strnlen
 .text          0x000000004000166c       0x7c ../../build/sim/software/libc/libc.a(minimal__workspace_build_sim_software_include_.._picolibc_src_libc_stdio_fgetc.o)
                0x000000004000166c                getc_unlocked
                0x000000004000166c                getc
                0x000000004000166c                fgetc
 .text          0x00000000400016e8       0x68 ../../build/sim/software/libc/libc.a(minimal__workspace_build_sim_software_include_.._picolibc_src_libc_stdio_fputc.o)
                0x00000000400016e8                putc_unlocked
                0x00000000400016e8                putc
                0x00000000400016e8                fputc
 .text          0x0000000040001750       0x74 ../../build/sim/software/libc/libc.a(minimal__workspace_build_sim_software_include_.._picolibc_src_libc_stdio_fputs.o)
                0x0000000040001750                fputs
 .text          0x00000000400017c4       0x4c ../../build/sim/software/libc/libc.a(minimal__workspace_build_sim_software_include_.._picolibc_src_libc_stdio_printf.o)
                0x00000000400017c4                printf
 .text          0x0000000040001810       0x88 ../../build/sim/software/libc/libc.a(minimal__workspace_build_sim_software_include_.._picolibc_src_libc_stdio_puts.o)
                0x0000000040001810                puts
 .text.memcpy   0x0000000040001898       0x24 ../../build/sim/software/libc/libc.a(minimal__workspace_build_sim_software_include_.._picolibc_src_libc_machine_riscv_memcpy-asm.o)
                0x0000000040001898                memcpy
 .text.memset   0x00000000400018bc       0x1c ../../build/sim/software/libc/libc.a(minimal__workspace_build_sim_software_include_.._picolibc_src_libc_machine_riscv_memset.o)
                0x00000000400018bc                memset
 .text.strcmp   0x00000000400018d8       0x20 ../../build/sim/software/libc/libc.a(minimal__workspace_build_sim_software_include_.._picolibc_src_libc_machine_riscv_strcmp.o)
                0x00000000400018d8                strcmp
 .text          0x00000000400018f8       0x1c ../../build/sim/software/libc/libc.a(minimal__workspace_build_sim_software_include_.._picolibc_src_libc_machine_riscv_strlen.o)
                0x00000000400018f8                strlen
 .text          0x0000000040001914      0x690 ../../build/sim/software/libc/libc.a(minimal__workspace_build_sim_software_include_.._picolibc_src_libc_stdio_vfiprintf.o)
                0x0000000040001960                __i_vfprintf
                0x0000000040001960                vfprintf
 .text          0x0000000040001fa4       0x5c ../../build/sim/software/libc/libc.a(_libc_minimal.a)
 .text          0x0000000040002000       0x74 ../../build/sim/software/libcompiler_rt/libcompiler_rt.a(ctzsi2.o)
                0x0000000040002000                __ctzsi2
 .text          0x0000000040002074        0x4 ../../build/sim/software/libbase/libbase.a(console.o)
                0x0000000040002074                readchar_nonblock
 .text          0x0000000040002078      0x234 ../../build/sim/software/libbase/libbase.a(uart.o)
                0x0000000040002078                uart_isr
                0x000000004000213c                uart_read
                0x0000000040002184                uart_read_nonblock
                0x00000000400021a0                uart_write
                0x000000004000221c                uart_init
                0x0000000040002294                uart_sync
 .text          0x00000000400022ac      0x114 ../../build/sim/software/libbase/libbase.a(isr.o)
                0x00000000400022ac                irq_attach
                0x0000000040002310                irq_detach
                0x0000000040002318                isr
                0x00000000400023c0                _etext = .

.rodata         0x00000000400023c0      0x888
                0x00000000400023c0                . = ALIGN (0x8)
 *fill*         0x00000000400023c0        0x0 
                0x00000000400023c0                _frodata = .
 *(.rodata .rodata.* .gnu.linkonce.r.*)
 .rodata.str1.4
                0x00000000400023c0       0x12 helloc.o
 *fill*         0x00000000400023d2        0x2 
 .rodata.str1.4
                0x00000000400023d4      0x58a chacha20.o
                                        0x592 (size before relaxing)
 *fill*         0x000000004000295e        0x2 
 .rodata        0x0000000040002960       0x4c chacha20.o
 .rodata.str1.4
                0x00000000400029ac      0x195 main.o
                                        0x199 (size before relaxing)
 *fill*         0x0000000040002b41        0x3 
 .rodata.str1.4
                0x0000000040002b44       0x10 ../../build/sim/software/libc/libc.a(minimal__workspace_build_sim_software_include_.._picolibc_src_libc_stdio_vfiprintf.o)
 .rodata        0x0000000040002b54       0x90 ../../build/sim/software/libc/libc.a(minimal__workspace_build_sim_software_include_.._picolibc_src_libc_stdio_vfiprintf.o)
 .rodata.str1.4
                0x0000000040002be4       0x2f ../../build/sim/software/libbase/libbase.a(isr.o)
 *(.rodata1)
 *(.got .got.*)
 *fill*         0x0000000040002c13        0x1 
 .got           0x0000000040002c14       0x2c helloc.o
                0x0000000040002c14                _GLOBAL_OFFSET_TABLE_
 .got.plt       0x0000000040002c40        0x8 helloc.o
 *(.toc .toc.*)
                0x0000000040002c48                . = ALIGN (0x8)
                0x0000000040002c48                _erodata = .

.eh_frame_hdr   0x0000000040002c48        0x0
 .eh_frame_hdr  0x0000000040002c48        0x0 helloc.o

.rela.dyn       0x0000000040002c48        0x0
 .rela.got      0x0000000040002c48        0x0 helloc.o

.data           0x0000000010000000       0x20 load address 0x0000000040002c48
                0x0000000010000000                . = ALIGN (0x8)
                0x0000000010000000                _fdata = .
 *(.data .data.* .gnu.linkonce.d.*)
 .data.rel.local
                0x0000000010000000       0x10 ../../build/sim/software/libc/libc.a(_libc_minimal.a)
 .data.rel.ro.local
                0x0000000010000010        0xc ../../build/sim/software/libc/libc.a(_libc_minimal.a)
                0x0000000010000010                stdin
                0x0000000010000014                stderr
                0x0000000010000018                stdout
 *(.data1)
                0x0000000010000020                _gp = ALIGN (0x10)
 *(.sdata .sdata.* .gnu.linkonce.s.*)
                0x0000000010000020                . = ALIGN (0x8)
 *fill*         0x000000001000001c        0x4 
                0x0000000010000020                _edata = .

.bss            0x0000000010000020      0x160 load address 0x0000000040002c68
                0x0000000010000020                . = ALIGN (0x8)
                0x0000000010000020                _fbss = .
 *(.dynsbss)
 *(.sbss .sbss.* .gnu.linkonce.sb.*)
 *(.scommon)
 *(.dynbss)
 *(.bss .bss.* .gnu.linkonce.b.*)
 .bss           0x0000000010000020       0x44 main.o
 .bss           0x0000000010000064      0x110 ../../build/sim/software/libbase/libbase.a(uart.o)
 .bss           0x0000000010000174        0x8 ../../build/sim/software/libbase/libbase.a(isr.o)
                0x0000000010000174                irq_table
 *(COMMON)
                0x0000000010000180                . = ALIGN (0x8)
 *fill*         0x000000001000017c        0x4 
                0x0000000010000180                _ebss = .
                0x0000000010000180                _end = .
                0x0000000010002000                PROVIDE (_fstack = (ORIGIN (sram) + LENGTH (sram)))
                0x0000000040002c48                PROVIDE (_fdata_rom = LOADADDR (.data))
                [!provide]                        PROVIDE (_edata_rom = (LOADADDR (.data) + SIZEOF (.data)))
OUTPUT(proy1.elf elf32-littleriscv)

.debug_info     0x0000000000000000     0x3eb6
 .debug_info    0x0000000000000000       0xc1 helloc.o
 .debug_info    0x00000000000000c1       0x24 add_asm.o
 .debug_info    0x00000000000000e5       0xda add.o
 .debug_info    0x00000000000001bf       0x25 crt0.o
 .debug_info    0x00000000000001e4     0x1567 chacha20.o
 .debug_info    0x000000000000174b       0x25 chacha20_blocks.o
 .debug_info    0x0000000000001770       0x24 chacha20_xor.o
 .debug_info    0x0000000000001794      0x7e0 main.o
 .debug_info    0x0000000000001f74       0xdf ../../build/sim/software/libc/libc.a(minimal__workspace_build_sim_software_include_.._picolibc_src_libc_string_strchr.o)
 .debug_info    0x0000000000002053       0xd4 ../../build/sim/software/libc/libc.a(minimal__workspace_build_sim_software_include_.._picolibc_src_libc_string_strnlen.o)
 .debug_info    0x0000000000002127      0x23b ../../build/sim/software/libc/libc.a(minimal__workspace_build_sim_software_include_.._picolibc_src_libc_stdio_fgetc.o)
 .debug_info    0x0000000000002362      0x18f ../../build/sim/software/libc/libc.a(minimal__workspace_build_sim_software_include_.._picolibc_src_libc_stdio_fputc.o)
 .debug_info    0x00000000000024f1      0x1f8 ../../build/sim/software/libc/libc.a(minimal__workspace_build_sim_software_include_.._picolibc_src_libc_stdio_fputs.o)
 .debug_info    0x00000000000026e9      0x1f7 ../../build/sim/software/libc/libc.a(minimal__workspace_build_sim_software_include_.._picolibc_src_libc_stdio_printf.o)
 .debug_info    0x00000000000028e0      0x215 ../../build/sim/software/libc/libc.a(minimal__workspace_build_sim_software_include_.._picolibc_src_libc_stdio_puts.o)
 .debug_info    0x0000000000002af5       0x24 ../../build/sim/software/libc/libc.a(minimal__workspace_build_sim_software_include_.._picolibc_src_libc_machine_riscv_memcpy-asm.o)
 .debug_info    0x0000000000002b19       0x24 ../../build/sim/software/libc/libc.a(minimal__workspace_build_sim_software_include_.._picolibc_src_libc_machine_riscv_memset.o)
 .debug_info    0x0000000000002b3d       0x24 ../../build/sim/software/libc/libc.a(minimal__workspace_build_sim_software_include_.._picolibc_src_libc_machine_riscv_strcmp.o)
 .debug_info    0x0000000000002b61       0xca ../../build/sim/software/libc/libc.a(minimal__workspace_build_sim_software_include_.._picolibc_src_libc_machine_riscv_strlen.o)
 .debug_info    0x0000000000002c2b      0x4f4 ../../build/sim/software/libc/libc.a(minimal__workspace_build_sim_software_include_.._picolibc_src_libc_stdio_vfiprintf.o)
 .debug_info    0x000000000000311f      0x24c ../../build/sim/software/libc/libc.a(_libc_minimal.a)
 .debug_info    0x000000000000336b       0xea ../../build/sim/software/libcompiler_rt/libcompiler_rt.a(ctzsi2.o)
 .debug_info    0x0000000000003455       0x8f ../../build/sim/software/libbase/libbase.a(console.o)
 .debug_info    0x00000000000034e4      0x691 ../../build/sim/software/libbase/libbase.a(uart.o)
 .debug_info    0x0000000000003b75      0x341 ../../build/sim/software/libbase/libbase.a(isr.o)

.debug_abbrev   0x0000000000000000     0x17fa
 .debug_abbrev  0x0000000000000000       0x8d helloc.o
 .debug_abbrev  0x000000000000008d       0x14 add_asm.o
 .debug_abbrev  0x00000000000000a1       0x8d add.o
 .debug_abbrev  0x000000000000012e       0x14 crt0.o
 .debug_abbrev  0x0000000000000142      0x2d8 chacha20.o
 .debug_abbrev  0x000000000000041a       0x14 chacha20_blocks.o
 .debug_abbrev  0x000000000000042e       0x14 chacha20_xor.o
 .debug_abbrev  0x0000000000000442      0x292 main.o
 .debug_abbrev  0x00000000000006d4       0x8f ../../build/sim/software/libc/libc.a(minimal__workspace_build_sim_software_include_.._picolibc_src_libc_string_strchr.o)
 .debug_abbrev  0x0000000000000763       0x8c ../../build/sim/software/libc/libc.a(minimal__workspace_build_sim_software_include_.._picolibc_src_libc_string_strnlen.o)
 .debug_abbrev  0x00000000000007ef      0x163 ../../build/sim/software/libc/libc.a(minimal__workspace_build_sim_software_include_.._picolibc_src_libc_stdio_fgetc.o)
 .debug_abbrev  0x0000000000000952       0xda ../../build/sim/software/libc/libc.a(minimal__workspace_build_sim_software_include_.._picolibc_src_libc_stdio_fputc.o)
 .debug_abbrev  0x0000000000000a2c      0x149 ../../build/sim/software/libc/libc.a(minimal__workspace_build_sim_software_include_.._picolibc_src_libc_stdio_fputs.o)
 .debug_abbrev  0x0000000000000b75      0x11d ../../build/sim/software/libc/libc.a(minimal__workspace_build_sim_software_include_.._picolibc_src_libc_stdio_printf.o)
 .debug_abbrev  0x0000000000000c92      0x14d ../../build/sim/software/libc/libc.a(minimal__workspace_build_sim_software_include_.._picolibc_src_libc_stdio_puts.o)
 .debug_abbrev  0x0000000000000ddf       0x14 ../../build/sim/software/libc/libc.a(minimal__workspace_build_sim_software_include_.._picolibc_src_libc_machine_riscv_memcpy-asm.o)
 .debug_abbrev  0x0000000000000df3       0x14 ../../build/sim/software/libc/libc.a(minimal__workspace_build_sim_software_include_.._picolibc_src_libc_machine_riscv_memset.o)
 .debug_abbrev  0x0000000000000e07       0x14 ../../build/sim/software/libc/libc.a(minimal__workspace_build_sim_software_include_.._picolibc_src_libc_machine_riscv_strcmp.o)
 .debug_abbrev  0x0000000000000e1b       0x8a ../../build/sim/software/libc/libc.a(minimal__workspace_build_sim_software_include_.._picolibc_src_libc_machine_riscv_strlen.o)
 .debug_abbrev  0x0000000000000ea5      0x25f ../../build/sim/software/libc/libc.a(minimal__workspace_build_sim_software_include_.._picolibc_src_libc_stdio_vfiprintf.o)
 .debug_abbrev  0x0000000000001104      0x173 ../../build/sim/software/libc/libc.a(_libc_minimal.a)
 .debug_abbrev  0x0000000000001277       0x7c ../../build/sim/software/libcompiler_rt/libcompiler_rt.a(ctzsi2.o)
 .debug_abbrev  0x00000000000012f3       0x68 ../../build/sim/software/libbase/libbase.a(console.o)
 .debug_abbrev  0x000000000000135b      0x244 ../../build/sim/software/libbase/libbase.a(uart.o)
 .debug_abbrev  0x000000000000159f      0x25b ../../build/sim/software/libbase/libbase.a(isr.o)

.debug_aranges  0x0000000000000000      0x328
 .debug_aranges
                0x0000000000000000       0x20 helloc.o
 .debug_aranges
                0x0000000000000020       0x20 add_asm.o
 .debug_aranges
                0x0000000000000040       0x20 add.o
 .debug_aranges
                0x0000000000000060       0x20 crt0.o
 .debug_aranges
                0x0000000000000080       0x20 chacha20.o
 .debug_aranges
                0x00000000000000a0       0x20 chacha20_blocks.o
 .debug_aranges
                0x00000000000000c0       0x20 chacha20_xor.o
 .debug_aranges
                0x00000000000000e0       0x28 main.o
 .debug_aranges
                0x0000000000000108       0x20 ../../build/sim/software/libc/libc.a(minimal__workspace_build_sim_software_include_.._picolibc_src_libc_string_strchr.o)
 .debug_aranges
                0x0000000000000128       0x20 ../../build/sim/software/libc/libc.a(minimal__workspace_build_sim_software_include_.._picolibc_src_libc_string_strnlen.o)
 .debug_aranges
                0x0000000000000148       0x20 ../../build/sim/software/libc/libc.a(minimal__workspace_build_sim_software_include_.._picolibc_src_libc_stdio_fgetc.o)
 .debug_aranges
                0x0000000000000168       0x20 ../../build/sim/software/libc/libc.a(minimal__workspace_build_sim_software_include_.._picolibc_src_libc_stdio_fputc.o)
 .debug_aranges
                0x0000000000000188       0x20 ../../build/sim/software/libc/libc.a(minimal__workspace_build_sim_software_include_.._picolibc_src_libc_stdio_fputs.o)
 .debug_aranges
                0x00000000000001a8       0x20 ../../build/sim/software/libc/libc.a(minimal__workspace_build_sim_software_include_.._picolibc_src_libc_stdio_printf.o)
 .debug_aranges
                0x00000000000001c8       0x20 ../../build/sim/software/libc/libc.a(minimal__workspace_build_sim_software_include_.._picolibc_src_libc_stdio_puts.o)
 .debug_aranges
                0x00000000000001e8       0x20 ../../build/sim/software/libc/libc.a(minimal__workspace_build_sim_software_include_.._picolibc_src_libc_machine_riscv_memcpy-asm.o)
 .debug_aranges
                0x0000000000000208       0x20 ../../build/sim/software/libc/libc.a(minimal__workspace_build_sim_software_include_.._picolibc_src_libc_machine_riscv_memset.o)
 .debug_aranges
                0x0000000000000228       0x20 ../../build/sim/software/libc/libc.a(minimal__workspace_build_sim_software_include_.._picolibc_src_libc_machine_riscv_strcmp.o)
 .debug_aranges
                0x0000000000000248       0x20 ../../build/sim/software/libc/libc.a(minimal__workspace_build_sim_software_include_.._picolibc_src_libc_machine_riscv_strlen.o)
 .debug_aranges
                0x0000000000000268       0x20 ../../build/sim/software/libc/libc.a(minimal__workspace_build_sim_software_include_.._picolibc_src_libc_stdio_vfiprintf.o)
 .debug_aranges
                0x0000000000000288       0x20 ../../build/sim/software/libc/libc.a(_libc_minimal.a)
 .debug_aranges
                0x00000000000002a8       0x20 ../../build/sim/software/libcompiler_rt/libcompiler_rt.a(ctzsi2.o)
 .debug_aranges
                0x00000000000002c8       0x20 ../../build/sim/software/libbase/libbase.a(console.o)
 .debug_aranges
                0x00000000000002e8       0x20 ../../build/sim/software/libbase/libbase.a(uart.o)
 .debug_aranges
                0x0000000000000308       0x20 ../../build/sim/software/libbase/libbase.a(isr.o)

.debug_macro    0x0000000000000000     0x593c
 .debug_macro   0x0000000000000000       0xd1 helloc.o
 .debug_macro   0x00000000000000d1      0x7a8 helloc.o
 .debug_macro   0x0000000000000879       0x10 helloc.o
 .debug_macro   0x0000000000000889      0x220 helloc.o
 .debug_macro   0x0000000000000aa9       0x9c helloc.o
 .debug_macro   0x0000000000000b45       0x34 helloc.o
 .debug_macro   0x0000000000000b79       0x58 helloc.o
 .debug_macro   0x0000000000000bd1       0x5b helloc.o
 .debug_macro   0x0000000000000c2c      0x253 helloc.o
 .debug_macro   0x0000000000000e7f       0x10 helloc.o
 .debug_macro   0x0000000000000e8f       0x97 helloc.o
 .debug_macro   0x0000000000000f26       0x10 helloc.o
 .debug_macro   0x0000000000000f36       0x58 helloc.o
 .debug_macro   0x0000000000000f8e       0x16 helloc.o
 .debug_macro   0x0000000000000fa4       0x20 helloc.o
 .debug_macro   0x0000000000000fc4       0x35 helloc.o
 .debug_macro   0x0000000000000ff9      0x1f0 helloc.o
 .debug_macro   0x00000000000011e9       0x4c helloc.o
 .debug_macro   0x0000000000001235       0x22 helloc.o
 .debug_macro   0x0000000000001257       0xd1 add.o
 .debug_macro   0x0000000000001328      0x130 chacha20.o
 .debug_macro   0x0000000000001458       0x6a chacha20.o
 .debug_macro   0x00000000000014c2       0xfd chacha20.o
 .debug_macro   0x00000000000015bf      0x1df chacha20.o
 .debug_macro   0x000000000000179e       0x16 chacha20.o
 .debug_macro   0x00000000000017b4       0x20 chacha20.o
 .debug_macro   0x00000000000017d4       0x16 chacha20.o
 .debug_macro   0x00000000000017ea       0x5e chacha20.o
 .debug_macro   0x0000000000001848      0x1e2 main.o
 .debug_macro   0x0000000000001a2a       0x16 main.o
 .debug_macro   0x0000000000001a40       0x97 main.o
 .debug_macro   0x0000000000001ad7       0x16 main.o
 .debug_macro   0x0000000000001aed       0x3a main.o
 .debug_macro   0x0000000000001b27       0x29 main.o
 .debug_macro   0x0000000000001b50       0x86 main.o
 .debug_macro   0x0000000000001bd6       0x22 main.o
 .debug_macro   0x0000000000001bf8       0x94 main.o
 .debug_macro   0x0000000000001c8c       0x1c main.o
 .debug_macro   0x0000000000001ca8       0x4a main.o
 .debug_macro   0x0000000000001cf2      0x190 main.o
 .debug_macro   0x0000000000001e82       0x16 main.o
 .debug_macro   0x0000000000001e98       0x16 main.o
 .debug_macro   0x0000000000001eae      0x1d1 ../../build/sim/software/libc/libc.a(minimal__workspace_build_sim_software_include_.._picolibc_src_libc_string_strchr.o)
 .debug_macro   0x000000000000207f       0x10 ../../build/sim/software/libc/libc.a(minimal__workspace_build_sim_software_include_.._picolibc_src_libc_string_strchr.o)
 .debug_macro   0x000000000000208f       0x10 ../../build/sim/software/libc/libc.a(minimal__workspace_build_sim_software_include_.._picolibc_src_libc_string_strchr.o)
 .debug_macro   0x000000000000209f       0x12 ../../build/sim/software/libc/libc.a(minimal__workspace_build_sim_software_include_.._picolibc_src_libc_string_strchr.o)
 .debug_macro   0x00000000000020b1       0x16 ../../build/sim/software/libc/libc.a(minimal__workspace_build_sim_software_include_.._picolibc_src_libc_string_strchr.o)
 .debug_macro   0x00000000000020c7       0x9e ../../build/sim/software/libc/libc.a(minimal__workspace_build_sim_software_include_.._picolibc_src_libc_string_strchr.o)
 .debug_macro   0x0000000000002165       0x16 ../../build/sim/software/libc/libc.a(minimal__workspace_build_sim_software_include_.._picolibc_src_libc_string_strchr.o)
 .debug_macro   0x000000000000217b       0x34 ../../build/sim/software/libc/libc.a(minimal__workspace_build_sim_software_include_.._picolibc_src_libc_string_strchr.o)
 .debug_macro   0x00000000000021af       0x6a ../../build/sim/software/libc/libc.a(minimal__workspace_build_sim_software_include_.._picolibc_src_libc_string_strchr.o)
 .debug_macro   0x0000000000002219       0x34 ../../build/sim/software/libc/libc.a(minimal__workspace_build_sim_software_include_.._picolibc_src_libc_string_strchr.o)
 .debug_macro   0x000000000000224d       0xb4 ../../build/sim/software/libc/libc.a(minimal__workspace_build_sim_software_include_.._picolibc_src_libc_string_strnlen.o)
 .debug_macro   0x0000000000002301      0x256 ../../build/sim/software/libc/libc.a(minimal__workspace_build_sim_software_include_.._picolibc_src_libc_stdio_fgetc.o)
 .debug_macro   0x0000000000002557       0x10 ../../build/sim/software/libc/libc.a(minimal__workspace_build_sim_software_include_.._picolibc_src_libc_stdio_fgetc.o)
 .debug_macro   0x0000000000002567      0x11e ../../build/sim/software/libc/libc.a(minimal__workspace_build_sim_software_include_.._picolibc_src_libc_stdio_fgetc.o)
 .debug_macro   0x0000000000002685      0x10e ../../build/sim/software/libc/libc.a(minimal__workspace_build_sim_software_include_.._picolibc_src_libc_stdio_fgetc.o)
 .debug_macro   0x0000000000002793       0x58 ../../build/sim/software/libc/libc.a(minimal__workspace_build_sim_software_include_.._picolibc_src_libc_stdio_fgetc.o)
 .debug_macro   0x00000000000027eb       0x35 ../../build/sim/software/libc/libc.a(minimal__workspace_build_sim_software_include_.._picolibc_src_libc_stdio_fgetc.o)
 .debug_macro   0x0000000000002820       0x43 ../../build/sim/software/libc/libc.a(minimal__workspace_build_sim_software_include_.._picolibc_src_libc_stdio_fgetc.o)
 .debug_macro   0x0000000000002863       0x17 ../../build/sim/software/libc/libc.a(minimal__workspace_build_sim_software_include_.._picolibc_src_libc_stdio_fgetc.o)
 .debug_macro   0x000000000000287a      0x25c ../../build/sim/software/libc/libc.a(minimal__workspace_build_sim_software_include_.._picolibc_src_libc_stdio_fgetc.o)
 .debug_macro   0x0000000000002ad6       0x1c ../../build/sim/software/libc/libc.a(minimal__workspace_build_sim_software_include_.._picolibc_src_libc_stdio_fgetc.o)
 .debug_macro   0x0000000000002af2      0x554 ../../build/sim/software/libc/libc.a(minimal__workspace_build_sim_software_include_.._picolibc_src_libc_stdio_fgetc.o)
 .debug_macro   0x0000000000003046       0x3c ../../build/sim/software/libc/libc.a(minimal__workspace_build_sim_software_include_.._picolibc_src_libc_stdio_fgetc.o)
 .debug_macro   0x0000000000003082       0x34 ../../build/sim/software/libc/libc.a(minimal__workspace_build_sim_software_include_.._picolibc_src_libc_stdio_fgetc.o)
 .debug_macro   0x00000000000030b6      0x183 ../../build/sim/software/libc/libc.a(minimal__workspace_build_sim_software_include_.._picolibc_src_libc_stdio_fgetc.o)
 .debug_macro   0x0000000000003239      0x241 ../../build/sim/software/libc/libc.a(minimal__workspace_build_sim_software_include_.._picolibc_src_libc_stdio_fgetc.o)
 .debug_macro   0x000000000000347a      0x196 ../../build/sim/software/libc/libc.a(minimal__workspace_build_sim_software_include_.._picolibc_src_libc_stdio_fgetc.o)
 .debug_macro   0x0000000000003610       0x16 ../../build/sim/software/libc/libc.a(minimal__workspace_build_sim_software_include_.._picolibc_src_libc_stdio_fgetc.o)
 .debug_macro   0x0000000000003626      0x1b1 ../../build/sim/software/libc/libc.a(minimal__workspace_build_sim_software_include_.._picolibc_src_libc_stdio_fgetc.o)
 .debug_macro   0x00000000000037d7       0x10 ../../build/sim/software/libc/libc.a(minimal__workspace_build_sim_software_include_.._picolibc_src_libc_stdio_fgetc.o)
 .debug_macro   0x00000000000037e7       0x64 ../../build/sim/software/libc/libc.a(minimal__workspace_build_sim_software_include_.._picolibc_src_libc_stdio_fgetc.o)
 .debug_macro   0x000000000000384b       0x1c ../../build/sim/software/libc/libc.a(minimal__workspace_build_sim_software_include_.._picolibc_src_libc_stdio_fgetc.o)
 .debug_macro   0x0000000000003867       0x82 ../../build/sim/software/libc/libc.a(minimal__workspace_build_sim_software_include_.._picolibc_src_libc_stdio_fgetc.o)
 .debug_macro   0x00000000000038e9       0xa2 ../../build/sim/software/libc/libc.a(minimal__workspace_build_sim_software_include_.._picolibc_src_libc_stdio_fgetc.o)
 .debug_macro   0x000000000000398b      0x2b0 ../../build/sim/software/libc/libc.a(minimal__workspace_build_sim_software_include_.._picolibc_src_libc_stdio_fgetc.o)
 .debug_macro   0x0000000000003c3b       0x12 ../../build/sim/software/libc/libc.a(minimal__workspace_build_sim_software_include_.._picolibc_src_libc_stdio_fgetc.o)
 .debug_macro   0x0000000000003c4d       0x2e ../../build/sim/software/libc/libc.a(minimal__workspace_build_sim_software_include_.._picolibc_src_libc_stdio_fgetc.o)
 .debug_macro   0x0000000000003c7b       0xad ../../build/sim/software/libc/libc.a(minimal__workspace_build_sim_software_include_.._picolibc_src_libc_stdio_fgetc.o)
 .debug_macro   0x0000000000003d28      0x256 ../../build/sim/software/libc/libc.a(minimal__workspace_build_sim_software_include_.._picolibc_src_libc_stdio_fputc.o)
 .debug_macro   0x0000000000003f7e      0x24a ../../build/sim/software/libc/libc.a(minimal__workspace_build_sim_software_include_.._picolibc_src_libc_stdio_fputs.o)
 .debug_macro   0x00000000000041c8      0x24a ../../build/sim/software/libc/libc.a(minimal__workspace_build_sim_software_include_.._picolibc_src_libc_stdio_printf.o)
 .debug_macro   0x0000000000004412      0x24a ../../build/sim/software/libc/libc.a(minimal__workspace_build_sim_software_include_.._picolibc_src_libc_stdio_puts.o)
 .debug_macro   0x000000000000465c       0xec ../../build/sim/software/libc/libc.a(minimal__workspace_build_sim_software_include_.._picolibc_src_libc_machine_riscv_strlen.o)
 .debug_macro   0x0000000000004748      0x2dc ../../build/sim/software/libc/libc.a(minimal__workspace_build_sim_software_include_.._picolibc_src_libc_stdio_vfiprintf.o)
 .debug_macro   0x0000000000004a24       0x16 ../../build/sim/software/libc/libc.a(minimal__workspace_build_sim_software_include_.._picolibc_src_libc_stdio_vfiprintf.o)
 .debug_macro   0x0000000000004a3a       0x10 ../../build/sim/software/libc/libc.a(minimal__workspace_build_sim_software_include_.._picolibc_src_libc_stdio_vfiprintf.o)
 .debug_macro   0x0000000000004a4a      0x73e ../../build/sim/software/libc/libc.a(minimal__workspace_build_sim_software_include_.._picolibc_src_libc_stdio_vfiprintf.o)
 .debug_macro   0x0000000000005188       0x41 ../../build/sim/software/libc/libc.a(minimal__workspace_build_sim_software_include_.._picolibc_src_libc_stdio_vfiprintf.o)
 .debug_macro   0x00000000000051c9       0x82 ../../build/sim/software/libc/libc.a(minimal__workspace_build_sim_software_include_.._picolibc_src_libc_stdio_vfiprintf.o)
 .debug_macro   0x000000000000524b       0x18 ../../build/sim/software/libc/libc.a(minimal__workspace_build_sim_software_include_.._picolibc_src_libc_stdio_vfiprintf.o)
 .debug_macro   0x0000000000005263      0x14a ../../build/sim/software/libc/libc.a(_libc_minimal.a)
 .debug_macro   0x00000000000053ad       0x94 ../../build/sim/software/libc/libc.a(_libc_minimal.a)
 .debug_macro   0x0000000000005441       0xf6 ../../build/sim/software/libc/libc.a(_libc_minimal.a)
 .debug_macro   0x0000000000005537       0xe1 ../../build/sim/software/libcompiler_rt/libcompiler_rt.a(ctzsi2.o)
 .debug_macro   0x0000000000005618       0xdb ../../build/sim/software/libbase/libbase.a(console.o)
 .debug_macro   0x00000000000056f3       0xfc ../../build/sim/software/libbase/libbase.a(uart.o)
 .debug_macro   0x00000000000057ef      0x14d ../../build/sim/software/libbase/libbase.a(isr.o)

.debug_line     0x0000000000000000     0x4fae
 .debug_line    0x0000000000000000       0xb5 helloc.o
 .debug_line    0x00000000000000b5       0x4a add_asm.o
 .debug_line    0x00000000000000ff       0xbe add.o
 .debug_line    0x00000000000001bd      0x1ce crt0.o
 .debug_line    0x000000000000038b     0x1220 chacha20.o
 .debug_line    0x00000000000015ab      0x664 chacha20_blocks.o
 .debug_line    0x0000000000001c0f       0x9a chacha20_xor.o
 .debug_line    0x0000000000001ca9      0x5d8 main.o
 .debug_line    0x0000000000002281      0x197 ../../build/sim/software/libc/libc.a(minimal__workspace_build_sim_software_include_.._picolibc_src_libc_string_strchr.o)
 .debug_line    0x0000000000002418       0xfd ../../build/sim/software/libc/libc.a(minimal__workspace_build_sim_software_include_.._picolibc_src_libc_string_strnlen.o)
 .debug_line    0x0000000000002515      0x238 ../../build/sim/software/libc/libc.a(minimal__workspace_build_sim_software_include_.._picolibc_src_libc_stdio_fgetc.o)
 .debug_line    0x000000000000274d      0x1d6 ../../build/sim/software/libc/libc.a(minimal__workspace_build_sim_software_include_.._picolibc_src_libc_stdio_fputc.o)
 .debug_line    0x0000000000002923      0x23a ../../build/sim/software/libc/libc.a(minimal__workspace_build_sim_software_include_.._picolibc_src_libc_stdio_fputs.o)
 .debug_line    0x0000000000002b5d      0x1d2 ../../build/sim/software/libc/libc.a(minimal__workspace_build_sim_software_include_.._picolibc_src_libc_stdio_printf.o)
 .debug_line    0x0000000000002d2f      0x260 ../../build/sim/software/libc/libc.a(minimal__workspace_build_sim_software_include_.._picolibc_src_libc_stdio_puts.o)
 .debug_line    0x0000000000002f8f       0x7a ../../build/sim/software/libc/libc.a(minimal__workspace_build_sim_software_include_.._picolibc_src_libc_machine_riscv_memcpy-asm.o)
 .debug_line    0x0000000000003009       0x6e ../../build/sim/software/libc/libc.a(minimal__workspace_build_sim_software_include_.._picolibc_src_libc_machine_riscv_memset.o)
 .debug_line    0x0000000000003077       0x74 ../../build/sim/software/libc/libc.a(minimal__workspace_build_sim_software_include_.._picolibc_src_libc_machine_riscv_strcmp.o)
 .debug_line    0x00000000000030eb      0x11b ../../build/sim/software/libc/libc.a(minimal__workspace_build_sim_software_include_.._picolibc_src_libc_machine_riscv_strlen.o)
 .debug_line    0x0000000000003206      0xe5e ../../build/sim/software/libc/libc.a(minimal__workspace_build_sim_software_include_.._picolibc_src_libc_stdio_vfiprintf.o)
 .debug_line    0x0000000000004064      0x195 ../../build/sim/software/libc/libc.a(_libc_minimal.a)
 .debug_line    0x00000000000041f9      0x1f8 ../../build/sim/software/libcompiler_rt/libcompiler_rt.a(ctzsi2.o)
 .debug_line    0x00000000000043f1       0xe2 ../../build/sim/software/libbase/libbase.a(console.o)
 .debug_line    0x00000000000044d3      0x76f ../../build/sim/software/libbase/libbase.a(uart.o)
 .debug_line    0x0000000000004c42      0x36c ../../build/sim/software/libbase/libbase.a(isr.o)

.debug_str      0x0000000000000000    0x108da
 .debug_str     0x0000000000000000     0x52a0 helloc.o
                                       0x53d7 (size before relaxing)
 .debug_str     0x00000000000052a0       0x2d add_asm.o
 .debug_str     0x00000000000052cd        0x8 add.o
                                       0x53d1 (size before relaxing)
 .debug_str     0x00000000000052d5       0x36 crt0.o
                                         0x59 (size before relaxing)
 .debug_str     0x000000000000530b     0x1423 chacha20.o
                                       0x6934 (size before relaxing)
 .debug_str     0x000000000000672e       0x12 chacha20_blocks.o
                                         0x35 (size before relaxing)
 .debug_str     0x0000000000006740        0xf chacha20_xor.o
                                         0x32 (size before relaxing)
 .debug_str     0x000000000000674f     0x184b main.o
                                       0x7fc2 (size before relaxing)
 .debug_str     0x0000000000007f9a     0x1c28 ../../build/sim/software/libc/libc.a(minimal__workspace_build_sim_software_include_.._picolibc_src_libc_string_strchr.o)
                                       0x6de4 (size before relaxing)
 .debug_str     0x0000000000009bc2       0x1e ../../build/sim/software/libc/libc.a(minimal__workspace_build_sim_software_include_.._picolibc_src_libc_string_strnlen.o)
                                       0x43a4 (size before relaxing)
 .debug_str     0x0000000000009be0     0x3d88 ../../build/sim/software/libc/libc.a(minimal__workspace_build_sim_software_include_.._picolibc_src_libc_stdio_fgetc.o)
                                       0xae8c (size before relaxing)
 .debug_str     0x000000000000d968        0xe ../../build/sim/software/libc/libc.a(minimal__workspace_build_sim_software_include_.._picolibc_src_libc_stdio_fputc.o)
                                       0xae6f (size before relaxing)
 .debug_str     0x000000000000d976       0x1f ../../build/sim/software/libc/libc.a(minimal__workspace_build_sim_software_include_.._picolibc_src_libc_stdio_fputs.o)
                                       0xae81 (size before relaxing)
 .debug_str     0x000000000000d995       0x21 ../../build/sim/software/libc/libc.a(minimal__workspace_build_sim_software_include_.._picolibc_src_libc_stdio_printf.o)
                                       0xae95 (size before relaxing)
 .debug_str     0x000000000000d9b6        0xa ../../build/sim/software/libc/libc.a(minimal__workspace_build_sim_software_include_.._picolibc_src_libc_stdio_puts.o)
                                       0xae8a (size before relaxing)
 .debug_str     0x000000000000d9c0       0x79 ../../build/sim/software/libc/libc.a(minimal__workspace_build_sim_software_include_.._picolibc_src_libc_machine_riscv_memcpy-asm.o)
                                         0x85 (size before relaxing)
 .debug_str     0x000000000000da39       0x52 ../../build/sim/software/libc/libc.a(minimal__workspace_build_sim_software_include_.._picolibc_src_libc_machine_riscv_memset.o)
                                         0x81 (size before relaxing)
 .debug_str     0x000000000000da8b       0x52 ../../build/sim/software/libc/libc.a(minimal__workspace_build_sim_software_include_.._picolibc_src_libc_machine_riscv_strcmp.o)
                                         0x81 (size before relaxing)
 .debug_str     0x000000000000dadd       0x1a ../../build/sim/software/libc/libc.a(minimal__workspace_build_sim_software_include_.._picolibc_src_libc_machine_riscv_strlen.o)
                                       0x4efe (size before relaxing)
 .debug_str     0x000000000000daf7     0x2794 ../../build/sim/software/libc/libc.a(minimal__workspace_build_sim_software_include_.._picolibc_src_libc_stdio_vfiprintf.o)
                                       0xdebf (size before relaxing)
 .debug_str     0x000000000001028b       0x7f ../../build/sim/software/libc/libc.a(_libc_minimal.a)
                                       0x755d (size before relaxing)
 .debug_str     0x000000000001030a      0x3bd ../../build/sim/software/libcompiler_rt/libcompiler_rt.a(ctzsi2.o)
                                       0x5ce8 (size before relaxing)
 .debug_str     0x00000000000106c7     0x6301 ../../build/sim/software/libbase/libbase.a(console.o)
 .debug_str     0x00000000000106c7      0x1ed ../../build/sim/software/libbase/libbase.a(uart.o)
                                       0x6511 (size before relaxing)
 .debug_str     0x00000000000108b4       0x26 ../../build/sim/software/libbase/libbase.a(isr.o)
                                       0x750d (size before relaxing)

.debug_line_str
                0x0000000000000000      0xca9
 .debug_line_str
                0x0000000000000000      0x268 helloc.o
                                        0x2b4 (size before relaxing)
 .debug_line_str
                0x0000000000000268        0xa add_asm.o
                                         0x2b (size before relaxing)
 .debug_line_str
                0x0000000000000272        0x6 add.o
                                        0x2ab (size before relaxing)
 .debug_line_str
                0x0000000000000278       0x36 crt0.o
                                         0x54 (size before relaxing)
 .debug_line_str
                0x00000000000002ae       0x47 chacha20.o
                                        0x31b (size before relaxing)
 .debug_line_str
                0x00000000000002f5       0x12 chacha20_blocks.o
                                         0x3b (size before relaxing)
 .debug_line_str
                0x0000000000000307        0xf chacha20_xor.o
                                         0x35 (size before relaxing)
 .debug_line_str
                0x0000000000000316      0x11b main.o
                                        0x468 (size before relaxing)
 .debug_line_str
                0x0000000000000431      0x1c8 ../../build/sim/software/libc/libc.a(minimal__workspace_build_sim_software_include_.._picolibc_src_libc_string_strchr.o)
                                        0x463 (size before relaxing)
 .debug_line_str
                0x00000000000005f9       0x4c ../../build/sim/software/libc/libc.a(minimal__workspace_build_sim_software_include_.._picolibc_src_libc_string_strnlen.o)
                                        0x2c9 (size before relaxing)
 .debug_line_str
                0x0000000000000645       0xd3 ../../build/sim/software/libc/libc.a(minimal__workspace_build_sim_software_include_.._picolibc_src_libc_stdio_fgetc.o)
                                        0x437 (size before relaxing)
 .debug_line_str
                0x0000000000000718       0x49 ../../build/sim/software/libc/libc.a(minimal__workspace_build_sim_software_include_.._picolibc_src_libc_stdio_fputc.o)
                                        0x437 (size before relaxing)
 .debug_line_str
                0x0000000000000761       0x49 ../../build/sim/software/libc/libc.a(minimal__workspace_build_sim_software_include_.._picolibc_src_libc_stdio_fputs.o)
                                        0x437 (size before relaxing)
 .debug_line_str
                0x00000000000007aa       0x4a ../../build/sim/software/libc/libc.a(minimal__workspace_build_sim_software_include_.._picolibc_src_libc_stdio_printf.o)
                                        0x43a (size before relaxing)
 .debug_line_str
                0x00000000000007f4       0x48 ../../build/sim/software/libc/libc.a(minimal__workspace_build_sim_software_include_.._picolibc_src_libc_stdio_puts.o)
                                        0x434 (size before relaxing)
 .debug_line_str
                0x000000000000083c       0x56 ../../build/sim/software/libc/libc.a(minimal__workspace_build_sim_software_include_.._picolibc_src_libc_machine_riscv_memcpy-asm.o)
                                         0x86 (size before relaxing)
 .debug_line_str
                0x0000000000000892        0x9 ../../build/sim/software/libc/libc.a(minimal__workspace_build_sim_software_include_.._picolibc_src_libc_machine_riscv_memset.o)
                                         0x7e (size before relaxing)
 .debug_line_str
                0x000000000000089b        0x9 ../../build/sim/software/libc/libc.a(minimal__workspace_build_sim_software_include_.._picolibc_src_libc_machine_riscv_strcmp.o)
                                         0x7e (size before relaxing)
 .debug_line_str
                0x00000000000008a4       0x68 ../../build/sim/software/libc/libc.a(minimal__workspace_build_sim_software_include_.._picolibc_src_libc_machine_riscv_strlen.o)
                                        0x311 (size before relaxing)
 .debug_line_str
                0x000000000000090c      0x159 ../../build/sim/software/libc/libc.a(minimal__workspace_build_sim_software_include_.._picolibc_src_libc_stdio_vfiprintf.o)
                                        0x5ba (size before relaxing)
 .debug_line_str
                0x0000000000000a65       0x5c ../../build/sim/software/libc/libc.a(_libc_minimal.a)
                                        0x466 (size before relaxing)
 .debug_line_str
                0x0000000000000ac1      0x124 ../../build/sim/software/libcompiler_rt/libcompiler_rt.a(ctzsi2.o)
                                        0x37e (size before relaxing)
 .debug_line_str
                0x0000000000000be5       0x5d ../../build/sim/software/libbase/libbase.a(console.o)
                                        0x3b7 (size before relaxing)
 .debug_line_str
                0x0000000000000c42       0x34 ../../build/sim/software/libbase/libbase.a(uart.o)
                                        0x3b0 (size before relaxing)
 .debug_line_str
                0x0000000000000c76       0x33 ../../build/sim/software/libbase/libbase.a(isr.o)
                                        0x441 (size before relaxing)

.comment        0x0000000000000000       0x2b
 .comment       0x0000000000000000       0x2b helloc.o
                                         0x2c (size before relaxing)
 .comment       0x000000000000002b       0x2c add.o
 .comment       0x000000000000002b       0x2c chacha20.o
 .comment       0x000000000000002b       0x2c main.o
 .comment       0x000000000000002b       0x2c ../../build/sim/software/libc/libc.a(minimal__workspace_build_sim_software_include_.._picolibc_src_libc_string_strchr.o)
 .comment       0x000000000000002b       0x2c ../../build/sim/software/libc/libc.a(minimal__workspace_build_sim_software_include_.._picolibc_src_libc_string_strnlen.o)
 .comment       0x000000000000002b       0x2c ../../build/sim/software/libc/libc.a(minimal__workspace_build_sim_software_include_.._picolibc_src_libc_stdio_fgetc.o)
 .comment       0x000000000000002b       0x2c ../../build/sim/software/libc/libc.a(minimal__workspace_build_sim_software_include_.._picolibc_src_libc_stdio_fputc.o)
 .comment       0x000000000000002b       0x2c ../../build/sim/software/libc/libc.a(minimal__workspace_build_sim_software_include_.._picolibc_src_libc_stdio_fputs.o)
 .comment       0x000000000000002b       0x2c ../../build/sim/software/libc/libc.a(minimal__workspace_build_sim_software_include_.._picolibc_src_libc_stdio_printf.o)
 .comment       0x000000000000002b       0x2c ../../build/sim/software/libc/libc.a(minimal__workspace_build_sim_software_include_.._picolibc_src_libc_stdio_puts.o)
 .comment       0x000000000000002b       0x2c ../../build/sim/software/libc/libc.a(minimal__workspace_build_sim_software_include_.._picolibc_src_libc_machine_riscv_strlen.o)
 .comment       0x000000000000002b       0x2c ../../build/sim/software/libc/libc.a(minimal__workspace_build_sim_software_include_.._picolibc_src_libc_stdio_vfiprintf.o)
 .comment       0x000000000000002b       0x2c ../../build/sim/software/libc/libc.a(_libc_minimal.a)
 .comment       0x000000000000002b       0x2c ../../build/sim/software/libcompiler_rt/libcompiler_rt.a(ctzsi2.o)
 .comment       0x000000000000002b       0x2c ../../build/sim/software/libbase/libbase.a(console.o)
 .comment       0x000000000000002b       0x2c ../../build/sim/software/libbase/libbase.a(uart.o)
 .comment       0x000000000000002b       0x2c ../../build/sim/software/libbase/libbase.a(isr.o)

.note.GNU-stack
                0x0000000000000000        0x0
 .note.GNU-stack
                0x0000000000000000        0x0 helloc.o
 .note.GNU-stack
                0x0000000000000000        0x0 add.o
 .note.GNU-stack
                0x0000000000000000        0x0 chacha20.o
 .note.GNU-stack
                0x0000000000000000        0x0 main.o
 .note.GNU-stack
                0x0000000000000000        0x0 ../../build/sim/software/libc/libc.a(minimal__workspace_build_sim_software_include_.._picolibc_src_libc_string_strchr.o)
 .note.GNU-stack
                0x0000000000000000        0x0 ../../build/sim/software/libc/libc.a(minimal__workspace_build_sim_software_include_.._picolibc_src_libc_string_strnlen.o)
 .note.GNU-stack
                0x0000000000000000        0x0 ../../build/sim/software/libc/libc.a(minimal__workspace_build_sim_software_include_.._picolibc_src_libc_stdio_fgetc.o)
 .note.GNU-stack
                0x0000000000000000        0x0 ../../build/sim/software/libc/libc.a(minimal__workspace_build_sim_software_include_.._picolibc_src_libc_stdio_fputc.o)
 .note.GNU-stack
                0x0000000000000000        0x0 ../../build/sim/software/libc/libc.a(minimal__workspace_build_sim_software_include_.._picolibc_src_libc_stdio_fputs.o)
 .note.GNU-stack
                0x0000000000000000        0x0 ../../build/sim/software/libc/libc.a(minimal__workspace_build_sim_software_include_.._picolibc_src_libc_stdio_printf.o)
 .note.GNU-stack
                0x0000000000000000        0x0 ../../build/sim/software/libc/libc.a(minimal__workspace_build_sim_software_include_.._picolibc_src_libc_stdio_puts.o)
 .note.GNU-stack
                0x0000000000000000        0x0 ../../build/sim/software/libc/libc.a(minimal__workspace_build_sim_software_include_.._picolibc_src_libc_machine_riscv_strlen.o)
 .note.GNU-stack
                0x0000000000000000        0x0 ../../build/sim/software/libc/libc.a(minimal__workspace_build_sim_software_include_.._picolibc_src_libc_stdio_vfiprintf.o)
 .note.GNU-stack
                0x0000000000000000        0x0 ../../build/sim/software/libc/libc.a(_libc_minimal.a)
 .note.GNU-stack
                0x0000000000000000        0x0 ../../build/sim/software/libcompiler_rt/libcompiler_rt.a(ctzsi2.o)
 .note.GNU-stack
                0x0000000000000000        0x0 ../../build/sim/software/libbase/libbase.a(console.o)
 .note.GNU-stack
                0x0000000000000000        0x0 ../../build/sim/software/libbase/libbase.a(uart.o)
 .note.GNU-stack
                0x0000000000000000        0x0 ../../build/sim/software/libbase/libbase.a(isr.o)

.riscv.attributes
                0x0000000000000000       0x23
 .riscv.attributes
                0x0000000000000000       0x1f helloc.o
 .riscv.attributes
                0x000000000000001f       0x1f add_asm.o
 .riscv.attributes
                0x000000000000003e       0x1f add.o
 .riscv.attributes
                0x000000000000005d       0x23 crt0.o
 .riscv.attributes
                0x0000000000000080       0x1f chacha20.o
 .riscv.attributes
                0x000000000000009f       0x1f chacha20_blocks.o
 .riscv.attributes
                0x00000000000000be       0x1f chacha20_xor.o
 .riscv.attributes
                0x00000000000000dd       0x23 main.o
 .riscv.attributes
                0x0000000000000100       0x1f ../../build/sim/software/libc/libc.a(minimal__workspace_build_sim_software_include_.._picolibc_src_libc_string_strchr.o)
 .riscv.attributes
                0x000000000000011f       0x1f ../../build/sim/software/libc/libc.a(minimal__workspace_build_sim_software_include_.._picolibc_src_libc_string_strnlen.o)
 .riscv.attributes
                0x000000000000013e       0x1f ../../build/sim/software/libc/libc.a(minimal__workspace_build_sim_software_include_.._picolibc_src_libc_stdio_fgetc.o)
 .riscv.attributes
                0x000000000000015d       0x1f ../../build/sim/software/libc/libc.a(minimal__workspace_build_sim_software_include_.._picolibc_src_libc_stdio_fputc.o)
 .riscv.attributes
                0x000000000000017c       0x1f ../../build/sim/software/libc/libc.a(minimal__workspace_build_sim_software_include_.._picolibc_src_libc_stdio_fputs.o)
 .riscv.attributes
                0x000000000000019b       0x1f ../../build/sim/software/libc/libc.a(minimal__workspace_build_sim_software_include_.._picolibc_src_libc_stdio_printf.o)
 .riscv.attributes
                0x00000000000001ba       0x1f ../../build/sim/software/libc/libc.a(minimal__workspace_build_sim_software_include_.._picolibc_src_libc_stdio_puts.o)
 .riscv.attributes
                0x00000000000001d9       0x1f ../../build/sim/software/libc/libc.a(minimal__workspace_build_sim_software_include_.._picolibc_src_libc_machine_riscv_memcpy-asm.o)
 .riscv.attributes
                0x00000000000001f8       0x1f ../../build/sim/software/libc/libc.a(minimal__workspace_build_sim_software_include_.._picolibc_src_libc_machine_riscv_memset.o)
 .riscv.attributes
                0x0000000000000217       0x1f ../../build/sim/software/libc/libc.a(minimal__workspace_build_sim_software_include_.._picolibc_src_libc_machine_riscv_strcmp.o)
 .riscv.attributes
                0x0000000000000236       0x1f ../../build/sim/software/libc/libc.a(minimal__workspace_build_sim_software_include_.._picolibc_src_libc_machine_riscv_strlen.o)
 .riscv.attributes
                0x0000000000000255       0x1f ../../build/sim/software/libc/libc.a(minimal__workspace_build_sim_software_include_.._picolibc_src_libc_stdio_vfiprintf.o)
 .riscv.attributes
                0x0000000000000274       0x1f ../../build/sim/software/libc/libc.a(_libc_minimal.a)
 .riscv.attributes
                0x0000000000000293       0x1f ../../build/sim/software/libcompiler_rt/libcompiler_rt.a(ctzsi2.o)
 .riscv.attributes
                0x00000000000002b2       0x1f ../../build/sim/software/libbase/libbase.a(console.o)
 .riscv.attributes
                0x00000000000002d1       0x23 ../../build/sim/software/libbase/libbase.a(uart.o)
 .riscv.attributes
                0x00000000000002f4       0x23 ../../build/sim/software/libbase/libbase.a(isr.o)

.debug_loclists
                0x0000000000000000     0x1764
 .debug_loclists
                0x0000000000000000       0x40 add.o
 .debug_loclists
                0x0000000000000040      0x4c5 chacha20.o
 .debug_loclists
                0x0000000000000505      0x11e main.o
 .debug_loclists
                0x0000000000000623       0x4c ../../build/sim/software/libc/libc.a(minimal__workspace_build_sim_software_include_.._picolibc_src_libc_string_strchr.o)
 .debug_loclists
                0x000000000000066f       0xb6 ../../build/sim/software/libc/libc.a(minimal__workspace_build_sim_software_include_.._picolibc_src_libc_string_strnlen.o)
 .debug_loclists
                0x0000000000000725       0x9b ../../build/sim/software/libc/libc.a(minimal__workspace_build_sim_software_include_.._picolibc_src_libc_stdio_fgetc.o)
 .debug_loclists
                0x00000000000007c0       0x7a ../../build/sim/software/libc/libc.a(minimal__workspace_build_sim_software_include_.._picolibc_src_libc_stdio_fputc.o)
 .debug_loclists
                0x000000000000083a       0x84 ../../build/sim/software/libc/libc.a(minimal__workspace_build_sim_software_include_.._picolibc_src_libc_stdio_fputs.o)
 .debug_loclists
                0x00000000000008be       0x31 ../../build/sim/software/libc/libc.a(minimal__workspace_build_sim_software_include_.._picolibc_src_libc_stdio_printf.o)
 .debug_loclists
                0x00000000000008ef       0x7f ../../build/sim/software/libc/libc.a(minimal__workspace_build_sim_software_include_.._picolibc_src_libc_stdio_puts.o)
 .debug_loclists
                0x000000000000096e       0x3d ../../build/sim/software/libc/libc.a(minimal__workspace_build_sim_software_include_.._picolibc_src_libc_machine_riscv_strlen.o)
 .debug_loclists
                0x00000000000009ab      0x76d ../../build/sim/software/libc/libc.a(minimal__workspace_build_sim_software_include_.._picolibc_src_libc_stdio_vfiprintf.o)
 .debug_loclists
                0x0000000000001118       0x5a ../../build/sim/software/libc/libc.a(_libc_minimal.a)
 .debug_loclists
                0x0000000000001172      0x2da ../../build/sim/software/libcompiler_rt/libcompiler_rt.a(ctzsi2.o)
 .debug_loclists
                0x000000000000144c      0x211 ../../build/sim/software/libbase/libbase.a(uart.o)
 .debug_loclists
                0x000000000000165d      0x107 ../../build/sim/software/libbase/libbase.a(isr.o)

.debug_rnglists
                0x0000000000000000      0x333
 .debug_rnglists
                0x0000000000000000       0x7d chacha20.o
 .debug_rnglists
                0x000000000000007d       0xa1 main.o
 .debug_rnglists
                0x000000000000011e       0xeb ../../build/sim/software/libc/libc.a(minimal__workspace_build_sim_software_include_.._picolibc_src_libc_stdio_vfiprintf.o)
 .debug_rnglists
                0x0000000000000209       0xb6 ../../build/sim/software/libbase/libbase.a(uart.o)
 .debug_rnglists
                0x00000000000002bf       0x74 ../../build/sim/software/libbase/libbase.a(isr.o)
